/media/xiucong/3A7D61EB7DF8AB6B/Ubuntu_Proj/ARM_Proj/AIAssistant_Proj/LVGL/LVGL_src/draw/sw/../../misc/lv_color.h:374:24:lv_color_to32	16	static
/media/xiucong/3A7D61EB7DF8AB6B/Ubuntu_Proj/ARM_Proj/AIAssistant_Proj/LVGL/LVGL_src/draw/sw/lv_draw_sw_gradient.c:109:17:find_oldest_item_life	0	static
/media/xiucong/3A7D61EB7DF8AB6B/Ubuntu_Proj/ARM_Proj/AIAssistant_Proj/LVGL/LVGL_src/draw/sw/lv_draw_sw_gradient.c:150:17:find_item	0	static
/media/xiucong/3A7D61EB7DF8AB6B/Ubuntu_Proj/ARM_Proj/AIAssistant_Proj/LVGL/LVGL_src/draw/sw/lv_draw_sw_gradient.c:96:17:iterate_cache	40	static
/media/xiucong/3A7D61EB7DF8AB6B/Ubuntu_Proj/ARM_Proj/AIAssistant_Proj/LVGL/LVGL_src/draw/sw/lv_draw_sw_gradient.c:139:17:kill_oldest_item	32	static
/media/xiucong/3A7D61EB7DF8AB6B/Ubuntu_Proj/ARM_Proj/AIAssistant_Proj/LVGL/LVGL_src/draw/sw/lv_draw_sw_gradient.c:233:6:lv_gradient_free_cache	8	static
/media/xiucong/3A7D61EB7DF8AB6B/Ubuntu_Proj/ARM_Proj/AIAssistant_Proj/LVGL/LVGL_src/draw/sw/lv_draw_sw_gradient.c:240:6:lv_gradient_set_cache_size	16	static
/media/xiucong/3A7D61EB7DF8AB6B/Ubuntu_Proj/ARM_Proj/AIAssistant_Proj/LVGL/LVGL_src/draw/sw/lv_draw_sw_gradient.c:294:39:lv_gradient_calculate	24	static
/media/xiucong/3A7D61EB7DF8AB6B/Ubuntu_Proj/ARM_Proj/AIAssistant_Proj/LVGL/LVGL_src/draw/sw/lv_draw_sw_gradient.c:249:13:lv_gradient_get	64	static
/media/xiucong/3A7D61EB7DF8AB6B/Ubuntu_Proj/ARM_Proj/AIAssistant_Proj/LVGL/LVGL_src/draw/sw/lv_draw_sw_gradient.c:339:6:lv_gradient_cleanup	0	static
