/media/xiucong/3A7D61EB7DF8AB6B/Ubuntu_Proj/ARM_Proj/AIAssistant_Proj/LVGL/LVGL_src/misc/lv_anim_timeline.c:194:13:lv_anim_timeline_virtual_exec_cb	0	static
/media/xiucong/3A7D61EB7DF8AB6B/Ubuntu_Proj/ARM_Proj/AIAssistant_Proj/LVGL/LVGL_src/misc/lv_anim_timeline.c:51:22:lv_anim_timeline_create	8	static
/media/xiucong/3A7D61EB7DF8AB6B/Ubuntu_Proj/ARM_Proj/AIAssistant_Proj/LVGL/LVGL_src/misc/lv_anim_timeline.c:72:6:lv_anim_timeline_add	32	static
/media/xiucong/3A7D61EB7DF8AB6B/Ubuntu_Proj/ARM_Proj/AIAssistant_Proj/LVGL/LVGL_src/misc/lv_anim_timeline.c:118:6:lv_anim_timeline_stop	16	static
/media/xiucong/3A7D61EB7DF8AB6B/Ubuntu_Proj/ARM_Proj/AIAssistant_Proj/LVGL/LVGL_src/misc/lv_anim_timeline.c:62:6:lv_anim_timeline_del	8	static
/media/xiucong/3A7D61EB7DF8AB6B/Ubuntu_Proj/ARM_Proj/AIAssistant_Proj/LVGL/LVGL_src/misc/lv_anim_timeline.c:128:6:lv_anim_timeline_set_reverse	0	static
/media/xiucong/3A7D61EB7DF8AB6B/Ubuntu_Proj/ARM_Proj/AIAssistant_Proj/LVGL/LVGL_src/misc/lv_anim_timeline.c:166:10:lv_anim_timeline_get_playtime	24	static
/media/xiucong/3A7D61EB7DF8AB6B/Ubuntu_Proj/ARM_Proj/AIAssistant_Proj/LVGL/LVGL_src/misc/lv_anim_timeline.c:91:10:lv_anim_timeline_start	104	static
/media/xiucong/3A7D61EB7DF8AB6B/Ubuntu_Proj/ARM_Proj/AIAssistant_Proj/LVGL/LVGL_src/misc/lv_anim_timeline.c:134:6:lv_anim_timeline_set_progress	32	static
/media/xiucong/3A7D61EB7DF8AB6B/Ubuntu_Proj/ARM_Proj/AIAssistant_Proj/LVGL/LVGL_src/misc/lv_anim_timeline.c:184:6:lv_anim_timeline_get_reverse	0	static
