Archive member included to satisfy reference by file (symbol)

/home/xiucong/ToolChains/STM32Clt/GNU-tools-for-STM32/bin/../lib/gcc/arm-none-eabi/14.3.1/thumb/v7e-m+fp/hard/libgcc.a(_aeabi_ldivmod.o)
                              CMakeFiles/AIAssistant_Proj.dir/Firmware/src/bsp_nt35510.c.obj (__aeabi_ldivmod)
/home/xiucong/ToolChains/STM32Clt/GNU-tools-for-STM32/bin/../lib/gcc/arm-none-eabi/14.3.1/thumb/v7e-m+fp/hard/libgcc.a(_aeabi_uldivmod.o)
                              cmake/stm32cubemx/CMakeFiles/STM32_Drivers.dir/__/__/Drivers/STM32F4xx_HAL_Driver/Src/stm32f4xx_hal_rcc.c.obj (__aeabi_uldivmod)
/home/xiucong/ToolChains/STM32Clt/GNU-tools-for-STM32/bin/../lib/gcc/arm-none-eabi/14.3.1/thumb/v7e-m+fp/hard/libgcc.a(_udivmoddi4.o)
                              /home/xiucong/ToolChains/STM32Clt/GNU-tools-for-STM32/bin/../lib/gcc/arm-none-eabi/14.3.1/thumb/v7e-m+fp/hard/libgcc.a(_aeabi_ldivmod.o) (__udivmoddi4)
/home/xiucong/ToolChains/STM32Clt/GNU-tools-for-STM32/bin/../lib/gcc/arm-none-eabi/14.3.1/thumb/v7e-m+fp/hard/libgcc.a(_dvmd_tls.o)
                              /home/xiucong/ToolChains/STM32Clt/GNU-tools-for-STM32/bin/../lib/gcc/arm-none-eabi/14.3.1/thumb/v7e-m+fp/hard/libgcc.a(_aeabi_ldivmod.o) (__aeabi_ldiv0)
/home/xiucong/ToolChains/STM32Clt/GNU-tools-for-STM32/bin/../lib/gcc/arm-none-eabi/14.3.1/../../../../arm-none-eabi/lib/thumb/v7e-m+fp/hard/libg_nano.a(libc_a-exit.o)
                              /home/xiucong/ToolChains/STM32Clt/GNU-tools-for-STM32/bin/../lib/gcc/arm-none-eabi/14.3.1/../../../../arm-none-eabi/lib/thumb/v7e-m+fp/hard/crt0.o (exit)
/home/xiucong/ToolChains/STM32Clt/GNU-tools-for-STM32/bin/../lib/gcc/arm-none-eabi/14.3.1/../../../../arm-none-eabi/lib/thumb/v7e-m+fp/hard/libg_nano.a(libc_a-findfp.o)
                              /home/xiucong/ToolChains/STM32Clt/GNU-tools-for-STM32/bin/../lib/gcc/arm-none-eabi/14.3.1/../../../../arm-none-eabi/lib/thumb/v7e-m+fp/hard/libg_nano.a(libc_a-exit.o) (__stdio_exit_handler)
/home/xiucong/ToolChains/STM32Clt/GNU-tools-for-STM32/bin/../lib/gcc/arm-none-eabi/14.3.1/../../../../arm-none-eabi/lib/thumb/v7e-m+fp/hard/libg_nano.a(libc_a-fwalk.o)
                              /home/xiucong/ToolChains/STM32Clt/GNU-tools-for-STM32/bin/../lib/gcc/arm-none-eabi/14.3.1/../../../../arm-none-eabi/lib/thumb/v7e-m+fp/hard/libg_nano.a(libc_a-findfp.o) (_fwalk_sglue)
/home/xiucong/ToolChains/STM32Clt/GNU-tools-for-STM32/bin/../lib/gcc/arm-none-eabi/14.3.1/../../../../arm-none-eabi/lib/thumb/v7e-m+fp/hard/libg_nano.a(libc_a-stdio.o)
                              /home/xiucong/ToolChains/STM32Clt/GNU-tools-for-STM32/bin/../lib/gcc/arm-none-eabi/14.3.1/../../../../arm-none-eabi/lib/thumb/v7e-m+fp/hard/libg_nano.a(libc_a-findfp.o) (__sread)
/home/xiucong/ToolChains/STM32Clt/GNU-tools-for-STM32/bin/../lib/gcc/arm-none-eabi/14.3.1/../../../../arm-none-eabi/lib/thumb/v7e-m+fp/hard/libg_nano.a(libc_a-memcmp.o)
                              LVGL/CMakeFiles/lvgl.dir/LVGL_src/font/lv_font_loader.c.obj (memcmp)
/home/xiucong/ToolChains/STM32Clt/GNU-tools-for-STM32/bin/../lib/gcc/arm-none-eabi/14.3.1/../../../../arm-none-eabi/lib/thumb/v7e-m+fp/hard/libg_nano.a(libc_a-memmove.o)
                              LVGL/CMakeFiles/lvgl.dir/LVGL_src/extra/libs/qrcode/qrcodegen.c.obj (memmove)
/home/xiucong/ToolChains/STM32Clt/GNU-tools-for-STM32/bin/../lib/gcc/arm-none-eabi/14.3.1/../../../../arm-none-eabi/lib/thumb/v7e-m+fp/hard/libg_nano.a(libc_a-memset.o)
                              /home/xiucong/ToolChains/STM32Clt/GNU-tools-for-STM32/bin/../lib/gcc/arm-none-eabi/14.3.1/../../../../arm-none-eabi/lib/thumb/v7e-m+fp/hard/crt0.o (memset)
/home/xiucong/ToolChains/STM32Clt/GNU-tools-for-STM32/bin/../lib/gcc/arm-none-eabi/14.3.1/../../../../arm-none-eabi/lib/thumb/v7e-m+fp/hard/libg_nano.a(libc_a-strcat.o)
                              LVGL/CMakeFiles/lvgl.dir/LVGL_src/widgets/lv_dropdown.c.obj (strcat)
/home/xiucong/ToolChains/STM32Clt/GNU-tools-for-STM32/bin/../lib/gcc/arm-none-eabi/14.3.1/../../../../arm-none-eabi/lib/thumb/v7e-m+fp/hard/libg_nano.a(libc_a-strchr.o)
                              LVGL/CMakeFiles/lvgl.dir/LVGL_src/extra/libs/qrcode/qrcodegen.c.obj (strchr)
/home/xiucong/ToolChains/STM32Clt/GNU-tools-for-STM32/bin/../lib/gcc/arm-none-eabi/14.3.1/../../../../arm-none-eabi/lib/thumb/v7e-m+fp/hard/libg_nano.a(libc_a-strncmp.o)
                              CMakeFiles/AIAssistant_Proj.dir/Firmware/src/bsp_gt1151.c.obj (strncmp)
/home/xiucong/ToolChains/STM32Clt/GNU-tools-for-STM32/bin/../lib/gcc/arm-none-eabi/14.3.1/../../../../arm-none-eabi/lib/thumb/v7e-m+fp/hard/libg_nano.a(libc_a-closer.o)
                              /home/xiucong/ToolChains/STM32Clt/GNU-tools-for-STM32/bin/../lib/gcc/arm-none-eabi/14.3.1/../../../../arm-none-eabi/lib/thumb/v7e-m+fp/hard/libg_nano.a(libc_a-stdio.o) (_close_r)
[...]
Memory Configuration

Name             Origin             Length             Attributes
RAM              0x20000000         0x00020000         xrw
CCMRAM           0x10000000         0x00010000         xrw
FLASH            0x08000000         0x00100000         xr
EXTSRAM          0x68000000         0x00100000         xrw
*default*        0x00000000         0xffffffff

Linker script and memory map

LOAD /home/xiucong/ToolChains/STM32Clt/GNU-tools-for-STM32/bin/../lib/gcc/arm-none-eabi/14.3.1/thumb/v7e-m+fp/hard/crti.o
LOAD /home/xiucong/ToolChains/STM32Clt/GNU-tools-for-STM32/bin/../lib/gcc/arm-none-eabi/14.3.1/thumb/v7e-m+fp/hard/crtbegin.o
LOAD /home/xiucong/ToolChains/STM32Clt/GNU-tools-for-STM32/bin/../lib/gcc/arm-none-eabi/14.3.1/../../../../arm-none-eabi/lib/thumb/v7e-m+fp/hard/crt0.o
LOAD cmake/stm32cubemx/CMakeFiles/STM32_Drivers.dir/__/__/Core/Src/system_stm32f4xx.c.obj
LOAD cmake/stm32cubemx/CMakeFiles/STM32_Drivers.dir/__/__/Drivers/STM32F4xx_HAL_Driver/Src/stm32f4xx_hal_tim.c.obj
LOAD cmake/stm32cubemx/CMakeFiles/STM32_Drivers.dir/__/__/Drivers/STM32F4xx_HAL_Driver/Src/stm32f4xx_hal_tim_ex.c.obj
LOAD cmake/stm32cubemx/CMakeFiles/STM32_Drivers.dir/__/__/Drivers/STM32F4xx_HAL_Driver/Src/stm32f4xx_hal_rcc.c.obj
LOAD cmake/stm32cubemx/CMakeFiles/STM32_Drivers.dir/__/__/Drivers/STM32F4xx_HAL_Driver/Src/stm32f4xx_hal_rcc_ex.c.obj
LOAD cmake/stm32cubemx/CMakeFiles/STM32_Drivers.dir/__/__/Drivers/STM32F4xx_HAL_Driver/Src/stm32f4xx_hal_flash.c.obj
LOAD cmake/stm32cubemx/CMakeFiles/STM32_Drivers.dir/__/__/Drivers/STM32F4xx_HAL_Driver/Src/stm32f4xx_hal_flash_ex.c.obj
LOAD cmake/stm32cubemx/CMakeFiles/STM32_Drivers.dir/__/__/Drivers/STM32F4xx_HAL_Driver/Src/stm32f4xx_hal_flash_ramfunc.c.obj
LOAD cmake/stm32cubemx/CMakeFiles/STM32_Drivers.dir/__/__/Drivers/STM32F4xx_HAL_Driver/Src/stm32f4xx_hal_gpio.c.obj
LOAD cmake/stm32cubemx/CMakeFiles/STM32_Drivers.dir/__/__/Drivers/STM32F4xx_HAL_Driver/Src/stm32f4xx_hal_dma_ex.c.obj
LOAD cmake/stm32cubemx/CMakeFiles/STM32_Drivers.dir/__/__/Drivers/STM32F4xx_HAL_Driver/Src/stm32f4xx_hal_dma.c.obj
LOAD cmake/stm32cubemx/CMakeFiles/STM32_Drivers.dir/__/__/Drivers/STM32F4xx_HAL_Driver/Src/stm32f4xx_hal_pwr.c.obj
LOAD cmake/stm32cubemx/CMakeFiles/STM32_Drivers.dir/__/__/Drivers/STM32F4xx_HAL_Driver/Src/stm32f4xx_hal_pwr_ex.c.obj
LOAD cmake/stm32cubemx/CMakeFiles/STM32_Drivers.dir/__/__/Drivers/STM32F4xx_HAL_Driver/Src/stm32f4xx_hal_cortex.c.obj
LOAD cmake/stm32cubemx/CMakeFiles/STM32_Drivers.dir/__/__/Drivers/STM32F4xx_HAL_Driver/Src/stm32f4xx_hal.c.obj
LOAD cmake/stm32cubemx/CMakeFiles/STM32_Drivers.dir/__/__/Drivers/STM32F4xx_HAL_Driver/Src/stm32f4xx_hal_exti.c.obj
LOAD cmake/stm32cubemx/CMakeFiles/STM32_Drivers.dir/__/__/Drivers/STM32F4xx_HAL_Driver/Src/stm32f4xx_ll_fsmc.c.obj
LOAD cmake/stm32cubemx/CMakeFiles/STM32_Drivers.dir/__/__/Drivers/STM32F4xx_HAL_Driver/Src/stm32f4xx_hal_nor.c.obj
LOAD cmake/stm32cubemx/CMakeFiles/STM32_Drivers.dir/__/__/Drivers/STM32F4xx_HAL_Driver/Src/stm32f4xx_hal_sram.c.obj
LOAD cmake/stm32cubemx/CMakeFiles/STM32_Drivers.dir/__/__/Drivers/STM32F4xx_HAL_Driver/Src/stm32f4xx_hal_nand.c.obj
LOAD cmake/stm32cubemx/CMakeFiles/STM32_Drivers.dir/__/__/Drivers/STM32F4xx_HAL_Driver/Src/stm32f4xx_hal_pccard.c.obj
LOAD cmake/stm32cubemx/CMakeFiles/FreeRTOS.dir/__/__/Middlewares/Third_Party/FreeRTOS/Source/croutine.c.obj
LOAD cmake/stm32cubemx/CMakeFiles/FreeRTOS.dir/__/__/Middlewares/Third_Party/FreeRTOS/Source/event_groups.c.obj
LOAD cmake/stm32cubemx/CMakeFiles/FreeRTOS.dir/__/__/Middlewares/Third_Party/FreeRTOS/Source/list.c.obj
LOAD cmake/stm32cubemx/CMakeFiles/FreeRTOS.dir/__/__/Middlewares/Third_Party/FreeRTOS/Source/queue.c.obj
LOAD cmake/stm32cubemx/CMakeFiles/FreeRTOS.dir/__/__/Middlewares/Third_Party/FreeRTOS/Source/stream_buffer.c.obj
LOAD cmake/stm32cubemx/CMakeFiles/FreeRTOS.dir/__/__/Middlewares/Third_Party/FreeRTOS/Source/tasks.c.obj
LOAD cmake/stm32cubemx/CMakeFiles/FreeRTOS.dir/__/__/Middlewares/Third_Party/FreeRTOS/Source/timers.c.obj
LOAD cmake/stm32cubemx/CMakeFiles/FreeRTOS.dir/__/__/Middlewares/Third_Party/FreeRTOS/Source/CMSIS_RTOS_V2/cmsis_os2.c.obj
LOAD cmake/stm32cubemx/CMakeFiles/FreeRTOS.dir/__/__/Middlewares/Third_Party/FreeRTOS/Source/portable/MemMang/heap_4.c.obj
LOAD cmake/stm32cubemx/CMakeFiles/FreeRTOS.dir/__/__/Middlewares/Third_Party/FreeRTOS/Source/portable/GCC/ARM_CM4F/port.c.obj
LOAD LVGL/CMakeFiles/lvgl.dir/LVGL_src/core/lv_disp.c.obj
LOAD LVGL/CMakeFiles/lvgl.dir/LVGL_src/core/lv_event.c.obj
LOAD LVGL/CMakeFiles/lvgl.dir/LVGL_src/core/lv_group.c.obj
LOAD LVGL/CMakeFiles/lvgl.dir/LVGL_src/core/lv_indev.c.obj
LOAD LVGL/CMakeFiles/lvgl.dir/LVGL_src/core/lv_indev_scroll.c.obj
LOAD LVGL/CMakeFiles/lvgl.dir/LVGL_src/core/lv_obj.c.obj
LOAD LVGL/CMakeFiles/lvgl.dir/LVGL_src/core/lv_obj_class.c.obj
LOAD LVGL/CMakeFiles/lvgl.dir/LVGL_src/core/lv_obj_draw.c.obj
LOAD LVGL/CMakeFiles/lvgl.dir/LVGL_src/core/lv_obj_pos.c.obj
LOAD LVGL/CMakeFiles/lvgl.dir/LVGL_src/core/lv_obj_scroll.c.obj
LOAD LVGL/CMakeFiles/lvgl.dir/LVGL_src/core/lv_obj_style.c.obj
LOAD LVGL/CMakeFiles/lvgl.dir/LVGL_src/core/lv_obj_style_gen.c.obj
LOAD LVGL/CMakeFiles/lvgl.dir/LVGL_src/core/lv_obj_tree.c.obj
LOAD LVGL/CMakeFiles/lvgl.dir/LVGL_src/core/lv_refr.c.obj
LOAD LVGL/CMakeFiles/lvgl.dir/LVGL_src/core/lv_theme.c.obj
LOAD LVGL/CMakeFiles/lvgl.dir/LVGL_src/draw/arm2d/lv_gpu_arm2d.c.obj
LOAD LVGL/CMakeFiles/lvgl.dir/LVGL_src/draw/lv_draw.c.obj
LOAD LVGL/CMakeFiles/lvgl.dir/LVGL_src/draw/lv_draw_arc.c.obj
LOAD LVGL/CMakeFiles/lvgl.dir/LVGL_src/draw/lv_draw_img.c.obj
LOAD LVGL/CMakeFiles/lvgl.dir/LVGL_src/draw/lv_draw_label.c.obj
LOAD LVGL/CMakeFiles/lvgl.dir/LVGL_src/draw/lv_draw_layer.c.obj
LOAD LVGL/CMakeFiles/lvgl.dir/LVGL_src/draw/lv_draw_line.c.obj
LOAD LVGL/CMakeFiles/lvgl.dir/LVGL_src/draw/lv_draw_mask.c.obj
LOAD LVGL/CMakeFiles/lvgl.dir/LVGL_src/draw/lv_draw_rect.c.obj
LOAD LVGL/CMakeFiles/lvgl.dir/LVGL_src/draw/lv_draw_transform.c.obj
LOAD LVGL/CMakeFiles/lvgl.dir/LVGL_src/draw/lv_draw_triangle.c.obj
LOAD LVGL/CMakeFiles/lvgl.dir/LVGL_src/draw/lv_img_buf.c.obj
LOAD LVGL/CMakeFiles/lvgl.dir/LVGL_src/draw/lv_img_cache.c.obj
LOAD LVGL/CMakeFiles/lvgl.dir/LVGL_src/draw/lv_img_decoder.c.obj
LOAD LVGL/CMakeFiles/lvgl.dir/LVGL_src/draw/nxp/pxp/lv_draw_pxp.c.obj
LOAD LVGL/CMakeFiles/lvgl.dir/LVGL_src/draw/nxp/pxp/lv_draw_pxp_blend.c.obj
LOAD LVGL/CMakeFiles/lvgl.dir/LVGL_src/draw/nxp/pxp/lv_gpu_nxp_pxp.c.obj
LOAD LVGL/CMakeFiles/lvgl.dir/LVGL_src/draw/nxp/pxp/lv_gpu_nxp_pxp_osa.c.obj
LOAD LVGL/CMakeFiles/lvgl.dir/LVGL_src/draw/nxp/vglite/lv_draw_vglite.c.obj
LOAD LVGL/CMakeFiles/lvgl.dir/LVGL_src/draw/nxp/vglite/lv_draw_vglite_arc.c.obj
LOAD LVGL/CMakeFiles/lvgl.dir/LVGL_src/draw/nxp/vglite/lv_draw_vglite_blend.c.obj
LOAD LVGL/CMakeFiles/lvgl.dir/LVGL_src/draw/nxp/vglite/lv_draw_vglite_line.c.obj
LOAD LVGL/CMakeFiles/lvgl.dir/LVGL_src/draw/nxp/vglite/lv_draw_vglite_rect.c.obj
LOAD LVGL/CMakeFiles/lvgl.dir/LVGL_src/draw/nxp/vglite/lv_vglite_buf.c.obj
LOAD LVGL/CMakeFiles/lvgl.dir/LVGL_src/draw/nxp/vglite/lv_vglite_utils.c.obj
LOAD LVGL/CMakeFiles/lvgl.dir/LVGL_src/draw/renesas/lv_gpu_d2_draw_label.c.obj
LOAD LVGL/CMakeFiles/lvgl.dir/LVGL_src/draw/renesas/lv_gpu_d2_ra6m3.c.obj
LOAD LVGL/CMakeFiles/lvgl.dir/LVGL_src/draw/sdl/lv_draw_sdl.c.obj
LOAD LVGL/CMakeFiles/lvgl.dir/LVGL_src/draw/sdl/lv_draw_sdl_arc.c.obj
LOAD LVGL/CMakeFiles/lvgl.dir/LVGL_src/draw/sdl/lv_draw_sdl_bg.c.obj
LOAD LVGL/CMakeFiles/lvgl.dir/LVGL_src/draw/sdl/lv_draw_sdl_composite.c.obj
LOAD LVGL/CMakeFiles/lvgl.dir/LVGL_src/draw/sdl/lv_draw_sdl_img.c.obj
LOAD LVGL/CMakeFiles/lvgl.dir/LVGL_src/draw/sdl/lv_draw_sdl_label.c.obj
LOAD LVGL/CMakeFiles/lvgl.dir/LVGL_src/draw/sdl/lv_draw_sdl_layer.c.obj
LOAD LVGL/CMakeFiles/lvgl.dir/LVGL_src/draw/sdl/lv_draw_sdl_line.c.obj
LOAD LVGL/CMakeFiles/lvgl.dir/LVGL_src/draw/sdl/lv_draw_sdl_mask.c.obj
LOAD LVGL/CMakeFiles/lvgl.dir/LVGL_src/draw/sdl/lv_draw_sdl_polygon.c.obj
LOAD LVGL/CMakeFiles/lvgl.dir/LVGL_src/draw/sdl/lv_draw_sdl_rect.c.obj
LOAD LVGL/CMakeFiles/lvgl.dir/LVGL_src/draw/sdl/lv_draw_sdl_stack_blur.c.obj
LOAD LVGL/CMakeFiles/lvgl.dir/LVGL_src/draw/sdl/lv_draw_sdl_texture_cache.c.obj
LOAD LVGL/CMakeFiles/lvgl.dir/LVGL_src/draw/sdl/lv_draw_sdl_utils.c.obj
LOAD LVGL/CMakeFiles/lvgl.dir/LVGL_src/draw/stm32_dma2d/lv_gpu_stm32_dma2d.c.obj
LOAD LVGL/CMakeFiles/lvgl.dir/LVGL_src/draw/sw/lv_draw_sw.c.obj
LOAD LVGL/CMakeFiles/lvgl.dir/LVGL_src/draw/sw/lv_draw_sw_arc.c.obj
LOAD LVGL/CMakeFiles/lvgl.dir/LVGL_src/draw/sw/lv_draw_sw_blend.c.obj
LOAD LVGL/CMakeFiles/lvgl.dir/LVGL_src/draw/sw/lv_draw_sw_dither.c.obj
LOAD LVGL/CMakeFiles/lvgl.dir/LVGL_src/draw/sw/lv_draw_sw_gradient.c.obj
LOAD LVGL/CMakeFiles/lvgl.dir/LVGL_src/draw/sw/lv_draw_sw_img.c.obj
LOAD LVGL/CMakeFiles/lvgl.dir/LVGL_src/draw/sw/lv_draw_sw_layer.c.obj
LOAD LVGL/CMakeFiles/lvgl.dir/LVGL_src/draw/sw/lv_draw_sw_letter.c.obj
LOAD LVGL/CMakeFiles/lvgl.dir/LVGL_src/draw/sw/lv_draw_sw_line.c.obj
LOAD LVGL/CMakeFiles/lvgl.dir/LVGL_src/draw/sw/lv_draw_sw_polygon.c.obj
LOAD LVGL/CMakeFiles/lvgl.dir/LVGL_src/draw/sw/lv_draw_sw_rect.c.obj
LOAD LVGL/CMakeFiles/lvgl.dir/LVGL_src/draw/sw/lv_draw_sw_transform.c.obj
LOAD LVGL/CMakeFiles/lvgl.dir/LVGL_src/draw/swm341_dma2d/lv_gpu_swm341_dma2d.c.obj
LOAD LVGL/CMakeFiles/lvgl.dir/LVGL_src/extra/layouts/flex/lv_flex.c.obj
LOAD LVGL/CMakeFiles/lvgl.dir/LVGL_src/extra/layouts/grid/lv_grid.c.obj
LOAD LVGL/CMakeFiles/lvgl.dir/LVGL_src/extra/libs/bmp/lv_bmp.c.obj
LOAD LVGL/CMakeFiles/lvgl.dir/LVGL_src/extra/libs/ffmpeg/lv_ffmpeg.c.obj
LOAD LVGL/CMakeFiles/lvgl.dir/LVGL_src/extra/libs/freetype/lv_freetype.c.obj
LOAD LVGL/CMakeFiles/lvgl.dir/LVGL_src/extra/libs/fsdrv/lv_fs_fatfs.c.obj
LOAD LVGL/CMakeFiles/lvgl.dir/LVGL_src/extra/libs/fsdrv/lv_fs_littlefs.c.obj
LOAD LVGL/CMakeFiles/lvgl.dir/LVGL_src/extra/libs/fsdrv/lv_fs_posix.c.obj
LOAD LVGL/CMakeFiles/lvgl.dir/LVGL_src/extra/libs/fsdrv/lv_fs_stdio.c.obj
LOAD LVGL/CMakeFiles/lvgl.dir/LVGL_src/extra/libs/fsdrv/lv_fs_win32.c.obj
LOAD LVGL/CMakeFiles/lvgl.dir/LVGL_src/extra/libs/gif/gifdec.c.obj
LOAD LVGL/CMakeFiles/lvgl.dir/LVGL_src/extra/libs/gif/lv_gif.c.obj
LOAD LVGL/CMakeFiles/lvgl.dir/LVGL_src/extra/libs/png/lodepng.c.obj
LOAD LVGL/CMakeFiles/lvgl.dir/LVGL_src/extra/libs/png/lv_png.c.obj
LOAD LVGL/CMakeFiles/lvgl.dir/LVGL_src/extra/libs/qrcode/lv_qrcode.c.obj
LOAD LVGL/CMakeFiles/lvgl.dir/LVGL_src/extra/libs/qrcode/qrcodegen.c.obj
LOAD LVGL/CMakeFiles/lvgl.dir/LVGL_src/extra/libs/rlottie/lv_rlottie.c.obj
LOAD LVGL/CMakeFiles/lvgl.dir/LVGL_src/extra/libs/sjpg/lv_sjpg.c.obj
LOAD LVGL/CMakeFiles/lvgl.dir/LVGL_src/extra/libs/sjpg/tjpgd.c.obj
LOAD LVGL/CMakeFiles/lvgl.dir/LVGL_src/extra/libs/tiny_ttf/lv_tiny_ttf.c.obj
LOAD LVGL/CMakeFiles/lvgl.dir/LVGL_src/extra/lv_extra.c.obj
LOAD LVGL/CMakeFiles/lvgl.dir/LVGL_src/extra/others/fragment/lv_fragment.c.obj
LOAD LVGL/CMakeFiles/lvgl.dir/LVGL_src/extra/others/fragment/lv_fragment_manager.c.obj
LOAD LVGL/CMakeFiles/lvgl.dir/LVGL_src/extra/others/gridnav/lv_gridnav.c.obj
LOAD LVGL/CMakeFiles/lvgl.dir/LVGL_src/extra/others/ime/lv_ime_pinyin.c.obj
LOAD LVGL/CMakeFiles/lvgl.dir/LVGL_src/extra/others/imgfont/lv_imgfont.c.obj
LOAD LVGL/CMakeFiles/lvgl.dir/LVGL_src/extra/others/monkey/lv_monkey.c.obj
LOAD LVGL/CMakeFiles/lvgl.dir/LVGL_src/extra/others/msg/lv_msg.c.obj
LOAD LVGL/CMakeFiles/lvgl.dir/LVGL_src/extra/others/snapshot/lv_snapshot.c.obj
LOAD LVGL/CMakeFiles/lvgl.dir/LVGL_src/extra/themes/basic/lv_theme_basic.c.obj
LOAD LVGL/CMakeFiles/lvgl.dir/LVGL_src/extra/themes/default/lv_theme_default.c.obj
LOAD LVGL/CMakeFiles/lvgl.dir/LVGL_src/extra/themes/mono/lv_theme_mono.c.obj
LOAD LVGL/CMakeFiles/lvgl.dir/LVGL_src/extra/widgets/animimg/lv_animimg.c.obj
LOAD LVGL/CMakeFiles/lvgl.dir/LVGL_src/extra/widgets/calendar/lv_calendar.c.obj
LOAD LVGL/CMakeFiles/lvgl.dir/LVGL_src/extra/widgets/calendar/lv_calendar_header_arrow.c.obj
LOAD LVGL/CMakeFiles/lvgl.dir/LVGL_src/extra/widgets/calendar/lv_calendar_header_dropdown.c.obj
LOAD LVGL/CMakeFiles/lvgl.dir/LVGL_src/extra/widgets/chart/lv_chart.c.obj
LOAD LVGL/CMakeFiles/lvgl.dir/LVGL_src/extra/widgets/colorwheel/lv_colorwheel.c.obj
LOAD LVGL/CMakeFiles/lvgl.dir/LVGL_src/extra/widgets/imgbtn/lv_imgbtn.c.obj
LOAD LVGL/CMakeFiles/lvgl.dir/LVGL_src/extra/widgets/keyboard/lv_keyboard.c.obj
LOAD LVGL/CMakeFiles/lvgl.dir/LVGL_src/extra/widgets/led/lv_led.c.obj
LOAD LVGL/CMakeFiles/lvgl.dir/LVGL_src/extra/widgets/list/lv_list.c.obj
LOAD LVGL/CMakeFiles/lvgl.dir/LVGL_src/extra/widgets/menu/lv_menu.c.obj
LOAD LVGL/CMakeFiles/lvgl.dir/LVGL_src/extra/widgets/meter/lv_meter.c.obj
LOAD LVGL/CMakeFiles/lvgl.dir/LVGL_src/extra/widgets/msgbox/lv_msgbox.c.obj
LOAD LVGL/CMakeFiles/lvgl.dir/LVGL_src/extra/widgets/span/lv_span.c.obj
LOAD LVGL/CMakeFiles/lvgl.dir/LVGL_src/extra/widgets/spinbox/lv_spinbox.c.obj
LOAD LVGL/CMakeFiles/lvgl.dir/LVGL_src/extra/widgets/spinner/lv_spinner.c.obj
LOAD LVGL/CMakeFiles/lvgl.dir/LVGL_src/extra/widgets/tabview/lv_tabview.c.obj
LOAD LVGL/CMakeFiles/lvgl.dir/LVGL_src/extra/widgets/tileview/lv_tileview.c.obj
LOAD LVGL/CMakeFiles/lvgl.dir/LVGL_src/extra/widgets/win/lv_win.c.obj
LOAD LVGL/CMakeFiles/lvgl.dir/LVGL_src/font/lv_font.c.obj
LOAD LVGL/CMakeFiles/lvgl.dir/LVGL_src/font/lv_font_dejavu_16_persian_hebrew.c.obj
LOAD LVGL/CMakeFiles/lvgl.dir/LVGL_src/font/lv_font_fmt_txt.c.obj
LOAD LVGL/CMakeFiles/lvgl.dir/LVGL_src/font/lv_font_loader.c.obj
LOAD LVGL/CMakeFiles/lvgl.dir/LVGL_src/font/lv_font_montserrat_10.c.obj
LOAD LVGL/CMakeFiles/lvgl.dir/LVGL_src/font/lv_font_montserrat_12.c.obj
LOAD LVGL/CMakeFiles/lvgl.dir/LVGL_src/font/lv_font_montserrat_12_subpx.c.obj
LOAD LVGL/CMakeFiles/lvgl.dir/LVGL_src/font/lv_font_montserrat_14.c.obj
LOAD LVGL/CMakeFiles/lvgl.dir/LVGL_src/font/lv_font_montserrat_16.c.obj
LOAD LVGL/CMakeFiles/lvgl.dir/LVGL_src/font/lv_font_montserrat_18.c.obj
LOAD LVGL/CMakeFiles/lvgl.dir/LVGL_src/font/lv_font_montserrat_20.c.obj
LOAD LVGL/CMakeFiles/lvgl.dir/LVGL_src/font/lv_font_montserrat_22.c.obj
LOAD LVGL/CMakeFiles/lvgl.dir/LVGL_src/font/lv_font_montserrat_24.c.obj
LOAD LVGL/CMakeFiles/lvgl.dir/LVGL_src/font/lv_font_montserrat_26.c.obj
LOAD LVGL/CMakeFiles/lvgl.dir/LVGL_src/font/lv_font_montserrat_28.c.obj
LOAD LVGL/CMakeFiles/lvgl.dir/LVGL_src/font/lv_font_montserrat_28_compressed.c.obj
LOAD LVGL/CMakeFiles/lvgl.dir/LVGL_src/font/lv_font_montserrat_30.c.obj
LOAD LVGL/CMakeFiles/lvgl.dir/LVGL_src/font/lv_font_montserrat_32.c.obj
LOAD LVGL/CMakeFiles/lvgl.dir/LVGL_src/font/lv_font_montserrat_34.c.obj
LOAD LVGL/CMakeFiles/lvgl.dir/LVGL_src/font/lv_font_montserrat_36.c.obj
LOAD LVGL/CMakeFiles/lvgl.dir/LVGL_src/font/lv_font_montserrat_38.c.obj
LOAD LVGL/CMakeFiles/lvgl.dir/LVGL_src/font/lv_font_montserrat_40.c.obj
LOAD LVGL/CMakeFiles/lvgl.dir/LVGL_src/font/lv_font_montserrat_42.c.obj
LOAD LVGL/CMakeFiles/lvgl.dir/LVGL_src/font/lv_font_montserrat_44.c.obj
LOAD LVGL/CMakeFiles/lvgl.dir/LVGL_src/font/lv_font_montserrat_46.c.obj
LOAD LVGL/CMakeFiles/lvgl.dir/LVGL_src/font/lv_font_montserrat_48.c.obj
LOAD LVGL/CMakeFiles/lvgl.dir/LVGL_src/font/lv_font_montserrat_8.c.obj
LOAD LVGL/CMakeFiles/lvgl.dir/LVGL_src/font/lv_font_simsun_16_cjk.c.obj
LOAD LVGL/CMakeFiles/lvgl.dir/LVGL_src/font/lv_font_unscii_16.c.obj
LOAD LVGL/CMakeFiles/lvgl.dir/LVGL_src/font/lv_font_unscii_8.c.obj
LOAD LVGL/CMakeFiles/lvgl.dir/LVGL_src/hal/lv_hal_disp.c.obj
LOAD LVGL/CMakeFiles/lvgl.dir/LVGL_src/hal/lv_hal_indev.c.obj
LOAD LVGL/CMakeFiles/lvgl.dir/LVGL_src/hal/lv_hal_tick.c.obj
LOAD LVGL/CMakeFiles/lvgl.dir/LVGL_src/misc/lv_anim.c.obj
LOAD LVGL/CMakeFiles/lvgl.dir/LVGL_src/misc/lv_anim_timeline.c.obj
LOAD LVGL/CMakeFiles/lvgl.dir/LVGL_src/misc/lv_area.c.obj
LOAD LVGL/CMakeFiles/lvgl.dir/LVGL_src/misc/lv_async.c.obj
LOAD LVGL/CMakeFiles/lvgl.dir/LVGL_src/misc/lv_bidi.c.obj
LOAD LVGL/CMakeFiles/lvgl.dir/LVGL_src/misc/lv_color.c.obj
LOAD LVGL/CMakeFiles/lvgl.dir/LVGL_src/misc/lv_fs.c.obj
LOAD LVGL/CMakeFiles/lvgl.dir/LVGL_src/misc/lv_gc.c.obj
LOAD LVGL/CMakeFiles/lvgl.dir/LVGL_src/misc/lv_ll.c.obj
LOAD LVGL/CMakeFiles/lvgl.dir/LVGL_src/misc/lv_log.c.obj
LOAD LVGL/CMakeFiles/lvgl.dir/LVGL_src/misc/lv_lru.c.obj
LOAD LVGL/CMakeFiles/lvgl.dir/LVGL_src/misc/lv_math.c.obj
LOAD LVGL/CMakeFiles/lvgl.dir/LVGL_src/misc/lv_mem.c.obj
LOAD LVGL/CMakeFiles/lvgl.dir/LVGL_src/misc/lv_printf.c.obj
LOAD LVGL/CMakeFiles/lvgl.dir/LVGL_src/misc/lv_style.c.obj
LOAD LVGL/CMakeFiles/lvgl.dir/LVGL_src/misc/lv_style_gen.c.obj
LOAD LVGL/CMakeFiles/lvgl.dir/LVGL_src/misc/lv_templ.c.obj
LOAD LVGL/CMakeFiles/lvgl.dir/LVGL_src/misc/lv_timer.c.obj
LOAD LVGL/CMakeFiles/lvgl.dir/LVGL_src/misc/lv_tlsf.c.obj
LOAD LVGL/CMakeFiles/lvgl.dir/LVGL_src/misc/lv_txt.c.obj
LOAD LVGL/CMakeFiles/lvgl.dir/LVGL_src/misc/lv_txt_ap.c.obj
LOAD LVGL/CMakeFiles/lvgl.dir/LVGL_src/misc/lv_utils.c.obj
LOAD LVGL/CMakeFiles/lvgl.dir/LVGL_src/widgets/lv_arc.c.obj
LOAD LVGL/CMakeFiles/lvgl.dir/LVGL_src/widgets/lv_bar.c.obj
LOAD LVGL/CMakeFiles/lvgl.dir/LVGL_src/widgets/lv_btn.c.obj
LOAD LVGL/CMakeFiles/lvgl.dir/LVGL_src/widgets/lv_btnmatrix.c.obj
LOAD LVGL/CMakeFiles/lvgl.dir/LVGL_src/widgets/lv_canvas.c.obj
LOAD LVGL/CMakeFiles/lvgl.dir/LVGL_src/widgets/lv_checkbox.c.obj
LOAD LVGL/CMakeFiles/lvgl.dir/LVGL_src/widgets/lv_dropdown.c.obj
LOAD LVGL/CMakeFiles/lvgl.dir/LVGL_src/widgets/lv_img.c.obj
LOAD LVGL/CMakeFiles/lvgl.dir/LVGL_src/widgets/lv_label.c.obj
LOAD LVGL/CMakeFiles/lvgl.dir/LVGL_src/widgets/lv_line.c.obj
LOAD LVGL/CMakeFiles/lvgl.dir/LVGL_src/widgets/lv_objx_templ.c.obj
LOAD LVGL/CMakeFiles/lvgl.dir/LVGL_src/widgets/lv_roller.c.obj
LOAD LVGL/CMakeFiles/lvgl.dir/LVGL_src/widgets/lv_slider.c.obj
LOAD LVGL/CMakeFiles/lvgl.dir/LVGL_src/widgets/lv_switch.c.obj
LOAD LVGL/CMakeFiles/lvgl.dir/LVGL_src/widgets/lv_table.c.obj
LOAD LVGL/CMakeFiles/lvgl.dir/LVGL_src/widgets/lv_textarea.c.obj
LOAD LVGL/CMakeFiles/lvgl.dir/LVGL_porting/lv_port_disp.c.obj
LOAD LVGL/CMakeFiles/lvgl.dir/LVGL_porting/lv_port_fs.c.obj
LOAD LVGL/CMakeFiles/lvgl.dir/LVGL_porting/lv_port_indev.c.obj
LOAD LVGL/CMakeFiles/lvgl.dir/LVGL_myGUI/gui_app.c.obj
LOAD CMakeFiles/AIAssistant_Proj.dir/Core/Src/main.c.obj
LOAD CMakeFiles/AIAssistant_Proj.dir/Core/Src/gpio.c.obj
LOAD CMakeFiles/AIAssistant_Proj.dir/Core/Src/freertos.c.obj
LOAD CMakeFiles/AIAssistant_Proj.dir/Core/Src/fsmc.c.obj
LOAD CMakeFiles/AIAssistant_Proj.dir/Core/Src/stm32f4xx_it.c.obj
LOAD CMakeFiles/AIAssistant_Proj.dir/Core/Src/stm32f4xx_hal_msp.c.obj
LOAD CMakeFiles/AIAssistant_Proj.dir/Core/Src/stm32f4xx_hal_timebase_tim.c.obj
LOAD CMakeFiles/AIAssistant_Proj.dir/Core/Src/sysmem.c.obj
LOAD CMakeFiles/AIAssistant_Proj.dir/Core/Src/syscalls.c.obj
LOAD CMakeFiles/AIAssistant_Proj.dir/startup_stm32f407xx.s.obj
LOAD CMakeFiles/AIAssistant_Proj.dir/Firmware/src/bsp_nt35510.c.obj
LOAD CMakeFiles/AIAssistant_Proj.dir/Firmware/src/bsp_nt35510_font.c.obj
LOAD CMakeFiles/AIAssistant_Proj.dir/Firmware/src/bsp_gt1151.c.obj
LOAD /home/xiucong/ToolChains/STM32Clt/GNU-tools-for-STM32/bin/../lib/gcc/arm-none-eabi/14.3.1/../../../../arm-none-eabi/lib/thumb/v7e-m+fp/hard/libm.a
START GROUP
LOAD /home/xiucong/ToolChains/STM32Clt/GNU-tools-for-STM32/bin/../lib/gcc/arm-none-eabi/14.3.1/thumb/v7e-m+fp/hard/libgcc.a
LOAD /home/xiucong/ToolChains/STM32Clt/GNU-tools-for-STM32/bin/../lib/gcc/arm-none-eabi/14.3.1/../../../../arm-none-eabi/lib/thumb/v7e-m+fp/hard/libg_nano.a
LOAD /home/xiucong/ToolChains/STM32Clt/GNU-tools-for-STM32/bin/../lib/gcc/arm-none-eabi/14.3.1/../../../../arm-none-eabi/lib/thumb/v7e-m+fp/hard/libc_nano.a
END GROUP
START GROUP
LOAD /home/xiucong/ToolChains/STM32Clt/GNU-tools-for-STM32/bin/../lib/gcc/arm-none-eabi/14.3.1/thumb/v7e-m+fp/hard/libgcc.a
LOAD /home/xiucong/ToolChains/STM32Clt/GNU-tools-for-STM32/bin/../lib/gcc/arm-none-eabi/14.3.1/../../../../arm-none-eabi/lib/thumb/v7e-m+fp/hard/libc_nano.a
END GROUP
LOAD /home/xiucong/ToolChains/STM32Clt/GNU-tools-for-STM32/bin/../lib/gcc/arm-none-eabi/14.3.1/thumb/v7e-m+fp/hard/crtend.o
LOAD /home/xiucong/ToolChains/STM32Clt/GNU-tools-for-STM32/bin/../lib/gcc/arm-none-eabi/14.3.1/thumb/v7e-m+fp/hard/crtn.o
                0x20020000                        _estack = (ORIGIN (RAM) + LENGTH (RAM))
                0x2001fc00                        _sstack = (_estack - _Min_Stack_Size)
                0x00000200                        _Min_Heap_Size = 0x200
                0x00000400                        _Min_Stack_Size = 0x400

.isr_vector     0x08000000      0x188
                0x08000000                        . = ALIGN (0x4)
 *(.isr_vector)
 .isr_vector    0x08000000      0x188 CMakeFiles/AIAssistant_Proj.dir/startup_stm32f407xx.s.obj
                0x08000000                g_pfnVectors
                0x08000188                        . = ALIGN (0x4)

.text           0x08000190    0x2730c
                0x08000190                        . = ALIGN (0x4)
 *(.text)
 .text          0x08000190       0x40 /home/xiucong/ToolChains/STM32Clt/GNU-tools-for-STM32/bin/../lib/gcc/arm-none-eabi/14.3.1/thumb/v7e-m+fp/hard/crtbegin.o
 .text          0x080001d0       0x30 /home/xiucong/ToolChains/STM32Clt/GNU-tools-for-STM32/bin/../lib/gcc/arm-none-eabi/14.3.1/thumb/v7e-m+fp/hard/libgcc.a(_aeabi_uldivmod.o)
                0x080001d0                __aeabi_uldivmod
 .text          0x08000200      0x2f8 /home/xiucong/ToolChains/STM32Clt/GNU-tools-for-STM32/bin/../lib/gcc/arm-none-eabi/14.3.1/thumb/v7e-m+fp/hard/libgcc.a(_udivmoddi4.o)
                0x08000200                __udivmoddi4
 .text          0x080004f8        0x4 /home/xiucong/ToolChains/STM32Clt/GNU-tools-for-STM32/bin/../lib/gcc/arm-none-eabi/14.3.1/thumb/v7e-m+fp/hard/libgcc.a(_dvmd_tls.o)
                0x080004f8                __aeabi_ldiv0
                0x080004f8                __aeabi_idiv0
 .text          0x080004fc       0x14 /home/xiucong/ToolChains/STM32Clt/GNU-tools-for-STM32/bin/../lib/gcc/arm-none-eabi/14.3.1/../../../../arm-none-eabi/lib/thumb/v7e-m+fp/hard/libg_nano.a(libc_a-strcmp.o)
                0x080004fc                strcmp
 .text          0x08000510       0x10 /home/xiucong/ToolChains/STM32Clt/GNU-tools-for-STM32/bin/../lib/gcc/arm-none-eabi/14.3.1/../../../../arm-none-eabi/lib/thumb/v7e-m+fp/hard/libg_nano.a(libc_a-strlen.o)
                0x08000510                strlen
 *(.text*)
 .text.SystemInit
                0x08000520       0x14 cmake/stm32cubemx/CMakeFiles/STM32_Drivers.dir/__/__/Core/Src/system_stm32f4xx.c.obj
                0x08000520                SystemInit
 .text.HAL_TIM_Base_MspInit
                0x08000534        0x2 cmake/stm32cubemx/CMakeFiles/STM32_Drivers.dir/__/__/Drivers/STM32F4xx_HAL_Driver/Src/stm32f4xx_hal_tim.c.obj
                0x08000534                HAL_TIM_Base_MspInit
 *fill*         0x08000536        0x2 
 .text.HAL_TIM_Base_Start_IT
                0x08000538       0x74 cmake/stm32cubemx/CMakeFiles/STM32_Drivers.dir/__/__/Drivers/STM32F4xx_HAL_Driver/Src/stm32f4xx_hal_tim.c.obj
                0x08000538                HAL_TIM_Base_Start_IT
 .text.HAL_TIM_OC_DelayElapsedCallback
                0x080005ac        0x2 cmake/stm32cubemx/CMakeFiles/STM32_Drivers.dir/__/__/Drivers/STM32F4xx_HAL_Driver/Src/stm32f4xx_hal_tim.c.obj
                0x080005ac                HAL_TIM_OC_DelayElapsedCallback
 .text.HAL_TIM_IC_CaptureCallback
                0x080005ae        0x2 cmake/stm32cubemx/CMakeFiles/STM32_Drivers.dir/__/__/Drivers/STM32F4xx_HAL_Driver/Src/stm32f4xx_hal_tim.c.obj
                0x080005ae                HAL_TIM_IC_CaptureCallback
 .text.HAL_TIM_PWM_PulseFinishedCallback
                0x080005b0        0x2 cmake/stm32cubemx/CMakeFiles/STM32_Drivers.dir/__/__/Drivers/STM32F4xx_HAL_Driver/Src/stm32f4xx_hal_tim.c.obj
                0x080005b0                HAL_TIM_PWM_PulseFinishedCallback
 .text.HAL_TIM_TriggerCallback
                0x080005b2        0x2 cmake/stm32cubemx/CMakeFiles/STM32_Drivers.dir/__/__/Drivers/STM32F4xx_HAL_Driver/Src/stm32f4xx_hal_tim.c.obj
                0x080005b2                HAL_TIM_TriggerCallback
 .text.HAL_TIM_IRQHandler
                0x080005b4      0x128 cmake/stm32cubemx/CMakeFiles/STM32_Drivers.dir/__/__/Drivers/STM32F4xx_HAL_Driver/Src/stm32f4xx_hal_tim.c.obj
                0x080005b4                HAL_TIM_IRQHandler
 .text.TIM_Base_SetConfig
                0x080006dc       0xa8 cmake/stm32cubemx/CMakeFiles/STM32_Drivers.dir/__/__/Drivers/STM32F4xx_HAL_Driver/Src/stm32f4xx_hal_tim.c.obj
                0x080006dc                TIM_Base_SetConfig
 .text.HAL_TIM_Base_Init
                0x08000784       0x58 cmake/stm32cubemx/CMakeFiles/STM32_Drivers.dir/__/__/Drivers/STM32F4xx_HAL_Driver/Src/stm32f4xx_hal_tim.c.obj
                0x08000784                HAL_TIM_Base_Init
 .text.HAL_TIMEx_CommutCallback
                0x080007dc        0x2 cmake/stm32cubemx/CMakeFiles/STM32_Drivers.dir/__/__/Drivers/STM32F4xx_HAL_Driver/Src/stm32f4xx_hal_tim_ex.c.obj
                0x080007dc                HAL_TIMEx_CommutCallback
 .text.HAL_TIMEx_BreakCallback
                0x080007de        0x2 cmake/stm32cubemx/CMakeFiles/STM32_Drivers.dir/__/__/Drivers/STM32F4xx_HAL_Driver/Src/stm32f4xx_hal_tim_ex.c.obj
                0x080007de                HAL_TIMEx_BreakCallback
 .text.HAL_RCC_OscConfig
                0x080007e0      0x35c cmake/stm32cubemx/CMakeFiles/STM32_Drivers.dir/__/__/Drivers/STM32F4xx_HAL_Driver/Src/stm32f4xx_hal_rcc.c.obj
                0x080007e0                HAL_RCC_OscConfig
 .text.HAL_RCC_GetSysClockFreq
                0x08000b3c       0x5c cmake/stm32cubemx/CMakeFiles/STM32_Drivers.dir/__/__/Drivers/STM32F4xx_HAL_Driver/Src/stm32f4xx_hal_rcc.c.obj
                0x08000b3c                HAL_RCC_GetSysClockFreq
 .text.HAL_RCC_ClockConfig
                0x08000b98      0x134 cmake/stm32cubemx/CMakeFiles/STM32_Drivers.dir/__/__/Drivers/STM32F4xx_HAL_Driver/Src/stm32f4xx_hal_rcc.c.obj
                0x08000b98                HAL_RCC_ClockConfig
 .text.HAL_RCC_GetPCLK1Freq
                0x08000ccc       0x20 cmake/stm32cubemx/CMakeFiles/STM32_Drivers.dir/__/__/Drivers/STM32F4xx_HAL_Driver/Src/stm32f4xx_hal_rcc.c.obj
                0x08000ccc                HAL_RCC_GetPCLK1Freq
 .text.HAL_RCC_GetClockConfig
                0x08000cec       0x3c cmake/stm32cubemx/CMakeFiles/STM32_Drivers.dir/__/__/Drivers/STM32F4xx_HAL_Driver/Src/stm32f4xx_hal_rcc.c.obj
                0x08000cec                HAL_RCC_GetClockConfig
 .text.HAL_GPIO_Init
                0x08000d28      0x1b0 cmake/stm32cubemx/CMakeFiles/STM32_Drivers.dir/__/__/Drivers/STM32F4xx_HAL_Driver/Src/stm32f4xx_hal_gpio.c.obj
                0x08000d28                HAL_GPIO_Init
 .text.HAL_GPIO_ReadPin
                0x08000ed8        0xc cmake/stm32cubemx/CMakeFiles/STM32_Drivers.dir/__/__/Drivers/STM32F4xx_HAL_Driver/Src/stm32f4xx_hal_gpio.c.obj
                0x08000ed8                HAL_GPIO_ReadPin
 .text.HAL_GPIO_WritePin
                0x08000ee4        0xa cmake/stm32cubemx/CMakeFiles/STM32_Drivers.dir/__/__/Drivers/STM32F4xx_HAL_Driver/Src/stm32f4xx_hal_gpio.c.obj
                0x08000ee4                HAL_GPIO_WritePin
 *fill*         0x08000eee        0x2 
 .text.HAL_NVIC_SetPriorityGrouping
                0x08000ef0       0x24 cmake/stm32cubemx/CMakeFiles/STM32_Drivers.dir/__/__/Drivers/STM32F4xx_HAL_Driver/Src/stm32f4xx_hal_cortex.c.obj
                0x08000ef0                HAL_NVIC_SetPriorityGrouping
 .text.HAL_NVIC_SetPriority
                0x08000f14       0x64 cmake/stm32cubemx/CMakeFiles/STM32_Drivers.dir/__/__/Drivers/STM32F4xx_HAL_Driver/Src/stm32f4xx_hal_cortex.c.obj
                0x08000f14                HAL_NVIC_SetPriority
 .text.HAL_NVIC_EnableIRQ
                0x08000f78       0x1c cmake/stm32cubemx/CMakeFiles/STM32_Drivers.dir/__/__/Drivers/STM32F4xx_HAL_Driver/Src/stm32f4xx_hal_cortex.c.obj
                0x08000f78                HAL_NVIC_EnableIRQ
 .text.HAL_Init
                0x08000f94       0x34 cmake/stm32cubemx/CMakeFiles/STM32_Drivers.dir/__/__/Drivers/STM32F4xx_HAL_Driver/Src/stm32f4xx_hal.c.obj
                0x08000f94                HAL_Init
 .text.HAL_IncTick
                0x08000fc8       0x18 cmake/stm32cubemx/CMakeFiles/STM32_Drivers.dir/__/__/Drivers/STM32F4xx_HAL_Driver/Src/stm32f4xx_hal.c.obj
                0x08000fc8                HAL_IncTick
 .text.HAL_GetTick
                0x08000fe0        0xc cmake/stm32cubemx/CMakeFiles/STM32_Drivers.dir/__/__/Drivers/STM32F4xx_HAL_Driver/Src/stm32f4xx_hal.c.obj
                0x08000fe0                HAL_GetTick
 .text.HAL_Delay
                0x08000fec       0x28 cmake/stm32cubemx/CMakeFiles/STM32_Drivers.dir/__/__/Drivers/STM32F4xx_HAL_Driver/Src/stm32f4xx_hal.c.obj
                0x08000fec                HAL_Delay
 .text.FSMC_NORSRAM_Init
                0x08001014       0x64 cmake/stm32cubemx/CMakeFiles/STM32_Drivers.dir/__/__/Drivers/STM32F4xx_HAL_Driver/Src/stm32f4xx_ll_fsmc.c.obj
                0x08001014                FSMC_NORSRAM_Init
 .text.FSMC_NORSRAM_Timing_Init
                0x08001078       0x34 cmake/stm32cubemx/CMakeFiles/STM32_Drivers.dir/__/__/Drivers/STM32F4xx_HAL_Driver/Src/stm32f4xx_ll_fsmc.c.obj
                0x08001078                FSMC_NORSRAM_Timing_Init
 .text.FSMC_NORSRAM_Extended_Timing_Init
                0x080010ac       0x3c cmake/stm32cubemx/CMakeFiles/STM32_Drivers.dir/__/__/Drivers/STM32F4xx_HAL_Driver/Src/stm32f4xx_ll_fsmc.c.obj
                0x080010ac                FSMC_NORSRAM_Extended_Timing_Init
 .text.HAL_SRAM_Init
                0x080010e8       0x5a cmake/stm32cubemx/CMakeFiles/STM32_Drivers.dir/__/__/Drivers/STM32F4xx_HAL_Driver/Src/stm32f4xx_hal_sram.c.obj
                0x080010e8                HAL_SRAM_Init
 .text.vListInitialise
                0x08001142       0x16 cmake/stm32cubemx/CMakeFiles/FreeRTOS.dir/__/__/Middlewares/Third_Party/FreeRTOS/Source/list.c.obj
                0x08001142                vListInitialise
 .text.vListInitialiseItem
                0x08001158        0x6 cmake/stm32cubemx/CMakeFiles/FreeRTOS.dir/__/__/Middlewares/Third_Party/FreeRTOS/Source/list.c.obj
                0x08001158                vListInitialiseItem
 .text.vListInsertEnd
                0x0800115e       0x16 cmake/stm32cubemx/CMakeFiles/FreeRTOS.dir/__/__/Middlewares/Third_Party/FreeRTOS/Source/list.c.obj
                0x0800115e                vListInsertEnd
 .text.vListInsert
                0x08001174       0x2e cmake/stm32cubemx/CMakeFiles/FreeRTOS.dir/__/__/Middlewares/Third_Party/FreeRTOS/Source/list.c.obj
                0x08001174                vListInsert
 .text.uxListRemove
                0x080011a2       0x20 cmake/stm32cubemx/CMakeFiles/FreeRTOS.dir/__/__/Middlewares/Third_Party/FreeRTOS/Source/list.c.obj
                0x080011a2                uxListRemove
 .text.prvIsQueueEmpty
                0x080011c2       0x16 cmake/stm32cubemx/CMakeFiles/FreeRTOS.dir/__/__/Middlewares/Third_Party/FreeRTOS/Source/queue.c.obj
 .text.prvCopyDataToQueue
                0x080011d8       0x66 cmake/stm32cubemx/CMakeFiles/FreeRTOS.dir/__/__/Middlewares/Third_Party/FreeRTOS/Source/queue.c.obj
 .text.prvCopyDataFromQueue
                0x0800123e       0x2a cmake/stm32cubemx/CMakeFiles/FreeRTOS.dir/__/__/Middlewares/Third_Party/FreeRTOS/Source/queue.c.obj
 .text.prvUnlockQueue
                0x08001268       0x6c cmake/stm32cubemx/CMakeFiles/FreeRTOS.dir/__/__/Middlewares/Third_Party/FreeRTOS/Source/queue.c.obj
 .text.xQueueGenericReset
                0x080012d4       0x7e cmake/stm32cubemx/CMakeFiles/FreeRTOS.dir/__/__/Middlewares/Third_Party/FreeRTOS/Source/queue.c.obj
                0x080012d4                xQueueGenericReset
 .text.xQueueGenericCreateStatic
                0x08001352       0x9c cmake/stm32cubemx/CMakeFiles/FreeRTOS.dir/__/__/Middlewares/Third_Party/FreeRTOS/Source/queue.c.obj
                0x08001352                xQueueGenericCreateStatic
 .text.xQueueGenericSend
                0x080013ee      0x164 cmake/stm32cubemx/CMakeFiles/FreeRTOS.dir/__/__/Middlewares/Third_Party/FreeRTOS/Source/queue.c.obj
                0x080013ee                xQueueGenericSend
 .text.xQueueGenericSendFromISR
                0x08001552       0xba cmake/stm32cubemx/CMakeFiles/FreeRTOS.dir/__/__/Middlewares/Third_Party/FreeRTOS/Source/queue.c.obj
                0x08001552                xQueueGenericSendFromISR
 .text.xQueueReceive
                0x0800160c      0x13e cmake/stm32cubemx/CMakeFiles/FreeRTOS.dir/__/__/Middlewares/Third_Party/FreeRTOS/Source/queue.c.obj
                0x0800160c                xQueueReceive
 *fill*         0x0800174a        0x2 
 .text.vQueueAddToRegistry
                0x0800174c       0x24 cmake/stm32cubemx/CMakeFiles/FreeRTOS.dir/__/__/Middlewares/Third_Party/FreeRTOS/Source/queue.c.obj
                0x0800174c                vQueueAddToRegistry
 .text.vQueueWaitForMessageRestricted
                0x08001770       0x46 cmake/stm32cubemx/CMakeFiles/FreeRTOS.dir/__/__/Middlewares/Third_Party/FreeRTOS/Source/queue.c.obj
                0x08001770                vQueueWaitForMessageRestricted
 *fill*         0x080017b6        0x2 
 .text.prvAddNewTaskToReadyList
                0x080017b8      0x100 cmake/stm32cubemx/CMakeFiles/FreeRTOS.dir/__/__/Middlewares/Third_Party/FreeRTOS/Source/tasks.c.obj
 .text.prvAddCurrentTaskToDelayedList
                0x080018b8       0x70 cmake/stm32cubemx/CMakeFiles/FreeRTOS.dir/__/__/Middlewares/Third_Party/FreeRTOS/Source/tasks.c.obj
 .text.prvResetNextTaskUnblockTime
                0x08001928       0x24 cmake/stm32cubemx/CMakeFiles/FreeRTOS.dir/__/__/Middlewares/Third_Party/FreeRTOS/Source/tasks.c.obj
 .text.prvDeleteTCB
                0x0800194c       0x36 cmake/stm32cubemx/CMakeFiles/FreeRTOS.dir/__/__/Middlewares/Third_Party/FreeRTOS/Source/tasks.c.obj
 *fill*         0x08001982        0x2 
 .text.prvIdleTask
                0x08001984       0x60 cmake/stm32cubemx/CMakeFiles/FreeRTOS.dir/__/__/Middlewares/Third_Party/FreeRTOS/Source/tasks.c.obj
 .text.prvInitialiseNewTask.constprop.0
                0x080019e4       0x96 cmake/stm32cubemx/CMakeFiles/FreeRTOS.dir/__/__/Middlewares/Third_Party/FreeRTOS/Source/tasks.c.obj
 .text.xTaskCreateStatic
                0x08001a7a       0x70 cmake/stm32cubemx/CMakeFiles/FreeRTOS.dir/__/__/Middlewares/Third_Party/FreeRTOS/Source/tasks.c.obj
                0x08001a7a                xTaskCreateStatic
 .text.xTaskCreate
                0x08001aea       0x5c cmake/stm32cubemx/CMakeFiles/FreeRTOS.dir/__/__/Middlewares/Third_Party/FreeRTOS/Source/tasks.c.obj
                0x08001aea                xTaskCreate
 *fill*         0x08001b46        0x2 
 .text.vTaskStartScheduler
                0x08001b48       0x8c cmake/stm32cubemx/CMakeFiles/FreeRTOS.dir/__/__/Middlewares/Third_Party/FreeRTOS/Source/tasks.c.obj
                0x08001b48                vTaskStartScheduler
 .text.vTaskSuspendAll
                0x08001bd4       0x10 cmake/stm32cubemx/CMakeFiles/FreeRTOS.dir/__/__/Middlewares/Third_Party/FreeRTOS/Source/tasks.c.obj
                0x08001bd4                vTaskSuspendAll
 .text.xTaskGetTickCount
                0x08001be4        0xc cmake/stm32cubemx/CMakeFiles/FreeRTOS.dir/__/__/Middlewares/Third_Party/FreeRTOS/Source/tasks.c.obj
                0x08001be4                xTaskGetTickCount
 .text.xTaskIncrementTick
                0x08001bf0      0x12c cmake/stm32cubemx/CMakeFiles/FreeRTOS.dir/__/__/Middlewares/Third_Party/FreeRTOS/Source/tasks.c.obj
                0x08001bf0                xTaskIncrementTick
 .text.xTaskResumeAll
                0x08001d1c       0xe8 cmake/stm32cubemx/CMakeFiles/FreeRTOS.dir/__/__/Middlewares/Third_Party/FreeRTOS/Source/tasks.c.obj
                0x08001d1c                xTaskResumeAll
 .text.vTaskDelay
                0x08001e04       0x48 cmake/stm32cubemx/CMakeFiles/FreeRTOS.dir/__/__/Middlewares/Third_Party/FreeRTOS/Source/tasks.c.obj
                0x08001e04                vTaskDelay
 .text.vTaskSwitchContext
                0x08001e4c       0x70 cmake/stm32cubemx/CMakeFiles/FreeRTOS.dir/__/__/Middlewares/Third_Party/FreeRTOS/Source/tasks.c.obj
                0x08001e4c                vTaskSwitchContext
 .text.vTaskPlaceOnEventList
                0x08001ebc       0x34 cmake/stm32cubemx/CMakeFiles/FreeRTOS.dir/__/__/Middlewares/Third_Party/FreeRTOS/Source/tasks.c.obj
                0x08001ebc                vTaskPlaceOnEventList
 .text.vTaskPlaceOnEventListRestricted
                0x08001ef0       0x3c cmake/stm32cubemx/CMakeFiles/FreeRTOS.dir/__/__/Middlewares/Third_Party/FreeRTOS/Source/tasks.c.obj
                0x08001ef0                vTaskPlaceOnEventListRestricted
 .text.xTaskRemoveFromEventList
                0x08001f2c       0x80 cmake/stm32cubemx/CMakeFiles/FreeRTOS.dir/__/__/Middlewares/Third_Party/FreeRTOS/Source/tasks.c.obj
                0x08001f2c                xTaskRemoveFromEventList
 .text.vTaskInternalSetTimeOutState
                0x08001fac       0x18 cmake/stm32cubemx/CMakeFiles/FreeRTOS.dir/__/__/Middlewares/Third_Party/FreeRTOS/Source/tasks.c.obj
                0x08001fac                vTaskInternalSetTimeOutState
 .text.xTaskCheckForTimeOut
                0x08001fc4       0x78 cmake/stm32cubemx/CMakeFiles/FreeRTOS.dir/__/__/Middlewares/Third_Party/FreeRTOS/Source/tasks.c.obj
                0x08001fc4                xTaskCheckForTimeOut
 .text.vTaskMissedYield
                0x0800203c        0xc cmake/stm32cubemx/CMakeFiles/FreeRTOS.dir/__/__/Middlewares/Third_Party/FreeRTOS/Source/tasks.c.obj
                0x0800203c                vTaskMissedYield
 .text.xTaskGetSchedulerState
                0x08002048       0x20 cmake/stm32cubemx/CMakeFiles/FreeRTOS.dir/__/__/Middlewares/Third_Party/FreeRTOS/Source/tasks.c.obj
                0x08002048                xTaskGetSchedulerState
 .text.xTaskPriorityDisinherit
                0x08002068       0x84 cmake/stm32cubemx/CMakeFiles/FreeRTOS.dir/__/__/Middlewares/Third_Party/FreeRTOS/Source/tasks.c.obj
                0x08002068                xTaskPriorityDisinherit
 .text.prvInsertTimerInActiveList
                0x080020ec       0x3c cmake/stm32cubemx/CMakeFiles/FreeRTOS.dir/__/__/Middlewares/Third_Party/FreeRTOS/Source/timers.c.obj
 .text.prvCheckForValidListAndQueue
                0x08002128       0x68 cmake/stm32cubemx/CMakeFiles/FreeRTOS.dir/__/__/Middlewares/Third_Party/FreeRTOS/Source/timers.c.obj
 .text.xTimerCreateTimerTask
                0x08002190       0x64 cmake/stm32cubemx/CMakeFiles/FreeRTOS.dir/__/__/Middlewares/Third_Party/FreeRTOS/Source/timers.c.obj
                0x08002190                xTimerCreateTimerTask
 .text.xTimerGenericCommand
                0x080021f4       0x58 cmake/stm32cubemx/CMakeFiles/FreeRTOS.dir/__/__/Middlewares/Third_Party/FreeRTOS/Source/timers.c.obj
                0x080021f4                xTimerGenericCommand
 .text.prvSwitchTimerLists
                0x0800224c       0x74 cmake/stm32cubemx/CMakeFiles/FreeRTOS.dir/__/__/Middlewares/Third_Party/FreeRTOS/Source/timers.c.obj
 .text.prvTimerTask
                0x080022c0      0x1f0 cmake/stm32cubemx/CMakeFiles/FreeRTOS.dir/__/__/Middlewares/Third_Party/FreeRTOS/Source/timers.c.obj
 .text.SysTick_Handler
                0x080024b0       0x1a cmake/stm32cubemx/CMakeFiles/FreeRTOS.dir/__/__/Middlewares/Third_Party/FreeRTOS/Source/CMSIS_RTOS_V2/cmsis_os2.c.obj
                0x080024b0                SysTick_Handler
 *fill*         0x080024ca        0x2 
 .text.osKernelInitialize
                0x080024cc       0x24 cmake/stm32cubemx/CMakeFiles/FreeRTOS.dir/__/__/Middlewares/Third_Party/FreeRTOS/Source/CMSIS_RTOS_V2/cmsis_os2.c.obj
                0x080024cc                osKernelInitialize
 .text.osKernelStart
                0x080024f0       0x34 cmake/stm32cubemx/CMakeFiles/FreeRTOS.dir/__/__/Middlewares/Third_Party/FreeRTOS/Source/CMSIS_RTOS_V2/cmsis_os2.c.obj
                0x080024f0                osKernelStart
 .text.osThreadNew
                0x08002524       0x88 cmake/stm32cubemx/CMakeFiles/FreeRTOS.dir/__/__/Middlewares/Third_Party/FreeRTOS/Source/CMSIS_RTOS_V2/cmsis_os2.c.obj
                0x08002524                osThreadNew
 .text.osDelay  0x080025ac       0x18 cmake/stm32cubemx/CMakeFiles/FreeRTOS.dir/__/__/Middlewares/Third_Party/FreeRTOS/Source/CMSIS_RTOS_V2/cmsis_os2.c.obj
                0x080025ac                osDelay
 .text.vApplicationGetIdleTaskMemory
                0x080025c4       0x18 cmake/stm32cubemx/CMakeFiles/FreeRTOS.dir/__/__/Middlewares/Third_Party/FreeRTOS/Source/CMSIS_RTOS_V2/cmsis_os2.c.obj
                0x080025c4                vApplicationGetIdleTaskMemory
 .text.vApplicationGetTimerTaskMemory
                0x080025dc       0x18 cmake/stm32cubemx/CMakeFiles/FreeRTOS.dir/__/__/Middlewares/Third_Party/FreeRTOS/Source/CMSIS_RTOS_V2/cmsis_os2.c.obj
                0x080025dc                vApplicationGetTimerTaskMemory
 .text.prvInsertBlockIntoFreeList
                0x080025f4       0x4c cmake/stm32cubemx/CMakeFiles/FreeRTOS.dir/__/__/Middlewares/Third_Party/FreeRTOS/Source/portable/MemMang/heap_4.c.obj
 .text.pvPortMalloc
                0x08002640      0x130 cmake/stm32cubemx/CMakeFiles/FreeRTOS.dir/__/__/Middlewares/Third_Party/FreeRTOS/Source/portable/MemMang/heap_4.c.obj
                0x08002640                pvPortMalloc
 .text.vPortFree
                0x08002770       0x7c cmake/stm32cubemx/CMakeFiles/FreeRTOS.dir/__/__/Middlewares/Third_Party/FreeRTOS/Source/portable/MemMang/heap_4.c.obj
                0x08002770                vPortFree
 .text.prvPortStartFirstTask
                0x080027ec       0x28 cmake/stm32cubemx/CMakeFiles/FreeRTOS.dir/__/__/Middlewares/Third_Party/FreeRTOS/Source/portable/GCC/ARM_CM4F/port.c.obj
 .text.vPortEnableVFP
                0x08002814       0x14 cmake/stm32cubemx/CMakeFiles/FreeRTOS.dir/__/__/Middlewares/Third_Party/FreeRTOS/Source/portable/GCC/ARM_CM4F/port.c.obj
 .text.prvTaskExitError
                0x08002828       0x40 cmake/stm32cubemx/CMakeFiles/FreeRTOS.dir/__/__/Middlewares/Third_Party/FreeRTOS/Source/portable/GCC/ARM_CM4F/port.c.obj
 .text.pxPortInitialiseStack
                0x08002868       0x2c cmake/stm32cubemx/CMakeFiles/FreeRTOS.dir/__/__/Middlewares/Third_Party/FreeRTOS/Source/portable/GCC/ARM_CM4F/port.c.obj
                0x08002868                pxPortInitialiseStack
 *fill*         0x08002894        0xc 
 .text.SVC_Handler
                0x080028a0       0x24 cmake/stm32cubemx/CMakeFiles/FreeRTOS.dir/__/__/Middlewares/Third_Party/FreeRTOS/Source/portable/GCC/ARM_CM4F/port.c.obj
                0x080028a0                SVC_Handler
 .text.vPortEnterCritical
                0x080028c4       0x40 cmake/stm32cubemx/CMakeFiles/FreeRTOS.dir/__/__/Middlewares/Third_Party/FreeRTOS/Source/portable/GCC/ARM_CM4F/port.c.obj
                0x080028c4                vPortEnterCritical
 .text.vPortExitCritical
                0x08002904       0x28 cmake/stm32cubemx/CMakeFiles/FreeRTOS.dir/__/__/Middlewares/Third_Party/FreeRTOS/Source/portable/GCC/ARM_CM4F/port.c.obj
                0x08002904                vPortExitCritical
 *fill*         0x0800292c        0x4 
 .text.PendSV_Handler
                0x08002930       0x64 cmake/stm32cubemx/CMakeFiles/FreeRTOS.dir/__/__/Middlewares/Third_Party/FreeRTOS/Source/portable/GCC/ARM_CM4F/port.c.obj
                0x08002930                PendSV_Handler
 .text.xPortSysTickHandler
                0x08002994       0x2c cmake/stm32cubemx/CMakeFiles/FreeRTOS.dir/__/__/Middlewares/Third_Party/FreeRTOS/Source/portable/GCC/ARM_CM4F/port.c.obj
                0x08002994                xPortSysTickHandler
 .text.vPortSetupTimerInterrupt
                0x080029c0       0x24 cmake/stm32cubemx/CMakeFiles/FreeRTOS.dir/__/__/Middlewares/Third_Party/FreeRTOS/Source/portable/GCC/ARM_CM4F/port.c.obj
                0x080029c0                vPortSetupTimerInterrupt
 .text.xPortStartScheduler
                0x080029e4      0x108 cmake/stm32cubemx/CMakeFiles/FreeRTOS.dir/__/__/Middlewares/Third_Party/FreeRTOS/Source/portable/GCC/ARM_CM4F/port.c.obj
                0x080029e4                xPortStartScheduler
 .text.vPortValidateInterruptPriority
                0x08002aec       0x5c cmake/stm32cubemx/CMakeFiles/FreeRTOS.dir/__/__/Middlewares/Third_Party/FreeRTOS/Source/portable/GCC/ARM_CM4F/port.c.obj
                0x08002aec                vPortValidateInterruptPriority
 .text.lv_disp_get_scr_act
                0x08002b48        0xe LVGL/CMakeFiles/lvgl.dir/LVGL_src/core/lv_disp.c.obj
                0x08002b48                lv_disp_get_scr_act
 .text.lv_disp_get_scr_prev
                0x08002b56        0xe LVGL/CMakeFiles/lvgl.dir/LVGL_src/core/lv_disp.c.obj
                0x08002b56                lv_disp_get_scr_prev
 .text.lv_disp_get_layer_top
                0x08002b64        0xe LVGL/CMakeFiles/lvgl.dir/LVGL_src/core/lv_disp.c.obj
                0x08002b64                lv_disp_get_layer_top
 .text.lv_disp_get_layer_sys
                0x08002b72        0xe LVGL/CMakeFiles/lvgl.dir/LVGL_src/core/lv_disp.c.obj
                0x08002b72                lv_disp_get_layer_sys
 .text.lv_disp_get_theme
                0x08002b80        0xc LVGL/CMakeFiles/lvgl.dir/LVGL_src/core/lv_disp.c.obj
                0x08002b80                lv_disp_get_theme
 .text.lv_disp_is_invalidation_enabled
                0x08002b8c       0x18 LVGL/CMakeFiles/lvgl.dir/LVGL_src/core/lv_disp.c.obj
                0x08002b8c                lv_disp_is_invalidation_enabled
 .text.lv_obj_get_event_dsc.isra.0
                0x08002ba4       0x1a LVGL/CMakeFiles/lvgl.dir/LVGL_src/core/lv_event.c.obj
 .text.lv_obj_event_base
                0x08002bbe       0x2a LVGL/CMakeFiles/lvgl.dir/LVGL_src/core/lv_event.c.obj
                0x08002bbe                lv_obj_event_base
 .text.event_send_core
                0x08002be8      0x108 LVGL/CMakeFiles/lvgl.dir/LVGL_src/core/lv_event.c.obj
 .text.lv_event_send
                0x08002cf0       0x40 LVGL/CMakeFiles/lvgl.dir/LVGL_src/core/lv_event.c.obj
                0x08002cf0                lv_event_send
 .text.lv_event_get_target
                0x08002d30        0x4 LVGL/CMakeFiles/lvgl.dir/LVGL_src/core/lv_event.c.obj
                0x08002d30                lv_event_get_target
 .text.lv_event_get_current_target
                0x08002d34        0x4 LVGL/CMakeFiles/lvgl.dir/LVGL_src/core/lv_event.c.obj
                0x08002d34                lv_event_get_current_target
 .text.lv_event_get_code
                0x08002d38        0x8 LVGL/CMakeFiles/lvgl.dir/LVGL_src/core/lv_event.c.obj
                0x08002d38                lv_event_get_code
 .text.lv_event_get_param
                0x08002d40        0x4 LVGL/CMakeFiles/lvgl.dir/LVGL_src/core/lv_event.c.obj
                0x08002d40                lv_event_get_param
 .text.lv_event_get_user_data
                0x08002d44        0x4 LVGL/CMakeFiles/lvgl.dir/LVGL_src/core/lv_event.c.obj
                0x08002d44                lv_event_get_user_data
 .text._lv_event_mark_deleted
                0x08002d48       0x24 LVGL/CMakeFiles/lvgl.dir/LVGL_src/core/lv_event.c.obj
                0x08002d48                _lv_event_mark_deleted
 .text.lv_obj_add_event_cb
                0x08002d6c       0x5c LVGL/CMakeFiles/lvgl.dir/LVGL_src/core/lv_event.c.obj
                0x08002d6c                lv_obj_add_event_cb
 .text.lv_event_get_indev
                0x08002dc8        0xe LVGL/CMakeFiles/lvgl.dir/LVGL_src/core/lv_event.c.obj
                0x08002dc8                lv_event_get_indev
 .text.lv_event_get_draw_ctx
                0x08002dd6        0xe LVGL/CMakeFiles/lvgl.dir/LVGL_src/core/lv_event.c.obj
                0x08002dd6                lv_event_get_draw_ctx
 .text.lv_event_set_ext_draw_size
                0x08002de4       0x18 LVGL/CMakeFiles/lvgl.dir/LVGL_src/core/lv_event.c.obj
                0x08002de4                lv_event_set_ext_draw_size
 .text.get_indev
                0x08002dfc       0x4c LVGL/CMakeFiles/lvgl.dir/LVGL_src/core/lv_group.c.obj
 .text.focus_next_core
                0x08002e48       0xf0 LVGL/CMakeFiles/lvgl.dir/LVGL_src/core/lv_group.c.obj
 .text._lv_group_init
                0x08002f38        0xc LVGL/CMakeFiles/lvgl.dir/LVGL_src/core/lv_group.c.obj
                0x08002f38                _lv_group_init
 .text.lv_group_get_default
                0x08002f44        0xc LVGL/CMakeFiles/lvgl.dir/LVGL_src/core/lv_group.c.obj
                0x08002f44                lv_group_get_default
 .text.lv_group_focus_next
                0x08002f50       0x28 LVGL/CMakeFiles/lvgl.dir/LVGL_src/core/lv_group.c.obj
                0x08002f50                lv_group_focus_next
 .text.lv_group_focus_prev
                0x08002f78       0x28 LVGL/CMakeFiles/lvgl.dir/LVGL_src/core/lv_group.c.obj
                0x08002f78                lv_group_focus_prev
 .text.lv_group_refocus
                0x08002fa0       0x28 LVGL/CMakeFiles/lvgl.dir/LVGL_src/core/lv_group.c.obj
 .text.lv_group_remove_obj
                0x08002fc8       0x90 LVGL/CMakeFiles/lvgl.dir/LVGL_src/core/lv_group.c.obj
                0x08002fc8                lv_group_remove_obj
 .text.lv_group_add_obj
                0x08003058       0x72 LVGL/CMakeFiles/lvgl.dir/LVGL_src/core/lv_group.c.obj
                0x08003058                lv_group_add_obj
 .text.lv_group_get_focused
                0x080030ca        0xa LVGL/CMakeFiles/lvgl.dir/LVGL_src/core/lv_group.c.obj
                0x080030ca                lv_group_get_focused
 .text.lv_group_send_data
                0x080030d4       0x28 LVGL/CMakeFiles/lvgl.dir/LVGL_src/core/lv_group.c.obj
                0x080030d4                lv_group_send_data
 .text.lv_group_set_editing
                0x080030fc       0x42 LVGL/CMakeFiles/lvgl.dir/LVGL_src/core/lv_group.c.obj
                0x080030fc                lv_group_set_editing
 .text.lv_group_focus_obj
                0x0800313e       0x8a LVGL/CMakeFiles/lvgl.dir/LVGL_src/core/lv_group.c.obj
                0x0800313e                lv_group_focus_obj
 .text.lv_group_get_editing
                0x080031c8        0xa LVGL/CMakeFiles/lvgl.dir/LVGL_src/core/lv_group.c.obj
                0x080031c8                lv_group_get_editing
 .text.lv_group_get_obj_count
                0x080031d2        0x4 LVGL/CMakeFiles/lvgl.dir/LVGL_src/core/lv_group.c.obj
                0x080031d2                lv_group_get_obj_count
 *fill*         0x080031d6        0x2 
 .text.indev_reset_check
                0x080031d8       0x18 LVGL/CMakeFiles/lvgl.dir/LVGL_src/core/lv_indev.c.obj
 .text.indev_proc_reset_query_handler
                0x080031f0       0x34 LVGL/CMakeFiles/lvgl.dir/LVGL_src/core/lv_indev.c.obj
 .text.indev_proc_release
                0x08003224      0x124 LVGL/CMakeFiles/lvgl.dir/LVGL_src/core/lv_indev.c.obj
 .text.lv_indev_get_act
                0x08003348        0xc LVGL/CMakeFiles/lvgl.dir/LVGL_src/core/lv_indev.c.obj
                0x08003348                lv_indev_get_act
 .text.lv_indev_get_type
                0x08003354        0x8 LVGL/CMakeFiles/lvgl.dir/LVGL_src/core/lv_indev.c.obj
                0x08003354                lv_indev_get_type
 .text.lv_indev_reset
                0x0800335c       0xa0 LVGL/CMakeFiles/lvgl.dir/LVGL_src/core/lv_indev.c.obj
                0x0800335c                lv_indev_reset
 .text.lv_indev_reset_long_press
                0x080033fc       0x1a LVGL/CMakeFiles/lvgl.dir/LVGL_src/core/lv_indev.c.obj
                0x080033fc                lv_indev_reset_long_press
 .text.lv_indev_get_point
                0x08003416       0x2c LVGL/CMakeFiles/lvgl.dir/LVGL_src/core/lv_indev.c.obj
                0x08003416                lv_indev_get_point
 .text.lv_indev_get_scroll_dir
                0x08003442       0x1c LVGL/CMakeFiles/lvgl.dir/LVGL_src/core/lv_indev.c.obj
                0x08003442                lv_indev_get_scroll_dir
 .text.lv_indev_get_scroll_obj
                0x0800345e       0x16 LVGL/CMakeFiles/lvgl.dir/LVGL_src/core/lv_indev.c.obj
                0x0800345e                lv_indev_get_scroll_obj
 .text.lv_indev_get_vect
                0x08003474       0x22 LVGL/CMakeFiles/lvgl.dir/LVGL_src/core/lv_indev.c.obj
                0x08003474                lv_indev_get_vect
 .text.lv_indev_wait_release
                0x08003496        0xc LVGL/CMakeFiles/lvgl.dir/LVGL_src/core/lv_indev.c.obj
                0x08003496                lv_indev_wait_release
 *fill*         0x080034a2        0x2 
 .text.lv_indev_get_obj_act
                0x080034a4        0xc LVGL/CMakeFiles/lvgl.dir/LVGL_src/core/lv_indev.c.obj
                0x080034a4                lv_indev_get_obj_act
 .text.lv_indev_search_obj
                0x080034b0       0x76 LVGL/CMakeFiles/lvgl.dir/LVGL_src/core/lv_indev.c.obj
                0x080034b0                lv_indev_search_obj
 *fill*         0x08003526        0x2 
 .text.indev_proc_press
                0x08003528      0x364 LVGL/CMakeFiles/lvgl.dir/LVGL_src/core/lv_indev.c.obj
 .text.lv_indev_read_timer_cb
                0x0800388c      0x730 LVGL/CMakeFiles/lvgl.dir/LVGL_src/core/lv_indev.c.obj
                0x0800388c                lv_indev_read_timer_cb
 .text.elastic_diff
                0x08003fbc      0x17e LVGL/CMakeFiles/lvgl.dir/LVGL_src/core/lv_indev_scroll.c.obj
 *fill*         0x0800413a        0x2 
 .text.find_snap_point_x
                0x0800413c      0x118 LVGL/CMakeFiles/lvgl.dir/LVGL_src/core/lv_indev_scroll.c.obj
 .text.find_snap_point_y
                0x08004254      0x118 LVGL/CMakeFiles/lvgl.dir/LVGL_src/core/lv_indev_scroll.c.obj
 .text._lv_indev_scroll_handler
                0x0800436c      0x524 LVGL/CMakeFiles/lvgl.dir/LVGL_src/core/lv_indev_scroll.c.obj
                0x0800436c                _lv_indev_scroll_handler
 .text._lv_indev_scroll_throw_handler
                0x08004890      0x268 LVGL/CMakeFiles/lvgl.dir/LVGL_src/core/lv_indev_scroll.c.obj
                0x08004890                _lv_indev_scroll_throw_handler
 .text.lv_indev_scroll_throw_predict
                0x08004af8       0x36 LVGL/CMakeFiles/lvgl.dir/LVGL_src/core/lv_indev_scroll.c.obj
                0x08004af8                lv_indev_scroll_throw_predict
 .text.lv_obj_constructor
                0x08004b2e       0x5c LVGL/CMakeFiles/lvgl.dir/LVGL_src/core/lv_obj.c.obj
 .text.lv_obj_set_state
                0x08004b8a      0x218 LVGL/CMakeFiles/lvgl.dir/LVGL_src/core/lv_obj.c.obj
 *fill*         0x08004da2        0x2 
 .text.lv_obj_draw
                0x08004da4      0x464 LVGL/CMakeFiles/lvgl.dir/LVGL_src/core/lv_obj.c.obj
 .text.lv_init  0x08005208       0x54 LVGL/CMakeFiles/lvgl.dir/LVGL_src/core/lv_obj.c.obj
                0x08005208                lv_init
 .text.lv_obj_create
                0x0800525c       0x18 LVGL/CMakeFiles/lvgl.dir/LVGL_src/core/lv_obj.c.obj
                0x0800525c                lv_obj_create
 .text.lv_obj_clear_flag
                0x08005274       0x78 LVGL/CMakeFiles/lvgl.dir/LVGL_src/core/lv_obj.c.obj
                0x08005274                lv_obj_clear_flag
 .text.lv_obj_add_state
                0x080052ec       0x14 LVGL/CMakeFiles/lvgl.dir/LVGL_src/core/lv_obj.c.obj
                0x080052ec                lv_obj_add_state
 .text.lv_obj_clear_state
                0x08005300       0x12 LVGL/CMakeFiles/lvgl.dir/LVGL_src/core/lv_obj.c.obj
                0x08005300                lv_obj_clear_state
 .text.lv_obj_has_flag
                0x08005312        0xc LVGL/CMakeFiles/lvgl.dir/LVGL_src/core/lv_obj.c.obj
                0x08005312                lv_obj_has_flag
 .text.lv_obj_has_flag_any
                0x0800531e        0xc LVGL/CMakeFiles/lvgl.dir/LVGL_src/core/lv_obj.c.obj
                0x0800531e                lv_obj_has_flag_any
 .text.lv_obj_get_state
                0x0800532a        0x4 LVGL/CMakeFiles/lvgl.dir/LVGL_src/core/lv_obj.c.obj
                0x0800532a                lv_obj_get_state
 .text.lv_obj_has_state
                0x0800532e        0xc LVGL/CMakeFiles/lvgl.dir/LVGL_src/core/lv_obj.c.obj
                0x0800532e                lv_obj_has_state
 .text.lv_obj_get_group
                0x0800533a        0x8 LVGL/CMakeFiles/lvgl.dir/LVGL_src/core/lv_obj.c.obj
                0x0800533a                lv_obj_get_group
 .text.lv_obj_event
                0x08005342      0x34e LVGL/CMakeFiles/lvgl.dir/LVGL_src/core/lv_obj.c.obj
 .text.lv_obj_destructor
                0x08005690       0x68 LVGL/CMakeFiles/lvgl.dir/LVGL_src/core/lv_obj.c.obj
 .text.lv_obj_add_flag
                0x080056f8       0x84 LVGL/CMakeFiles/lvgl.dir/LVGL_src/core/lv_obj.c.obj
                0x080056f8                lv_obj_add_flag
 .text.lv_obj_allocate_spec_attr
                0x0800577c       0x38 LVGL/CMakeFiles/lvgl.dir/LVGL_src/core/lv_obj.c.obj
                0x0800577c                lv_obj_allocate_spec_attr
 .text.lv_obj_check_type
                0x080057b4        0xc LVGL/CMakeFiles/lvgl.dir/LVGL_src/core/lv_obj.c.obj
                0x080057b4                lv_obj_check_type
 .text.lv_obj_construct
                0x080057c0       0x22 LVGL/CMakeFiles/lvgl.dir/LVGL_src/core/lv_obj_class.c.obj
 *fill*         0x080057e2        0x2 
 .text.lv_obj_class_create_obj
                0x080057e4       0xd4 LVGL/CMakeFiles/lvgl.dir/LVGL_src/core/lv_obj_class.c.obj
                0x080057e4                lv_obj_class_create_obj
 .text._lv_obj_destruct
                0x080058b8       0x1a LVGL/CMakeFiles/lvgl.dir/LVGL_src/core/lv_obj_class.c.obj
                0x080058b8                _lv_obj_destruct
 .text.lv_obj_is_editable
                0x080058d2       0x14 LVGL/CMakeFiles/lvgl.dir/LVGL_src/core/lv_obj_class.c.obj
                0x080058d2                lv_obj_is_editable
 .text.lv_obj_is_group_def
                0x080058e6       0x14 LVGL/CMakeFiles/lvgl.dir/LVGL_src/core/lv_obj_class.c.obj
                0x080058e6                lv_obj_is_group_def
 .text.lv_obj_class_init_obj
                0x080058fa       0x74 LVGL/CMakeFiles/lvgl.dir/LVGL_src/core/lv_obj_class.c.obj
                0x080058fa                lv_obj_class_init_obj
 .text.lv_obj_get_style_blend_mode
                0x0800596e        0xc LVGL/CMakeFiles/lvgl.dir/LVGL_src/core/lv_obj_draw.c.obj
 .text.lv_obj_get_style_bg_color_filtered
                0x0800597a       0x18 LVGL/CMakeFiles/lvgl.dir/LVGL_src/core/lv_obj_draw.c.obj
 .text.lv_obj_get_style_text_color_filtered
                0x08005992       0x18 LVGL/CMakeFiles/lvgl.dir/LVGL_src/core/lv_obj_draw.c.obj
 .text.lv_obj_init_draw_rect_dsc
                0x080059aa      0x2ae LVGL/CMakeFiles/lvgl.dir/LVGL_src/core/lv_obj_draw.c.obj
                0x080059aa                lv_obj_init_draw_rect_dsc
 .text.lv_obj_init_draw_label_dsc
                0x08005c58       0x9c LVGL/CMakeFiles/lvgl.dir/LVGL_src/core/lv_obj_draw.c.obj
                0x08005c58                lv_obj_init_draw_label_dsc
 .text.lv_obj_init_draw_img_dsc
                0x08005cf4       0xa6 LVGL/CMakeFiles/lvgl.dir/LVGL_src/core/lv_obj_draw.c.obj
                0x08005cf4                lv_obj_init_draw_img_dsc
 .text.lv_obj_init_draw_line_dsc
                0x08005d9a       0xb2 LVGL/CMakeFiles/lvgl.dir/LVGL_src/core/lv_obj_draw.c.obj
                0x08005d9a                lv_obj_init_draw_line_dsc
 .text.lv_obj_init_draw_arc_dsc
                0x08005e4c       0x9c LVGL/CMakeFiles/lvgl.dir/LVGL_src/core/lv_obj_draw.c.obj
                0x08005e4c                lv_obj_init_draw_arc_dsc
 .text.lv_obj_calculate_ext_draw_size
                0x08005ee8       0xce LVGL/CMakeFiles/lvgl.dir/LVGL_src/core/lv_obj_draw.c.obj
                0x08005ee8                lv_obj_calculate_ext_draw_size
 .text.lv_obj_draw_dsc_init
                0x08005fb6       0x10 LVGL/CMakeFiles/lvgl.dir/LVGL_src/core/lv_obj_draw.c.obj
                0x08005fb6                lv_obj_draw_dsc_init
 .text._lv_obj_get_ext_draw_size
                0x08005fc6        0xa LVGL/CMakeFiles/lvgl.dir/LVGL_src/core/lv_obj_draw.c.obj
                0x08005fc6                _lv_obj_get_ext_draw_size
 .text.lv_obj_refresh_ext_draw_size
                0x08005fd0       0x54 LVGL/CMakeFiles/lvgl.dir/LVGL_src/core/lv_obj_draw.c.obj
                0x08005fd0                lv_obj_refresh_ext_draw_size
 .text._lv_obj_get_layer_type
                0x08006024        0xa LVGL/CMakeFiles/lvgl.dir/LVGL_src/core/lv_obj_draw.c.obj
                0x08006024                _lv_obj_get_layer_type
 .text.lv_obj_get_style_base_dir.constprop.0
                0x0800602e        0xe LVGL/CMakeFiles/lvgl.dir/LVGL_src/core/lv_obj_pos.c.obj
 .text.lv_obj_get_style_border_width.constprop.0
                0x0800603c        0xe LVGL/CMakeFiles/lvgl.dir/LVGL_src/core/lv_obj_pos.c.obj
 .text.lv_obj_get_style_pad_right.constprop.0
                0x0800604a        0xe LVGL/CMakeFiles/lvgl.dir/LVGL_src/core/lv_obj_pos.c.obj
 .text.lv_obj_get_style_pad_left.constprop.0
                0x08006058        0xe LVGL/CMakeFiles/lvgl.dir/LVGL_src/core/lv_obj_pos.c.obj
 .text.lv_obj_get_style_pad_bottom.constprop.0
                0x08006066        0xe LVGL/CMakeFiles/lvgl.dir/LVGL_src/core/lv_obj_pos.c.obj
 .text.lv_obj_get_style_pad_top.constprop.0
                0x08006074        0xe LVGL/CMakeFiles/lvgl.dir/LVGL_src/core/lv_obj_pos.c.obj
 .text.transform_point
                0x08006082       0xf2 LVGL/CMakeFiles/lvgl.dir/LVGL_src/core/lv_obj_pos.c.obj
 .text.lv_obj_set_x
                0x08006174       0x2e LVGL/CMakeFiles/lvgl.dir/LVGL_src/core/lv_obj_pos.c.obj
                0x08006174                lv_obj_set_x
 .text.lv_obj_set_y
                0x080061a2       0x2e LVGL/CMakeFiles/lvgl.dir/LVGL_src/core/lv_obj_pos.c.obj
                0x080061a2                lv_obj_set_y
 .text.lv_obj_set_pos
                0x080061d0       0x16 LVGL/CMakeFiles/lvgl.dir/LVGL_src/core/lv_obj_pos.c.obj
                0x080061d0                lv_obj_set_pos
 .text.lv_obj_set_width
                0x080061e6       0x2e LVGL/CMakeFiles/lvgl.dir/LVGL_src/core/lv_obj_pos.c.obj
                0x080061e6                lv_obj_set_width
 .text.lv_obj_set_height
                0x08006214       0x2e LVGL/CMakeFiles/lvgl.dir/LVGL_src/core/lv_obj_pos.c.obj
                0x08006214                lv_obj_set_height
 .text.lv_obj_set_size
                0x08006242       0x16 LVGL/CMakeFiles/lvgl.dir/LVGL_src/core/lv_obj_pos.c.obj
                0x08006242                lv_obj_set_size
 .text.lv_obj_is_layout_positioned
                0x08006258       0x34 LVGL/CMakeFiles/lvgl.dir/LVGL_src/core/lv_obj_pos.c.obj
                0x08006258                lv_obj_is_layout_positioned
 .text.lv_obj_mark_layout_as_dirty
                0x0800628c       0x30 LVGL/CMakeFiles/lvgl.dir/LVGL_src/core/lv_obj_pos.c.obj
                0x0800628c                lv_obj_mark_layout_as_dirty
 .text.lv_obj_set_layout
                0x080062bc       0x16 LVGL/CMakeFiles/lvgl.dir/LVGL_src/core/lv_obj_pos.c.obj
                0x080062bc                lv_obj_set_layout
 *fill*         0x080062d2        0x2 
 .text.lv_layout_register
                0x080062d4       0x3c LVGL/CMakeFiles/lvgl.dir/LVGL_src/core/lv_obj_pos.c.obj
                0x080062d4                lv_layout_register
 .text.lv_obj_align
                0x08006310       0x1c LVGL/CMakeFiles/lvgl.dir/LVGL_src/core/lv_obj_pos.c.obj
                0x08006310                lv_obj_align
 .text.lv_obj_get_coords
                0x0800632c       0x1a LVGL/CMakeFiles/lvgl.dir/LVGL_src/core/lv_obj_pos.c.obj
                0x0800632c                lv_obj_get_coords
 .text.lv_obj_get_x
                0x08006346       0x36 LVGL/CMakeFiles/lvgl.dir/LVGL_src/core/lv_obj_pos.c.obj
                0x08006346                lv_obj_get_x
 .text.lv_obj_get_y
                0x0800637c       0x36 LVGL/CMakeFiles/lvgl.dir/LVGL_src/core/lv_obj_pos.c.obj
                0x0800637c                lv_obj_get_y
 .text.lv_obj_get_y2
                0x080063b2       0x16 LVGL/CMakeFiles/lvgl.dir/LVGL_src/core/lv_obj_pos.c.obj
                0x080063b2                lv_obj_get_y2
 .text.lv_obj_get_width
                0x080063c8        0xc LVGL/CMakeFiles/lvgl.dir/LVGL_src/core/lv_obj_pos.c.obj
                0x080063c8                lv_obj_get_width
 .text.lv_obj_get_height
                0x080063d4        0xc LVGL/CMakeFiles/lvgl.dir/LVGL_src/core/lv_obj_pos.c.obj
                0x080063d4                lv_obj_get_height
 .text.lv_obj_get_content_width
                0x080063e0       0x2c LVGL/CMakeFiles/lvgl.dir/LVGL_src/core/lv_obj_pos.c.obj
                0x080063e0                lv_obj_get_content_width
 .text.lv_obj_get_content_height
                0x0800640c       0x2c LVGL/CMakeFiles/lvgl.dir/LVGL_src/core/lv_obj_pos.c.obj
                0x0800640c                lv_obj_get_content_height
 .text.lv_obj_get_content_coords
                0x08006438       0x60 LVGL/CMakeFiles/lvgl.dir/LVGL_src/core/lv_obj_pos.c.obj
                0x08006438                lv_obj_get_content_coords
 .text.lv_obj_get_self_width
                0x08006498       0x1c LVGL/CMakeFiles/lvgl.dir/LVGL_src/core/lv_obj_pos.c.obj
                0x08006498                lv_obj_get_self_width
 .text.lv_obj_get_self_height
                0x080064b4       0x18 LVGL/CMakeFiles/lvgl.dir/LVGL_src/core/lv_obj_pos.c.obj
                0x080064b4                lv_obj_get_self_height
 .text.lv_obj_refresh_self_size
                0x080064cc       0x34 LVGL/CMakeFiles/lvgl.dir/LVGL_src/core/lv_obj_pos.c.obj
                0x080064cc                lv_obj_refresh_self_size
 .text.lv_obj_move_children_by
                0x08006500       0x6c LVGL/CMakeFiles/lvgl.dir/LVGL_src/core/lv_obj_pos.c.obj
                0x08006500                lv_obj_move_children_by
 .text.lv_obj_transform_point
                0x0800656c       0x5c LVGL/CMakeFiles/lvgl.dir/LVGL_src/core/lv_obj_pos.c.obj
                0x0800656c                lv_obj_transform_point
 .text.lv_obj_get_transformed_area
                0x080065c8       0xe8 LVGL/CMakeFiles/lvgl.dir/LVGL_src/core/lv_obj_pos.c.obj
                0x080065c8                lv_obj_get_transformed_area
 .text.lv_obj_area_is_visible
                0x080066b0       0xf0 LVGL/CMakeFiles/lvgl.dir/LVGL_src/core/lv_obj_pos.c.obj
                0x080066b0                lv_obj_area_is_visible
 .text.lv_obj_invalidate_area
                0x080067a0       0x42 LVGL/CMakeFiles/lvgl.dir/LVGL_src/core/lv_obj_pos.c.obj
                0x080067a0                lv_obj_invalidate_area
 .text.lv_obj_invalidate
                0x080067e2       0x3c LVGL/CMakeFiles/lvgl.dir/LVGL_src/core/lv_obj_pos.c.obj
                0x080067e2                lv_obj_invalidate
 .text.lv_obj_move_to
                0x0800681e      0x12e LVGL/CMakeFiles/lvgl.dir/LVGL_src/core/lv_obj_pos.c.obj
                0x0800681e                lv_obj_move_to
 .text.lv_obj_refr_pos
                0x0800694c      0x258 LVGL/CMakeFiles/lvgl.dir/LVGL_src/core/lv_obj_pos.c.obj
                0x0800694c                lv_obj_refr_pos
 .text.lv_obj_is_visible
                0x08006ba4       0x3c LVGL/CMakeFiles/lvgl.dir/LVGL_src/core/lv_obj_pos.c.obj
                0x08006ba4                lv_obj_is_visible
 .text.lv_obj_set_ext_click_area
                0x08006be0       0x10 LVGL/CMakeFiles/lvgl.dir/LVGL_src/core/lv_obj_pos.c.obj
                0x08006be0                lv_obj_set_ext_click_area
 .text.lv_obj_get_click_area
                0x08006bf0       0x32 LVGL/CMakeFiles/lvgl.dir/LVGL_src/core/lv_obj_pos.c.obj
                0x08006bf0                lv_obj_get_click_area
 .text.lv_obj_hit_test
                0x08006c22       0x62 LVGL/CMakeFiles/lvgl.dir/LVGL_src/core/lv_obj_pos.c.obj
                0x08006c22                lv_obj_hit_test
 .text.lv_clamp_width
                0x08006c84       0x66 LVGL/CMakeFiles/lvgl.dir/LVGL_src/core/lv_obj_pos.c.obj
                0x08006c84                lv_clamp_width
 *fill*         0x08006cea        0x2 
 .text.lv_obj_refr_size
                0x08006cec      0x528 LVGL/CMakeFiles/lvgl.dir/LVGL_src/core/lv_obj_pos.c.obj
                0x08006cec                lv_obj_refr_size
 .text.layout_update_core
                0x08007214       0x94 LVGL/CMakeFiles/lvgl.dir/LVGL_src/core/lv_obj_pos.c.obj
 .text.lv_obj_update_layout
                0x080072a8       0x34 LVGL/CMakeFiles/lvgl.dir/LVGL_src/core/lv_obj_pos.c.obj
                0x080072a8                lv_obj_update_layout
 .text.lv_obj_align_to
                0x080072dc      0x3c4 LVGL/CMakeFiles/lvgl.dir/LVGL_src/core/lv_obj_pos.c.obj
                0x080072dc                lv_obj_align_to
 .text.lv_obj_get_style_base_dir
                0x080076a0        0xc LVGL/CMakeFiles/lvgl.dir/LVGL_src/core/lv_obj_scroll.c.obj
 .text.scroll_anim_ready_cb
                0x080076ac        0xa LVGL/CMakeFiles/lvgl.dir/LVGL_src/core/lv_obj_scroll.c.obj
 .text.lv_obj_set_scrollbar_mode
                0x080076b6       0x28 LVGL/CMakeFiles/lvgl.dir/LVGL_src/core/lv_obj_scroll.c.obj
                0x080076b6                lv_obj_set_scrollbar_mode
 .text.lv_obj_set_scroll_dir
                0x080076de       0x1e LVGL/CMakeFiles/lvgl.dir/LVGL_src/core/lv_obj_scroll.c.obj
                0x080076de                lv_obj_set_scroll_dir
 .text.lv_obj_set_scroll_snap_x
                0x080076fc       0x16 LVGL/CMakeFiles/lvgl.dir/LVGL_src/core/lv_obj_scroll.c.obj
                0x080076fc                lv_obj_set_scroll_snap_x
 .text.lv_obj_set_scroll_snap_y
                0x08007712       0x16 LVGL/CMakeFiles/lvgl.dir/LVGL_src/core/lv_obj_scroll.c.obj
                0x08007712                lv_obj_set_scroll_snap_y
 .text.lv_obj_get_scrollbar_mode
                0x08007728       0x10 LVGL/CMakeFiles/lvgl.dir/LVGL_src/core/lv_obj_scroll.c.obj
                0x08007728                lv_obj_get_scrollbar_mode
 .text.lv_obj_get_scroll_dir
                0x08007738       0x10 LVGL/CMakeFiles/lvgl.dir/LVGL_src/core/lv_obj_scroll.c.obj
                0x08007738                lv_obj_get_scroll_dir
 .text.lv_obj_get_scroll_snap_x
                0x08007748        0xc LVGL/CMakeFiles/lvgl.dir/LVGL_src/core/lv_obj_scroll.c.obj
                0x08007748                lv_obj_get_scroll_snap_x
 .text.lv_obj_get_scroll_snap_y
                0x08007754        0xc LVGL/CMakeFiles/lvgl.dir/LVGL_src/core/lv_obj_scroll.c.obj
                0x08007754                lv_obj_get_scroll_snap_y
 .text.lv_obj_get_scroll_x
                0x08007760        0xe LVGL/CMakeFiles/lvgl.dir/LVGL_src/core/lv_obj_scroll.c.obj
                0x08007760                lv_obj_get_scroll_x
 .text.lv_obj_get_scroll_y
                0x0800776e        0xe LVGL/CMakeFiles/lvgl.dir/LVGL_src/core/lv_obj_scroll.c.obj
                0x0800776e                lv_obj_get_scroll_y
 .text.lv_obj_get_scroll_top
                0x0800777c        0x4 LVGL/CMakeFiles/lvgl.dir/LVGL_src/core/lv_obj_scroll.c.obj
                0x0800777c                lv_obj_get_scroll_top
 .text.lv_obj_get_scroll_bottom
                0x08007780       0xb0 LVGL/CMakeFiles/lvgl.dir/LVGL_src/core/lv_obj_scroll.c.obj
                0x08007780                lv_obj_get_scroll_bottom
 .text.lv_obj_get_scroll_left
                0x08007830       0xcc LVGL/CMakeFiles/lvgl.dir/LVGL_src/core/lv_obj_scroll.c.obj
                0x08007830                lv_obj_get_scroll_left
 .text.lv_obj_get_scroll_right
                0x080078fc       0xc8 LVGL/CMakeFiles/lvgl.dir/LVGL_src/core/lv_obj_scroll.c.obj
                0x080078fc                lv_obj_get_scroll_right
 .text.lv_obj_get_scroll_end
                0x080079c4       0x44 LVGL/CMakeFiles/lvgl.dir/LVGL_src/core/lv_obj_scroll.c.obj
                0x080079c4                lv_obj_get_scroll_end
 .text._lv_obj_scroll_by_raw
                0x08007a08       0x4a LVGL/CMakeFiles/lvgl.dir/LVGL_src/core/lv_obj_scroll.c.obj
                0x08007a08                _lv_obj_scroll_by_raw
 .text.scroll_y_anim
                0x08007a52       0x18 LVGL/CMakeFiles/lvgl.dir/LVGL_src/core/lv_obj_scroll.c.obj
 .text.scroll_x_anim
                0x08007a6a       0x18 LVGL/CMakeFiles/lvgl.dir/LVGL_src/core/lv_obj_scroll.c.obj
 *fill*         0x08007a82        0x2 
 .text.lv_obj_scroll_by
                0x08007a84      0x11c LVGL/CMakeFiles/lvgl.dir/LVGL_src/core/lv_obj_scroll.c.obj
                0x08007a84                lv_obj_scroll_by
 .text.lv_obj_scroll_by_bounded
                0x08007ba0       0xd2 LVGL/CMakeFiles/lvgl.dir/LVGL_src/core/lv_obj_scroll.c.obj
                0x08007ba0                lv_obj_scroll_by_bounded
 *fill*         0x08007c72        0x2 
 .text.lv_obj_scroll_to_x
                0x08007c74       0x2c LVGL/CMakeFiles/lvgl.dir/LVGL_src/core/lv_obj_scroll.c.obj
                0x08007c74                lv_obj_scroll_to_x
 .text.lv_obj_scroll_to_y
                0x08007ca0       0x2c LVGL/CMakeFiles/lvgl.dir/LVGL_src/core/lv_obj_scroll.c.obj
                0x08007ca0                lv_obj_scroll_to_y
 .text.lv_obj_scroll_to
                0x08007ccc       0x1c LVGL/CMakeFiles/lvgl.dir/LVGL_src/core/lv_obj_scroll.c.obj
                0x08007ccc                lv_obj_scroll_to
 .text.scroll_area_into_view
                0x08007ce8      0x2f4 LVGL/CMakeFiles/lvgl.dir/LVGL_src/core/lv_obj_scroll.c.obj
 .text.lv_obj_scroll_to_view_recursive
                0x08007fdc       0x36 LVGL/CMakeFiles/lvgl.dir/LVGL_src/core/lv_obj_scroll.c.obj
                0x08007fdc                lv_obj_scroll_to_view_recursive
 .text.lv_obj_get_scrollbar_area
                0x08008012      0x6c0 LVGL/CMakeFiles/lvgl.dir/LVGL_src/core/lv_obj_scroll.c.obj
                0x08008012                lv_obj_get_scrollbar_area
 .text.lv_obj_scrollbar_invalidate
                0x080086d2       0x40 LVGL/CMakeFiles/lvgl.dir/LVGL_src/core/lv_obj_scroll.c.obj
                0x080086d2                lv_obj_scrollbar_invalidate
 .text.lv_obj_readjust_scroll
                0x08008712       0x94 LVGL/CMakeFiles/lvgl.dir/LVGL_src/core/lv_obj_scroll.c.obj
                0x08008712                lv_obj_readjust_scroll
 .text.refresh_children_style
                0x080087a6       0x3a LVGL/CMakeFiles/lvgl.dir/LVGL_src/core/lv_obj_style.c.obj
 .text.get_local_style
                0x080087e0       0xba LVGL/CMakeFiles/lvgl.dir/LVGL_src/core/lv_obj_style.c.obj
 .text.get_trans_style
                0x0800889a       0x98 LVGL/CMakeFiles/lvgl.dir/LVGL_src/core/lv_obj_style.c.obj
 *fill*         0x08008932        0x2 
 .text.trans_del.isra.0
                0x08008934       0x9c LVGL/CMakeFiles/lvgl.dir/LVGL_src/core/lv_obj_style.c.obj
 .text._lv_obj_style_init
                0x080089d0        0xc LVGL/CMakeFiles/lvgl.dir/LVGL_src/core/lv_obj_style.c.obj
                0x080089d0                _lv_obj_style_init
 .text.lv_obj_enable_style_refresh
                0x080089dc        0xc LVGL/CMakeFiles/lvgl.dir/LVGL_src/core/lv_obj_style.c.obj
                0x080089dc                lv_obj_enable_style_refresh
 .text.lv_obj_get_style_prop
                0x080089e8      0x144 LVGL/CMakeFiles/lvgl.dir/LVGL_src/core/lv_obj_style.c.obj
                0x080089e8                lv_obj_get_style_prop
 .text.trans_anim_start_cb
                0x08008b2c       0x40 LVGL/CMakeFiles/lvgl.dir/LVGL_src/core/lv_obj_style.c.obj
 .text.lv_obj_refresh_style
                0x08008b6c      0x15c LVGL/CMakeFiles/lvgl.dir/LVGL_src/core/lv_obj_style.c.obj
                0x08008b6c                lv_obj_refresh_style
 .text.lv_obj_add_style
                0x08008cc8       0xac LVGL/CMakeFiles/lvgl.dir/LVGL_src/core/lv_obj_style.c.obj
                0x08008cc8                lv_obj_add_style
 .text.report_style_change_core
                0x08008d74       0x52 LVGL/CMakeFiles/lvgl.dir/LVGL_src/core/lv_obj_style.c.obj
 *fill*         0x08008dc6        0x2 
 .text.lv_obj_report_style_change
                0x08008dc8       0x38 LVGL/CMakeFiles/lvgl.dir/LVGL_src/core/lv_obj_style.c.obj
                0x08008dc8                lv_obj_report_style_change
 .text.trans_anim_cb
                0x08008e00      0x140 LVGL/CMakeFiles/lvgl.dir/LVGL_src/core/lv_obj_style.c.obj
 .text.lv_obj_remove_style
                0x08008f40      0x10a LVGL/CMakeFiles/lvgl.dir/LVGL_src/core/lv_obj_style.c.obj
                0x08008f40                lv_obj_remove_style
 *fill*         0x0800904a        0x2 
 .text.trans_anim_ready_cb
                0x0800904c       0xac LVGL/CMakeFiles/lvgl.dir/LVGL_src/core/lv_obj_style.c.obj
 .text.lv_obj_set_local_style_prop
                0x080090f8       0x26 LVGL/CMakeFiles/lvgl.dir/LVGL_src/core/lv_obj_style.c.obj
                0x080090f8                lv_obj_set_local_style_prop
 .text.lv_obj_get_local_style_prop
                0x0800911e       0x3c LVGL/CMakeFiles/lvgl.dir/LVGL_src/core/lv_obj_style.c.obj
                0x0800911e                lv_obj_get_local_style_prop
 .text.lv_obj_remove_local_style_prop
                0x0800915a       0x54 LVGL/CMakeFiles/lvgl.dir/LVGL_src/core/lv_obj_style.c.obj
                0x0800915a                lv_obj_remove_local_style_prop
 *fill*         0x080091ae        0x2 
 .text._lv_obj_style_create_transition
                0x080091b0      0x138 LVGL/CMakeFiles/lvgl.dir/LVGL_src/core/lv_obj_style.c.obj
                0x080091b0                _lv_obj_style_create_transition
 .text._lv_obj_style_apply_color_filter
                0x080092e8       0x38 LVGL/CMakeFiles/lvgl.dir/LVGL_src/core/lv_obj_style.c.obj
                0x080092e8                _lv_obj_style_apply_color_filter
 .text._lv_obj_style_state_compare
                0x08009320      0x202 LVGL/CMakeFiles/lvgl.dir/LVGL_src/core/lv_obj_style.c.obj
                0x08009320                _lv_obj_style_state_compare
 .text.lv_obj_style_get_selector_state
                0x08009522        0x4 LVGL/CMakeFiles/lvgl.dir/LVGL_src/core/lv_obj_style.c.obj
                0x08009522                lv_obj_style_get_selector_state
 .text.lv_obj_style_get_selector_part
                0x08009526        0x6 LVGL/CMakeFiles/lvgl.dir/LVGL_src/core/lv_obj_style.c.obj
                0x08009526                lv_obj_style_get_selector_part
 .text.lv_obj_calculate_style_text_align
                0x0800952c       0x22 LVGL/CMakeFiles/lvgl.dir/LVGL_src/core/lv_obj_style.c.obj
                0x0800952c                lv_obj_calculate_style_text_align
 .text.lv_obj_get_style_opa_recursive
                0x0800954e       0x5a LVGL/CMakeFiles/lvgl.dir/LVGL_src/core/lv_obj_style.c.obj
                0x0800954e                lv_obj_get_style_opa_recursive
 .text.lv_obj_set_style_width
                0x080095a8        0xa LVGL/CMakeFiles/lvgl.dir/LVGL_src/core/lv_obj_style_gen.c.obj
                0x080095a8                lv_obj_set_style_width
 .text.lv_obj_set_style_min_width
                0x080095b2        0xa LVGL/CMakeFiles/lvgl.dir/LVGL_src/core/lv_obj_style_gen.c.obj
                0x080095b2                lv_obj_set_style_min_width
 .text.lv_obj_set_style_max_width
                0x080095bc        0xa LVGL/CMakeFiles/lvgl.dir/LVGL_src/core/lv_obj_style_gen.c.obj
                0x080095bc                lv_obj_set_style_max_width
 .text.lv_obj_set_style_height
                0x080095c6        0xa LVGL/CMakeFiles/lvgl.dir/LVGL_src/core/lv_obj_style_gen.c.obj
                0x080095c6                lv_obj_set_style_height
 .text.lv_obj_set_style_x
                0x080095d0        0xa LVGL/CMakeFiles/lvgl.dir/LVGL_src/core/lv_obj_style_gen.c.obj
                0x080095d0                lv_obj_set_style_x
 .text.lv_obj_set_style_y
                0x080095da        0xa LVGL/CMakeFiles/lvgl.dir/LVGL_src/core/lv_obj_style_gen.c.obj
                0x080095da                lv_obj_set_style_y
 .text.lv_obj_set_style_align
                0x080095e4        0xa LVGL/CMakeFiles/lvgl.dir/LVGL_src/core/lv_obj_style_gen.c.obj
                0x080095e4                lv_obj_set_style_align
 .text.lv_obj_set_style_bg_color
                0x080095ee       0x20 LVGL/CMakeFiles/lvgl.dir/LVGL_src/core/lv_obj_style_gen.c.obj
                0x080095ee                lv_obj_set_style_bg_color
 .text.lv_obj_set_style_bg_opa
                0x0800960e        0xa LVGL/CMakeFiles/lvgl.dir/LVGL_src/core/lv_obj_style_gen.c.obj
                0x0800960e                lv_obj_set_style_bg_opa
 .text.lv_obj_set_style_bg_img_src
                0x08009618        0xa LVGL/CMakeFiles/lvgl.dir/LVGL_src/core/lv_obj_style_gen.c.obj
                0x08009618                lv_obj_set_style_bg_img_src
 .text.lv_obj_set_style_text_color
                0x08009622       0x20 LVGL/CMakeFiles/lvgl.dir/LVGL_src/core/lv_obj_style_gen.c.obj
                0x08009622                lv_obj_set_style_text_color
 .text.lv_obj_set_style_text_font
                0x08009642        0xa LVGL/CMakeFiles/lvgl.dir/LVGL_src/core/lv_obj_style_gen.c.obj
                0x08009642                lv_obj_set_style_text_font
 .text.lv_obj_set_style_text_align
                0x0800964c        0xa LVGL/CMakeFiles/lvgl.dir/LVGL_src/core/lv_obj_style_gen.c.obj
                0x0800964c                lv_obj_set_style_text_align
 .text.lv_obj_set_style_layout
                0x08009656        0xa LVGL/CMakeFiles/lvgl.dir/LVGL_src/core/lv_obj_style_gen.c.obj
                0x08009656                lv_obj_set_style_layout
 .text.lv_obj_set_style_base_dir
                0x08009660        0xa LVGL/CMakeFiles/lvgl.dir/LVGL_src/core/lv_obj_style_gen.c.obj
                0x08009660                lv_obj_set_style_base_dir
 *fill*         0x0800966a        0x2 
 .text.lv_obj_del_async
                0x0800966c        0xc LVGL/CMakeFiles/lvgl.dir/LVGL_src/core/lv_obj_tree.c.obj
                0x0800966c                lv_obj_del_async
 .text.lv_obj_get_screen
                0x08009678       0x10 LVGL/CMakeFiles/lvgl.dir/LVGL_src/core/lv_obj_tree.c.obj
                0x08009678                lv_obj_get_screen
 .text.lv_obj_get_disp
                0x08009688       0x3c LVGL/CMakeFiles/lvgl.dir/LVGL_src/core/lv_obj_tree.c.obj
                0x08009688                lv_obj_get_disp
 .text.lv_obj_get_parent
                0x080096c4        0x6 LVGL/CMakeFiles/lvgl.dir/LVGL_src/core/lv_obj_tree.c.obj
                0x080096c4                lv_obj_get_parent
 .text.lv_obj_get_child
                0x080096ca       0x1e LVGL/CMakeFiles/lvgl.dir/LVGL_src/core/lv_obj_tree.c.obj
                0x080096ca                lv_obj_get_child
 .text.lv_obj_get_child_cnt
                0x080096e8        0x8 LVGL/CMakeFiles/lvgl.dir/LVGL_src/core/lv_obj_tree.c.obj
                0x080096e8                lv_obj_get_child_cnt
 .text.lv_obj_get_index
                0x080096f0       0x38 LVGL/CMakeFiles/lvgl.dir/LVGL_src/core/lv_obj_tree.c.obj
                0x080096f0                lv_obj_get_index
 .text.obj_del_core
                0x08009728       0xfc LVGL/CMakeFiles/lvgl.dir/LVGL_src/core/lv_obj_tree.c.obj
 .text.lv_obj_del
                0x08009824       0x52 LVGL/CMakeFiles/lvgl.dir/LVGL_src/core/lv_obj_tree.c.obj
                0x08009824                lv_obj_del
 .text.lv_obj_del_async_cb
                0x08009876        0x4 LVGL/CMakeFiles/lvgl.dir/LVGL_src/core/lv_obj_tree.c.obj
 .text.lv_obj_set_parent
                0x0800987a       0xd8 LVGL/CMakeFiles/lvgl.dir/LVGL_src/core/lv_obj_tree.c.obj
                0x0800987a                lv_obj_set_parent
 .text.lv_obj_move_to_index
                0x08009952       0x84 LVGL/CMakeFiles/lvgl.dir/LVGL_src/core/lv_obj_tree.c.obj
                0x08009952                lv_obj_move_to_index
 .text.call_flush_cb
                0x080099d6       0x30 LVGL/CMakeFiles/lvgl.dir/LVGL_src/core/lv_refr.c.obj
 .text.lv_refr_get_top_obj
                0x08009a06       0x72 LVGL/CMakeFiles/lvgl.dir/LVGL_src/core/lv_refr.c.obj
 .text._lv_refr_init
                0x08009a78        0x2 LVGL/CMakeFiles/lvgl.dir/LVGL_src/core/lv_refr.c.obj
                0x08009a78                _lv_refr_init
 .text.lv_obj_redraw
                0x08009a7a       0xe4 LVGL/CMakeFiles/lvgl.dir/LVGL_src/core/lv_refr.c.obj
                0x08009a7a                lv_obj_redraw
 *fill*         0x08009b5e        0x2 
 .text.refr_obj
                0x08009b60      0x308 LVGL/CMakeFiles/lvgl.dir/LVGL_src/core/lv_refr.c.obj
 .text.refr_obj_and_children
                0x08009e68       0x8c LVGL/CMakeFiles/lvgl.dir/LVGL_src/core/lv_refr.c.obj
 .text.refr_area_part
                0x08009ef4      0x5a8 LVGL/CMakeFiles/lvgl.dir/LVGL_src/core/lv_refr.c.obj
 .text._lv_inv_area
                0x0800a49c       0xd6 LVGL/CMakeFiles/lvgl.dir/LVGL_src/core/lv_refr.c.obj
                0x0800a49c                _lv_inv_area
 *fill*         0x0800a572        0x2 
 .text._lv_refr_get_disp_refreshing
                0x0800a574        0xc LVGL/CMakeFiles/lvgl.dir/LVGL_src/core/lv_refr.c.obj
                0x0800a574                _lv_refr_get_disp_refreshing
 .text._lv_disp_refr_timer
                0x0800a580      0x524 LVGL/CMakeFiles/lvgl.dir/LVGL_src/core/lv_refr.c.obj
                0x0800a580                _lv_disp_refr_timer
 .text.apply_theme
                0x0800aaa4       0x1e LVGL/CMakeFiles/lvgl.dir/LVGL_src/core/lv_theme.c.obj
 .text.lv_theme_get_from_obj
                0x0800aac2       0x16 LVGL/CMakeFiles/lvgl.dir/LVGL_src/core/lv_theme.c.obj
                0x0800aac2                lv_theme_get_from_obj
 .text.lv_theme_apply
                0x0800aad8       0x28 LVGL/CMakeFiles/lvgl.dir/LVGL_src/core/lv_theme.c.obj
                0x0800aad8                lv_theme_apply
 .text.lv_theme_get_color_primary
                0x0800ab00       0x16 LVGL/CMakeFiles/lvgl.dir/LVGL_src/core/lv_theme.c.obj
                0x0800ab00                lv_theme_get_color_primary
 .text.lv_draw_init
                0x0800ab16        0x2 LVGL/CMakeFiles/lvgl.dir/LVGL_src/draw/lv_draw.c.obj
                0x0800ab16                lv_draw_init
 .text.lv_draw_wait_for_finish
                0x0800ab18        0x8 LVGL/CMakeFiles/lvgl.dir/LVGL_src/draw/lv_draw.c.obj
                0x0800ab18                lv_draw_wait_for_finish
 .text.lv_draw_arc_dsc_init
                0x0800ab20       0x16 LVGL/CMakeFiles/lvgl.dir/LVGL_src/draw/lv_draw_arc.c.obj
                0x0800ab20                lv_draw_arc_dsc_init
 .text.lv_draw_arc
                0x0800ab36       0x2e LVGL/CMakeFiles/lvgl.dir/LVGL_src/draw/lv_draw_arc.c.obj
                0x0800ab36                lv_draw_arc
 .text.lv_draw_arc_get_area
                0x0800ab64      0x450 LVGL/CMakeFiles/lvgl.dir/LVGL_src/draw/lv_draw_arc.c.obj
                0x0800ab64                lv_draw_arc_get_area
 .text.show_error
                0x0800afb4       0x3c LVGL/CMakeFiles/lvgl.dir/LVGL_src/draw/lv_draw_img.c.obj
 .text.lv_draw_img_dsc_init
                0x0800aff0       0x22 LVGL/CMakeFiles/lvgl.dir/LVGL_src/draw/lv_draw_img.c.obj
                0x0800aff0                lv_draw_img_dsc_init
 *fill*         0x0800b012        0x2 
 .text.lv_img_cf_get_px_size
                0x0800b014       0x14 LVGL/CMakeFiles/lvgl.dir/LVGL_src/draw/lv_draw_img.c.obj
                0x0800b014                lv_img_cf_get_px_size
 .text.lv_img_cf_is_chroma_keyed
                0x0800b028        0xe LVGL/CMakeFiles/lvgl.dir/LVGL_src/draw/lv_draw_img.c.obj
                0x0800b028                lv_img_cf_is_chroma_keyed
 .text.lv_img_cf_has_alpha
                0x0800b036       0x14 LVGL/CMakeFiles/lvgl.dir/LVGL_src/draw/lv_draw_img.c.obj
                0x0800b036                lv_img_cf_has_alpha
 .text.lv_img_src_get_type
                0x0800b04a       0x1a LVGL/CMakeFiles/lvgl.dir/LVGL_src/draw/lv_draw_img.c.obj
                0x0800b04a                lv_img_src_get_type
 .text.lv_draw_img_decoded
                0x0800b064       0x16 LVGL/CMakeFiles/lvgl.dir/LVGL_src/draw/lv_draw_img.c.obj
                0x0800b064                lv_draw_img_decoded
 *fill*         0x0800b07a        0x2 
 .text.lv_draw_img
                0x0800b07c      0x22c LVGL/CMakeFiles/lvgl.dir/LVGL_src/draw/lv_draw_img.c.obj
                0x0800b07c                lv_draw_img
 .text.hex_char_to_num
                0x0800b2a8       0x24 LVGL/CMakeFiles/lvgl.dir/LVGL_src/draw/lv_draw_label.c.obj
 .text.lv_draw_label_dsc_init
                0x0800b2cc       0x30 LVGL/CMakeFiles/lvgl.dir/LVGL_src/draw/lv_draw_label.c.obj
                0x0800b2cc                lv_draw_label_dsc_init
 .text.lv_draw_letter
                0x0800b2fc        0xc LVGL/CMakeFiles/lvgl.dir/LVGL_src/draw/lv_draw_label.c.obj
                0x0800b2fc                lv_draw_letter
 .text.lv_draw_label
                0x0800b308      0x564 LVGL/CMakeFiles/lvgl.dir/LVGL_src/draw/lv_draw_label.c.obj
                0x0800b308                lv_draw_label
 .text.lv_draw_layer_create
                0x0800b86c       0x5e LVGL/CMakeFiles/lvgl.dir/LVGL_src/draw/lv_draw_layer.c.obj
                0x0800b86c                lv_draw_layer_create
 .text.lv_draw_layer_adjust
                0x0800b8ca        0x8 LVGL/CMakeFiles/lvgl.dir/LVGL_src/draw/lv_draw_layer.c.obj
                0x0800b8ca                lv_draw_layer_adjust
 .text.lv_draw_layer_blend
                0x0800b8d2        0x8 LVGL/CMakeFiles/lvgl.dir/LVGL_src/draw/lv_draw_layer.c.obj
                0x0800b8d2                lv_draw_layer_blend
 .text.lv_draw_layer_destroy
                0x0800b8da       0x3c LVGL/CMakeFiles/lvgl.dir/LVGL_src/draw/lv_draw_layer.c.obj
                0x0800b8da                lv_draw_layer_destroy
 .text.lv_draw_line_dsc_init
                0x0800b916       0x18 LVGL/CMakeFiles/lvgl.dir/LVGL_src/draw/lv_draw_line.c.obj
                0x0800b916                lv_draw_line_dsc_init
 .text.lv_draw_line
                0x0800b92e       0x1a LVGL/CMakeFiles/lvgl.dir/LVGL_src/draw/lv_draw_line.c.obj
                0x0800b92e                lv_draw_line
 .text.mask_mix
                0x0800b948       0x1c LVGL/CMakeFiles/lvgl.dir/LVGL_src/draw/lv_draw_mask.c.obj
 .text.lv_draw_mask_line
                0x0800b964      0x392 LVGL/CMakeFiles/lvgl.dir/LVGL_src/draw/lv_draw_mask.c.obj
 .text.lv_draw_mask_angle
                0x0800bcf6      0x24a LVGL/CMakeFiles/lvgl.dir/LVGL_src/draw/lv_draw_mask.c.obj
 .text.lv_draw_mask_radius
                0x0800bf40      0x258 LVGL/CMakeFiles/lvgl.dir/LVGL_src/draw/lv_draw_mask.c.obj
 .text.lv_draw_mask_add
                0x0800c198       0x2c LVGL/CMakeFiles/lvgl.dir/LVGL_src/draw/lv_draw_mask.c.obj
                0x0800c198                lv_draw_mask_add
 .text.lv_draw_mask_apply
                0x0800c1c4       0x40 LVGL/CMakeFiles/lvgl.dir/LVGL_src/draw/lv_draw_mask.c.obj
                0x0800c1c4                lv_draw_mask_apply
 .text.lv_draw_mask_remove_id
                0x0800c204       0x28 LVGL/CMakeFiles/lvgl.dir/LVGL_src/draw/lv_draw_mask.c.obj
                0x0800c204                lv_draw_mask_remove_id
 .text.lv_draw_mask_remove_custom
                0x0800c22c       0x2c LVGL/CMakeFiles/lvgl.dir/LVGL_src/draw/lv_draw_mask.c.obj
                0x0800c22c                lv_draw_mask_remove_custom
 .text.lv_draw_mask_free_param
                0x0800c258       0x34 LVGL/CMakeFiles/lvgl.dir/LVGL_src/draw/lv_draw_mask.c.obj
                0x0800c258                lv_draw_mask_free_param
 .text._lv_draw_mask_cleanup
                0x0800c28c       0x28 LVGL/CMakeFiles/lvgl.dir/LVGL_src/draw/lv_draw_mask.c.obj
                0x0800c28c                _lv_draw_mask_cleanup
 .text.lv_draw_mask_is_any
                0x0800c2b4       0x54 LVGL/CMakeFiles/lvgl.dir/LVGL_src/draw/lv_draw_mask.c.obj
                0x0800c2b4                lv_draw_mask_is_any
 .text.lv_draw_mask_line_points_init
                0x0800c308      0x11c LVGL/CMakeFiles/lvgl.dir/LVGL_src/draw/lv_draw_mask.c.obj
                0x0800c308                lv_draw_mask_line_points_init
 .text.lv_draw_mask_line_angle_init
                0x0800c424       0x4c LVGL/CMakeFiles/lvgl.dir/LVGL_src/draw/lv_draw_mask.c.obj
                0x0800c424                lv_draw_mask_line_angle_init
 .text.lv_draw_mask_angle_init
                0x0800c470       0x8c LVGL/CMakeFiles/lvgl.dir/LVGL_src/draw/lv_draw_mask.c.obj
                0x0800c470                lv_draw_mask_angle_init
 .text.lv_draw_mask_radius_init
                0x0800c4fc      0x428 LVGL/CMakeFiles/lvgl.dir/LVGL_src/draw/lv_draw_mask.c.obj
                0x0800c4fc                lv_draw_mask_radius_init
 .text.lv_draw_rect_dsc_init
                0x0800c924       0x4c LVGL/CMakeFiles/lvgl.dir/LVGL_src/draw/lv_draw_rect.c.obj
                0x0800c924                lv_draw_rect_dsc_init
 .text.lv_draw_rect
                0x0800c970       0x28 LVGL/CMakeFiles/lvgl.dir/LVGL_src/draw/lv_draw_rect.c.obj
                0x0800c970                lv_draw_rect
 .text.lv_draw_transform
                0x0800c998       0x36 LVGL/CMakeFiles/lvgl.dir/LVGL_src/draw/lv_draw_transform.c.obj
                0x0800c998                lv_draw_transform
 .text._lv_img_buf_get_transformed_area
                0x0800c9ce       0xfa LVGL/CMakeFiles/lvgl.dir/LVGL_src/draw/lv_img_buf.c.obj
                0x0800c9ce                _lv_img_buf_get_transformed_area
 .text._lv_img_cache_open
                0x0800cac8       0x58 LVGL/CMakeFiles/lvgl.dir/LVGL_src/draw/lv_img_cache.c.obj
                0x0800cac8                _lv_img_cache_open
 .text.lv_img_cache_invalidate_src
                0x0800cb20        0x2 LVGL/CMakeFiles/lvgl.dir/LVGL_src/draw/lv_img_cache.c.obj
                0x0800cb20                lv_img_cache_invalidate_src
 *fill*         0x0800cb22        0x2 
 .text.lv_img_decoder_built_in_info
                0x0800cb24       0xac LVGL/CMakeFiles/lvgl.dir/LVGL_src/draw/lv_img_decoder.c.obj
                0x0800cb24                lv_img_decoder_built_in_info
 .text.lv_img_decoder_built_in_close
                0x0800cbd0       0x30 LVGL/CMakeFiles/lvgl.dir/LVGL_src/draw/lv_img_decoder.c.obj
                0x0800cbd0                lv_img_decoder_built_in_close
 .text.lv_img_decoder_built_in_read_line
                0x0800cc00      0x328 LVGL/CMakeFiles/lvgl.dir/LVGL_src/draw/lv_img_decoder.c.obj
                0x0800cc00                lv_img_decoder_built_in_read_line
 .text.lv_img_decoder_built_in_open
                0x0800cf28      0x1c8 LVGL/CMakeFiles/lvgl.dir/LVGL_src/draw/lv_img_decoder.c.obj
                0x0800cf28                lv_img_decoder_built_in_open
 .text.lv_img_decoder_get_info
                0x0800d0f0       0x54 LVGL/CMakeFiles/lvgl.dir/LVGL_src/draw/lv_img_decoder.c.obj
                0x0800d0f0                lv_img_decoder_get_info
 .text.lv_img_decoder_open
                0x0800d144       0xb8 LVGL/CMakeFiles/lvgl.dir/LVGL_src/draw/lv_img_decoder.c.obj