Archive member included to satisfy reference by file (symbol)

/home/xiucong/ToolChains/STM32Clt/GNU-tools-for-STM32/bin/../lib/gcc/arm-none-eabi/14.3.1/thumb/v7e-m+fp/hard/libgcc.a(_aeabi_ldivmod.o)
                              CMakeFiles/AIAssistant_Proj.dir/Firmware/src/bsp_nt35510.c.obj (__aeabi_ldivmod)
/home/xiucong/ToolChains/STM32Clt/GNU-tools-for-STM32/bin/../lib/gcc/arm-none-eabi/14.3.1/thumb/v7e-m+fp/hard/libgcc.a(_aeabi_uldivmod.o)
                              cmake/stm32cubemx/CMakeFiles/STM32_Drivers.dir/__/__/Drivers/STM32F4xx_HAL_Driver/Src/stm32f4xx_hal_rcc.c.obj (__aeabi_uldivmod)
/home/xiucong/ToolChains/STM32Clt/GNU-tools-for-STM32/bin/../lib/gcc/arm-none-eabi/14.3.1/thumb/v7e-m+fp/hard/libgcc.a(_udivmoddi4.o)
                              /home/xiucong/ToolChains/STM32Clt/GNU-tools-for-STM32/bin/../lib/gcc/arm-none-eabi/14.3.1/thumb/v7e-m+fp/hard/libgcc.a(_aeabi_ldivmod.o) (__udivmoddi4)
/home/xiucong/ToolChains/STM32Clt/GNU-tools-for-STM32/bin/../lib/gcc/arm-none-eabi/14.3.1/thumb/v7e-m+fp/hard/libgcc.a(_dvmd_tls.o)
                              /home/xiucong/ToolChains/STM32Clt/GNU-tools-for-STM32/bin/../lib/gcc/arm-none-eabi/14.3.1/thumb/v7e-m+fp/hard/libgcc.a(_aeabi_ldivmod.o) (__aeabi_ldiv0)
/home/xiucong/ToolChains/STM32Clt/GNU-tools-for-STM32/bin/../lib/gcc/arm-none-eabi/14.3.1/../../../../arm-none-eabi/lib/thumb/v7e-m+fp/hard/libg_nano.a(libc_a-exit.o)
                              /home/xiucong/ToolChains/STM32Clt/GNU-tools-for-STM32/bin/../lib/gcc/arm-none-eabi/14.3.1/../../../../arm-none-eabi/lib/thumb/v7e-m+fp/hard/crt0.o (exit)
/home/xiucong/ToolChains/STM32Clt/GNU-tools-for-STM32/bin/../lib/gcc/arm-none-eabi/14.3.1/../../../../arm-none-eabi/lib/thumb/v7e-m+fp/hard/libg_nano.a(libc_a-findfp.o)
                              /home/xiucong/ToolChains/STM32Clt/GNU-tools-for-STM32/bin/../lib/gcc/arm-none-eabi/14.3.1/../../../../arm-none-eabi/lib/thumb/v7e-m+fp/hard/libg_nano.a(libc_a-exit.o) (__stdio_exit_handler)
/home/xiucong/ToolChains/STM32Clt/GNU-tools-for-STM32/bin/../lib/gcc/arm-none-eabi/14.3.1/../../../../arm-none-eabi/lib/thumb/v7e-m+fp/hard/libg_nano.a(libc_a-fwalk.o)
                              /home/xiucong/ToolChains/STM32Clt/GNU-tools-for-STM32/bin/../lib/gcc/arm-none-eabi/14.3.1/../../../../arm-none-eabi/lib/thumb/v7e-m+fp/hard/libg_nano.a(libc_a-findfp.o) (_fwalk_sglue)
/home/xiucong/ToolChains/STM32Clt/GNU-tools-for-STM32/bin/../lib/gcc/arm-none-eabi/14.3.1/../../../../arm-none-eabi/lib/thumb/v7e-m+fp/hard/libg_nano.a(libc_a-stdio.o)
                              /home/xiucong/ToolChains/STM32Clt/GNU-tools-for-STM32/bin/../lib/gcc/arm-none-eabi/14.3.1/../../../../arm-none-eabi/lib/thumb/v7e-m+fp/hard/libg_nano.a(libc_a-findfp.o) (__sread)
/home/xiucong/ToolChains/STM32Clt/GNU-tools-for-STM32/bin/../lib/gcc/arm-none-eabi/14.3.1/../../../../arm-none-eabi/lib/thumb/v7e-m+fp/hard/libg_nano.a(libc_a-memcmp.o)
                              LVGL/CMakeFiles/lvgl.dir/LVGL_src/font/lv_font_loader.c.obj (memcmp)
/home/xiucong/ToolChains/STM32Clt/GNU-tools-for-STM32/bin/../lib/gcc/arm-none-eabi/14.3.1/../../../../arm-none-eabi/lib/thumb/v7e-m+fp/hard/libg_nano.a(libc_a-memmove.o)
                              LVGL/CMakeFiles/lvgl.dir/LVGL_src/extra/libs/qrcode/qrcodegen.c.obj (memmove)
/home/xiucong/ToolChains/STM32Clt/GNU-tools-for-STM32/bin/../lib/gcc/arm-none-eabi/14.3.1/../../../../arm-none-eabi/lib/thumb/v7e-m+fp/hard/libg_nano.a(libc_a-memset.o)
                              /home/xiucong/ToolChains/STM32Clt/GNU-tools-for-STM32/bin/../lib/gcc/arm-none-eabi/14.3.1/../../../../arm-none-eabi/lib/thumb/v7e-m+fp/hard/crt0.o (memset)
/home/xiucong/ToolChains/STM32Clt/GNU-tools-for-STM32/bin/../lib/gcc/arm-none-eabi/14.3.1/../../../../arm-none-eabi/lib/thumb/v7e-m+fp/hard/libg_nano.a(libc_a-strcat.o)
                              LVGL/CMakeFiles/lvgl.dir/LVGL_src/widgets/lv_dropdown.c.obj (strcat)
/home/xiucong/ToolChains/STM32Clt/GNU-tools-for-STM32/bin/../lib/gcc/arm-none-eabi/14.3.1/../../../../arm-none-eabi/lib/thumb/v7e-m+fp/hard/libg_nano.a(libc_a-strchr.o)
                              LVGL/CMakeFiles/lvgl.dir/LVGL_src/extra/libs/qrcode/qrcodegen.c.obj (strchr)
/home/xiucong/ToolChains/STM32Clt/GNU-tools-for-STM32/bin/../lib/gcc/arm-none-eabi/14.3.1/../../../../arm-none-eabi/lib/thumb/v7e-m+fp/hard/libg_nano.a(libc_a-strncmp.o)
                              CMakeFiles/AIAssistant_Proj.dir/Firmware/src/bsp_gt1151.c.obj (strncmp)
/home/xiucong/ToolChains/STM32Clt/GNU-tools-for-STM32/bin/../lib/gcc/arm-none-eabi/14.3.1/../../../../arm-none-eabi/lib/thumb/v7e-m+fp/hard/libg_nano.a(libc_a-closer.o)
                              /home/xiucong/ToolChains/STM32Clt/GNU-tools-for-STM32/bin/../lib/gcc/arm-none-eabi/14.3.1/../../../../arm-none-eabi/lib/thumb/v7e-m+fp/hard/libg_nano.a(libc_a-stdio.o) (_close_r)
[...]
Memory Configuration

Name             Origin             Length             Attributes
RAM              0x20000000         0x00020000         xrw
CCMRAM           0x10000000         0x00010000         xrw
FLASH            0x08000000         0x00100000         xr
EXTSRAM          0x68000000         0x00100000         xrw
*default*        0x00000000         0xffffffff

Linker script and memory map

LOAD /home/xiucong/ToolChains/STM32Clt/GNU-tools-for-STM32/bin/../lib/gcc/arm-none-eabi/14.3.1/thumb/v7e-m+fp/hard/crti.o
LOAD /home/xiucong/ToolChains/STM32Clt/GNU-tools-for-STM32/bin/../lib/gcc/arm-none-eabi/14.3.1/thumb/v7e-m+fp/hard/crtbegin.o
LOAD /home/xiucong/ToolChains/STM32Clt/GNU-tools-for-STM32/bin/../lib/gcc/arm-none-eabi/14.3.1/../../../../arm-none-eabi/lib/thumb/v7e-m+fp/hard/crt0.o
LOAD cmake/stm32cubemx/CMakeFiles/STM32_Drivers.dir/__/__/Core/Src/system_stm32f4xx.c.obj
LOAD cmake/stm32cubemx/CMakeFiles/STM32_Drivers.dir/__/__/Drivers/STM32F4xx_HAL_Driver/Src/stm32f4xx_hal_tim.c.obj
LOAD cmake/stm32cubemx/CMakeFiles/STM32_Drivers.dir/__/__/Drivers/STM32F4xx_HAL_Driver/Src/stm32f4xx_hal_tim_ex.c.obj
LOAD cmake/stm32cubemx/CMakeFiles/STM32_Drivers.dir/__/__/Drivers/STM32F4xx_HAL_Driver/Src/stm32f4xx_hal_rcc.c.obj
LOAD cmake/stm32cubemx/CMakeFiles/STM32_Drivers.dir/__/__/Drivers/STM32F4xx_HAL_Driver/Src/stm32f4xx_hal_rcc_ex.c.obj
LOAD cmake/stm32cubemx/CMakeFiles/STM32_Drivers.dir/__/__/Drivers/STM32F4xx_HAL_Driver/Src/stm32f4xx_hal_flash.c.obj
LOAD cmake/stm32cubemx/CMakeFiles/STM32_Drivers.dir/__/__/Drivers/STM32F4xx_HAL_Driver/Src/stm32f4xx_hal_flash_ex.c.obj
LOAD cmake/stm32cubemx/CMakeFiles/STM32_Drivers.dir/__/__/Drivers/STM32F4xx_HAL_Driver/Src/stm32f4xx_hal_flash_ramfunc.c.obj
LOAD cmake/stm32cubemx/CMakeFiles/STM32_Drivers.dir/__/__/Drivers/STM32F4xx_HAL_Driver/Src/stm32f4xx_hal_gpio.c.obj
LOAD cmake/stm32cubemx/CMakeFiles/STM32_Drivers.dir/__/__/Drivers/STM32F4xx_HAL_Driver/Src/stm32f4xx_hal_dma_ex.c.obj
LOAD cmake/stm32cubemx/CMakeFiles/STM32_Drivers.dir/__/__/Drivers/STM32F4xx_HAL_Driver/Src/stm32f4xx_hal_dma.c.obj
LOAD cmake/stm32cubemx/CMakeFiles/STM32_Drivers.dir/__/__/Drivers/STM32F4xx_HAL_Driver/Src/stm32f4xx_hal_pwr.c.obj
LOAD cmake/stm32cubemx/CMakeFiles/STM32_Drivers.dir/__/__/Drivers/STM32F4xx_HAL_Driver/Src/stm32f4xx_hal_pwr_ex.c.obj
LOAD cmake/stm32cubemx/CMakeFiles/STM32_Drivers.dir/__/__/Drivers/STM32F4xx_HAL_Driver/Src/stm32f4xx_hal_cortex.c.obj
LOAD cmake/stm32cubemx/CMakeFiles/STM32_Drivers.dir/__/__/Drivers/STM32F4xx_HAL_Driver/Src/stm32f4xx_hal.c.obj
LOAD cmake/stm32cubemx/CMakeFiles/STM32_Drivers.dir/__/__/Drivers/STM32F4xx_HAL_Driver/Src/stm32f4xx_hal_exti.c.obj
LOAD cmake/stm32cubemx/CMakeFiles/STM32_Drivers.dir/__/__/Drivers/STM32F4xx_HAL_Driver/Src/stm32f4xx_ll_fsmc.c.obj
LOAD cmake/stm32cubemx/CMakeFiles/STM32_Drivers.dir/__/__/Drivers/STM32F4xx_HAL_Driver/Src/stm32f4xx_hal_nor.c.obj
LOAD cmake/stm32cubemx/CMakeFiles/STM32_Drivers.dir/__/__/Drivers/STM32F4xx_HAL_Driver/Src/stm32f4xx_hal_sram.c.obj
LOAD cmake/stm32cubemx/CMakeFiles/STM32_Drivers.dir/__/__/Drivers/STM32F4xx_HAL_Driver/Src/stm32f4xx_hal_nand.c.obj
LOAD cmake/stm32cubemx/CMakeFiles/STM32_Drivers.dir/__/__/Drivers/STM32F4xx_HAL_Driver/Src/stm32f4xx_hal_pccard.c.obj
LOAD cmake/stm32cubemx/CMakeFiles/FreeRTOS.dir/__/__/Middlewares/Third_Party/FreeRTOS/Source/croutine.c.obj
LOAD cmake/stm32cubemx/CMakeFiles/FreeRTOS.dir/__/__/Middlewares/Third_Party/FreeRTOS/Source/event_groups.c.obj
LOAD cmake/stm32cubemx/CMakeFiles/FreeRTOS.dir/__/__/Middlewares/Third_Party/FreeRTOS/Source/list.c.obj
LOAD cmake/stm32cubemx/CMakeFiles/FreeRTOS.dir/__/__/Middlewares/Third_Party/FreeRTOS/Source/queue.c.obj
LOAD cmake/stm32cubemx/CMakeFiles/FreeRTOS.dir/__/__/Middlewares/Third_Party/FreeRTOS/Source/stream_buffer.c.obj
LOAD cmake/stm32cubemx/CMakeFiles/FreeRTOS.dir/__/__/Middlewares/Third_Party/FreeRTOS/Source/tasks.c.obj
LOAD cmake/stm32cubemx/CMakeFiles/FreeRTOS.dir/__/__/Middlewares/Third_Party/FreeRTOS/Source/timers.c.obj
LOAD cmake/stm32cubemx/CMakeFiles/FreeRTOS.dir/__/__/Middlewares/Third_Party/FreeRTOS/Source/CMSIS_RTOS_V2/cmsis_os2.c.obj
LOAD cmake/stm32cubemx/CMakeFiles/FreeRTOS.dir/__/__/Middlewares/Third_Party/FreeRTOS/Source/portable/MemMang/heap_4.c.obj
LOAD cmake/stm32cubemx/CMakeFiles/FreeRTOS.dir/__/__/Middlewares/Third_Party/FreeRTOS/Source/portable/GCC/ARM_CM4F/port.c.obj
LOAD LVGL/CMakeFiles/lvgl.dir/LVGL_src/core/lv_disp.c.obj
LOAD LVGL/CMakeFiles/lvgl.dir/LVGL_src/core/lv_event.c.obj
LOAD LVGL/CMakeFiles/lvgl.dir/LVGL_src/core/lv_group.c.obj
LOAD LVGL/CMakeFiles/lvgl.dir/LVGL_src/core/lv_indev.c.obj
LOAD LVGL/CMakeFiles/lvgl.dir/LVGL_src/core/lv_indev_scroll.c.obj
LOAD LVGL/CMakeFiles/lvgl.dir/LVGL_src/core/lv_obj.c.obj
LOAD LVGL/CMakeFiles/lvgl.dir/LVGL_src/core/lv_obj_class.c.obj
LOAD LVGL/CMakeFiles/lvgl.dir/LVGL_src/core/lv_obj_draw.c.obj
LOAD LVGL/CMakeFiles/lvgl.dir/LVGL_src/core/lv_obj_pos.c.obj
LOAD LVGL/CMakeFiles/lvgl.dir/LVGL_src/core/lv_obj_scroll.c.obj
LOAD LVGL/CMakeFiles/lvgl.dir/LVGL_src/core/lv_obj_style.c.obj
LOAD LVGL/CMakeFiles/lvgl.dir/LVGL_src/core/lv_obj_style_gen.c.obj
LOAD LVGL/CMakeFiles/lvgl.dir/LVGL_src/core/lv_obj_tree.c.obj
LOAD LVGL/CMakeFiles/lvgl.dir/LVGL_src/core/lv_refr.c.obj
LOAD LVGL/CMakeFiles/lvgl.dir/LVGL_src/core/lv_theme.c.obj
LOAD LVGL/CMakeFiles/lvgl.dir/LVGL_src/draw/arm2d/lv_gpu_arm2d.c.obj
LOAD LVGL/CMakeFiles/lvgl.dir/LVGL_src/draw/lv_draw.c.obj
LOAD LVGL/CMakeFiles/lvgl.dir/LVGL_src/draw/lv_draw_arc.c.obj
LOAD LVGL/CMakeFiles/lvgl.dir/LVGL_src/draw/lv_draw_img.c.obj
LOAD LVGL/CMakeFiles/lvgl.dir/LVGL_src/draw/lv_draw_label.c.obj
LOAD LVGL/CMakeFiles/lvgl.dir/LVGL_src/draw/lv_draw_layer.c.obj
LOAD LVGL/CMakeFiles/lvgl.dir/LVGL_src/draw/lv_draw_line.c.obj
LOAD LVGL/CMakeFiles/lvgl.dir/LVGL_src/draw/lv_draw_mask.c.obj
LOAD LVGL/CMakeFiles/lvgl.dir/LVGL_src/draw/lv_draw_rect.c.obj
LOAD LVGL/CMakeFiles/lvgl.dir/LVGL_src/draw/lv_draw_transform.c.obj
LOAD LVGL/CMakeFiles/lvgl.dir/LVGL_src/draw/lv_draw_triangle.c.obj
LOAD LVGL/CMakeFiles/lvgl.dir/LVGL_src/draw/lv_img_buf.c.obj
LOAD LVGL/CMakeFiles/lvgl.dir/LVGL_src/draw/lv_img_cache.c.obj
LOAD LVGL/CMakeFiles/lvgl.dir/LVGL_src/draw/lv_img_decoder.c.obj
LOAD LVGL/CMakeFiles/lvgl.dir/LVGL_src/draw/nxp/pxp/lv_draw_pxp.c.obj
LOAD LVGL/CMakeFiles/lvgl.dir/LVGL_src/draw/nxp/pxp/lv_draw_pxp_blend.c.obj
LOAD LVGL/CMakeFiles/lvgl.dir/LVGL_src/draw/nxp/pxp/lv_gpu_nxp_pxp.c.obj
LOAD LVGL/CMakeFiles/lvgl.dir/LVGL_src/draw/nxp/pxp/lv_gpu_nxp_pxp_osa.c.obj
LOAD LVGL/CMakeFiles/lvgl.dir/LVGL_src/draw/nxp/vglite/lv_draw_vglite.c.obj
LOAD LVGL/CMakeFiles/lvgl.dir/LVGL_src/draw/nxp/vglite/lv_draw_vglite_arc.c.obj
LOAD LVGL/CMakeFiles/lvgl.dir/LVGL_src/draw/nxp/vglite/lv_draw_vglite_blend.c.obj
LOAD LVGL/CMakeFiles/lvgl.dir/LVGL_src/draw/nxp/vglite/lv_draw_vglite_line.c.obj
LOAD LVGL/CMakeFiles/lvgl.dir/LVGL_src/draw/nxp/vglite/lv_draw_vglite_rect.c.obj
LOAD LVGL/CMakeFiles/lvgl.dir/LVGL_src/draw/nxp/vglite/lv_vglite_buf.c.obj
LOAD LVGL/CMakeFiles/lvgl.dir/LVGL_src/draw/nxp/vglite/lv_vglite_utils.c.obj
LOAD LVGL/CMakeFiles/lvgl.dir/LVGL_src/draw/renesas/lv_gpu_d2_draw_label.c.obj
LOAD LVGL/CMakeFiles/lvgl.dir/LVGL_src/draw/renesas/lv_gpu_d2_ra6m3.c.obj
LOAD LVGL/CMakeFiles/lvgl.dir/LVGL_src/draw/sdl/lv_draw_sdl.c.obj
LOAD LVGL/CMakeFiles/lvgl.dir/LVGL_src/draw/sdl/lv_draw_sdl_arc.c.obj
LOAD LVGL/CMakeFiles/lvgl.dir/LVGL_src/draw/sdl/lv_draw_sdl_bg.c.obj
LOAD LVGL/CMakeFiles/lvgl.dir/LVGL_src/draw/sdl/lv_draw_sdl_composite.c.obj
LOAD LVGL/CMakeFiles/lvgl.dir/LVGL_src/draw/sdl/lv_draw_sdl_img.c.obj
LOAD LVGL/CMakeFiles/lvgl.dir/LVGL_src/draw/sdl/lv_draw_sdl_label.c.obj
LOAD LVGL/CMakeFiles/lvgl.dir/LVGL_src/draw/sdl/lv_draw_sdl_layer.c.obj
LOAD LVGL/CMakeFiles/lvgl.dir/LVGL_src/draw/sdl/lv_draw_sdl_line.c.obj
LOAD LVGL/CMakeFiles/lvgl.dir/LVGL_src/draw/sdl/lv_draw_sdl_mask.c.obj
LOAD LVGL/CMakeFiles/lvgl.dir/LVGL_src/draw/sdl/lv_draw_sdl_polygon.c.obj
LOAD LVGL/CMakeFiles/lvgl.dir/LVGL_src/draw/sdl/lv_draw_sdl_rect.c.obj
LOAD LVGL/CMakeFiles/lvgl.dir/LVGL_src/draw/sdl/lv_draw_sdl_stack_blur.c.obj
LOAD LVGL/CMakeFiles/lvgl.dir/LVGL_src/draw/sdl/lv_draw_sdl_texture_cache.c.obj
LOAD LVGL/CMakeFiles/lvgl.dir/LVGL_src/draw/sdl/lv_draw_sdl_utils.c.obj
LOAD LVGL/CMakeFiles/lvgl.dir/LVGL_src/draw/stm32_dma2d/lv_gpu_stm32_dma2d.c.obj
LOAD LVGL/CMakeFiles/lvgl.dir/LVGL_src/draw/sw/lv_draw_sw.c.obj
LOAD LVGL/CMakeFiles/lvgl.dir/LVGL_src/draw/sw/lv_draw_sw_arc.c.obj
LOAD LVGL/CMakeFiles/lvgl.dir/LVGL_src/draw/sw/lv_draw_sw_blend.c.obj
LOAD LVGL/CMakeFiles/lvgl.dir/LVGL_src/draw/sw/lv_draw_sw_dither.c.obj
LOAD LVGL/CMakeFiles/lvgl.dir/LVGL_src/draw/sw/lv_draw_sw_gradient.c.obj
LOAD LVGL/CMakeFiles/lvgl.dir/LVGL_src/draw/sw/lv_draw_sw_img.c.obj
LOAD LVGL/CMakeFiles/lvgl.dir/LVGL_src/draw/sw/lv_draw_sw_layer.c.obj
LOAD LVGL/CMakeFiles/lvgl.dir/LVGL_src/draw/sw/lv_draw_sw_letter.c.obj
LOAD LVGL/CMakeFiles/lvgl.dir/LVGL_src/draw/sw/lv_draw_sw_line.c.obj
LOAD LVGL/CMakeFiles/lvgl.dir/LVGL_src/draw/sw/lv_draw_sw_polygon.c.obj
LOAD LVGL/CMakeFiles/lvgl.dir/LVGL_src/draw/sw/lv_draw_sw_rect.c.obj
LOAD LVGL/CMakeFiles/lvgl.dir/LVGL_src/draw/sw/lv_draw_sw_transform.c.obj
LOAD LVGL/CMakeFiles/lvgl.dir/LVGL_src/draw/swm341_dma2d/lv_gpu_swm341_dma2d.c.obj
LOAD LVGL/CMakeFiles/lvgl.dir/LVGL_src/extra/layouts/flex/lv_flex.c.obj
LOAD LVGL/CMakeFiles/lvgl.dir/LVGL_src/extra/layouts/grid/lv_grid.c.obj
LOAD LVGL/CMakeFiles/lvgl.dir/LVGL_src/extra/libs/bmp/lv_bmp.c.obj
LOAD LVGL/CMakeFiles/lvgl.dir/LVGL_src/extra/libs/ffmpeg/lv_ffmpeg.c.obj
LOAD LVGL/CMakeFiles/lvgl.dir/LVGL_src/extra/libs/freetype/lv_freetype.c.obj
LOAD LVGL/CMakeFiles/lvgl.dir/LVGL_src/extra/libs/fsdrv/lv_fs_fatfs.c.obj
LOAD LVGL/CMakeFiles/lvgl.dir/LVGL_src/extra/libs/fsdrv/lv_fs_littlefs.c.obj
LOAD LVGL/CMakeFiles/lvgl.dir/LVGL_src/extra/libs/fsdrv/lv_fs_posix.c.obj
LOAD LVGL/CMakeFiles/lvgl.dir/LVGL_src/extra/libs/fsdrv/lv_fs_stdio.c.obj
LOAD LVGL/CMakeFiles/lvgl.dir/LVGL_src/extra/libs/fsdrv/lv_fs_win32.c.obj
LOAD LVGL/CMakeFiles/lvgl.dir/LVGL_src/extra/libs/gif/gifdec.c.obj
LOAD LVGL/CMakeFiles/lvgl.dir/LVGL_src/extra/libs/gif/lv_gif.c.obj
LOAD LVGL/CMakeFiles/lvgl.dir/LVGL_src/extra/libs/png/lodepng.c.obj
LOAD LVGL/CMakeFiles/lvgl.dir/LVGL_src/extra/libs/png/lv_png.c.obj
LOAD LVGL/CMakeFiles/lvgl.dir/LVGL_src/extra/libs/qrcode/lv_qrcode.c.obj
LOAD LVGL/CMakeFiles/lvgl.dir/LVGL_src/extra/libs/qrcode/qrcodegen.c.obj
LOAD LVGL/CMakeFiles/lvgl.dir/LVGL_src/extra/libs/rlottie/lv_rlottie.c.obj
LOAD LVGL/CMakeFiles/lvgl.dir/LVGL_src/extra/libs/sjpg/lv_sjpg.c.obj
LOAD LVGL/CMakeFiles/lvgl.dir/LVGL_src/extra/libs/sjpg/tjpgd.c.obj
LOAD LVGL/CMakeFiles/lvgl.dir/LVGL_src/extra/libs/tiny_ttf/lv_tiny_ttf.c.obj
LOAD LVGL/CMakeFiles/lvgl.dir/LVGL_src/extra/lv_extra.c.obj
LOAD LVGL/CMakeFiles/lvgl.dir/LVGL_src/extra/others/fragment/lv_fragment.c.obj
LOAD LVGL/CMakeFiles/lvgl.dir/LVGL_src/extra/others/fragment/lv_fragment_manager.c.obj
LOAD LVGL/CMakeFiles/lvgl.dir/LVGL_src/extra/others/gridnav/lv_gridnav.c.obj
LOAD LVGL/CMakeFiles/lvgl.dir/LVGL_src/extra/others/ime/lv_ime_pinyin.c.obj
LOAD LVGL/CMakeFiles/lvgl.dir/LVGL_src/extra/others/imgfont/lv_imgfont.c.obj
LOAD LVGL/CMakeFiles/lvgl.dir/LVGL_src/extra/others/monkey/lv_monkey.c.obj
LOAD LVGL/CMakeFiles/lvgl.dir/LVGL_src/extra/others/msg/lv_msg.c.obj
LOAD LVGL/CMakeFiles/lvgl.dir/LVGL_src/extra/others/snapshot/lv_snapshot.c.obj
LOAD LVGL/CMakeFiles/lvgl.dir/LVGL_src/extra/themes/basic/lv_theme_basic.c.obj
LOAD LVGL/CMakeFiles/lvgl.dir/LVGL_src/extra/themes/default/lv_theme_default.c.obj
LOAD LVGL/CMakeFiles/lvgl.dir/LVGL_src/extra/themes/mono/lv_theme_mono.c.obj
LOAD LVGL/CMakeFiles/lvgl.dir/LVGL_src/extra/widgets/animimg/lv_animimg.c.obj
LOAD LVGL/CMakeFiles/lvgl.dir/LVGL_src/extra/widgets/calendar/lv_calendar.c.obj
LOAD LVGL/CMakeFiles/lvgl.dir/LVGL_src/extra/widgets/calendar/lv_calendar_header_arrow.c.obj
LOAD LVGL/CMakeFiles/lvgl.dir/LVGL_src/extra/widgets/calendar/lv_calendar_header_dropdown.c.obj
LOAD LVGL/CMakeFiles/lvgl.dir/LVGL_src/extra/widgets/chart/lv_chart.c.obj
LOAD LVGL/CMakeFiles/lvgl.dir/LVGL_src/extra/widgets/colorwheel/lv_colorwheel.c.obj
LOAD LVGL/CMakeFiles/lvgl.dir/LVGL_src/extra/widgets/imgbtn/lv_imgbtn.c.obj
LOAD LVGL/CMakeFiles/lvgl.dir/LVGL_src/extra/widgets/keyboard/lv_keyboard.c.obj
LOAD LVGL/CMakeFiles/lvgl.dir/LVGL_src/extra/widgets/led/lv_led.c.obj
LOAD LVGL/CMakeFiles/lvgl.dir/LVGL_src/extra/widgets/list/lv_list.c.obj
LOAD LVGL/CMakeFiles/lvgl.dir/LVGL_src/extra/widgets/menu/lv_menu.c.obj
LOAD LVGL/CMakeFiles/lvgl.dir/LVGL_src/extra/widgets/meter/lv_meter.c.obj
LOAD LVGL/CMakeFiles/lvgl.dir/LVGL_src/extra/widgets/msgbox/lv_msgbox.c.obj
LOAD LVGL/CMakeFiles/lvgl.dir/LVGL_src/extra/widgets/span/lv_span.c.obj
LOAD LVGL/CMakeFiles/lvgl.dir/LVGL_src/extra/widgets/spinbox/lv_spinbox.c.obj
LOAD LVGL/CMakeFiles/lvgl.dir/LVGL_src/extra/widgets/spinner/lv_spinner.c.obj
LOAD LVGL/CMakeFiles/lvgl.dir/LVGL_src/extra/widgets/tabview/lv_tabview.c.obj
LOAD LVGL/CMakeFiles/lvgl.dir/LVGL_src/extra/widgets/tileview/lv_tileview.c.obj
LOAD LVGL/CMakeFiles/lvgl.dir/LVGL_src/extra/widgets/win/lv_win.c.obj
LOAD LVGL/CMakeFiles/lvgl.dir/LVGL_src/font/lv_font.c.obj
LOAD LVGL/CMakeFiles/lvgl.dir/LVGL_src/font/lv_font_dejavu_16_persian_hebrew.c.obj
LOAD LVGL/CMakeFiles/lvgl.dir/LVGL_src/font/lv_font_fmt_txt.c.obj
LOAD LVGL/CMakeFiles/lvgl.dir/LVGL_src/font/lv_font_loader.c.obj
LOAD LVGL/CMakeFiles/lvgl.dir/LVGL_src/font/lv_font_montserrat_10.c.obj
LOAD LVGL/CMakeFiles/lvgl.dir/LVGL_src/font/lv_font_montserrat_12.c.obj
LOAD LVGL/CMakeFiles/lvgl.dir/LVGL_src/font/lv_font_montserrat_12_subpx.c.obj
LOAD LVGL/CMakeFiles/lvgl.dir/LVGL_src/font/lv_font_montserrat_14.c.obj
LOAD LVGL/CMakeFiles/lvgl.dir/LVGL_src/font/lv_font_montserrat_16.c.obj
LOAD LVGL/CMakeFiles/lvgl.dir/LVGL_src/font/lv_font_montserrat_18.c.obj
LOAD LVGL/CMakeFiles/lvgl.dir/LVGL_src/font/lv_font_montserrat_20.c.obj
LOAD LVGL/CMakeFiles/lvgl.dir/LVGL_src/font/lv_font_montserrat_22.c.obj
LOAD LVGL/CMakeFiles/lvgl.dir/LVGL_src/font/lv_font_montserrat_24.c.obj
LOAD LVGL/CMakeFiles/lvgl.dir/LVGL_src/font/lv_font_montserrat_26.c.obj
LOAD LVGL/CMakeFiles/lvgl.dir/LVGL_src/font/lv_font_montserrat_28.c.obj
LOAD LVGL/CMakeFiles/lvgl.dir/LVGL_src/font/lv_font_montserrat_28_compressed.c.obj
LOAD LVGL/CMakeFiles/lvgl.dir/LVGL_src/font/lv_font_montserrat_30.c.obj
LOAD LVGL/CMakeFiles/lvgl.dir/LVGL_src/font/lv_font_montserrat_32.c.obj
LOAD LVGL/CMakeFiles/lvgl.dir/LVGL_src/font/lv_font_montserrat_34.c.obj
LOAD LVGL/CMakeFiles/lvgl.dir/LVGL_src/font/lv_font_montserrat_36.c.obj
LOAD LVGL/CMakeFiles/lvgl.dir/LVGL_src/font/lv_font_montserrat_38.c.obj
LOAD LVGL/CMakeFiles/lvgl.dir/LVGL_src/font/lv_font_montserrat_40.c.obj
LOAD LVGL/CMakeFiles/lvgl.dir/LVGL_src/font/lv_font_montserrat_42.c.obj
LOAD LVGL/CMakeFiles/lvgl.dir/LVGL_src/font/lv_font_montserrat_44.c.obj
LOAD LVGL/CMakeFiles/lvgl.dir/LVGL_src/font/lv_font_montserrat_46.c.obj
LOAD LVGL/CMakeFiles/lvgl.dir/LVGL_src/font/lv_font_montserrat_48.c.obj
LOAD LVGL/CMakeFiles/lvgl.dir/LVGL_src/font/lv_font_montserrat_8.c.obj
LOAD LVGL/CMakeFiles/lvgl.dir/LVGL_src/font/lv_font_simsun_16_cjk.c.obj
LOAD LVGL/CMakeFiles/lvgl.dir/LVGL_src/font/lv_font_unscii_16.c.obj
LOAD LVGL/CMakeFiles/lvgl.dir/LVGL_src/font/lv_font_unscii_8.c.obj
LOAD LVGL/CMakeFiles/lvgl.dir/LVGL_src/hal/lv_hal_disp.c.obj
LOAD LVGL/CMakeFiles/lvgl.dir/LVGL_src/hal/lv_hal_indev.c.obj
LOAD LVGL/CMakeFiles/lvgl.dir/LVGL_src/hal/lv_hal_tick.c.obj
LOAD LVGL/CMakeFiles/lvgl.dir/LVGL_src/misc/lv_anim.c.obj
LOAD LVGL/CMakeFiles/lvgl.dir/LVGL_src/misc/lv_anim_timeline.c.obj
LOAD LVGL/CMakeFiles/lvgl.dir/LVGL_src/misc/lv_area.c.obj
LOAD LVGL/CMakeFiles/lvgl.dir/LVGL_src/misc/lv_async.c.obj
LOAD LVGL/CMakeFiles/lvgl.dir/LVGL_src/misc/lv_bidi.c.obj
LOAD LVGL/CMakeFiles/lvgl.dir/LVGL_src/misc/lv_color.c.obj
LOAD LVGL/CMakeFiles/lvgl.dir/LVGL_src/misc/lv_fs.c.obj
LOAD LVGL/CMakeFiles/lvgl.dir/LVGL_src/misc/lv_gc.c.obj
LOAD LVGL/CMakeFiles/lvgl.dir/LVGL_src/misc/lv_ll.c.obj
LOAD LVGL/CMakeFiles/lvgl.dir/LVGL_src/misc/lv_log.c.obj
LOAD LVGL/CMakeFiles/lvgl.dir/LVGL_src/misc/lv_lru.c.obj
LOAD LVGL/CMakeFiles/lvgl.dir/LVGL_src/misc/lv_math.c.obj
LOAD LVGL/CMakeFiles/lvgl.dir/LVGL_src/misc/lv_mem.c.obj
LOAD LVGL/CMakeFiles/lvgl.dir/LVGL_src/misc/lv_printf.c.obj
LOAD LVGL/CMakeFiles/lvgl.dir/LVGL_src/misc/lv_style.c.obj
LOAD LVGL/CMakeFiles/lvgl.dir/LVGL_src/misc/lv_style_gen.c.obj
LOAD LVGL/CMakeFiles/lvgl.dir/LVGL_src/misc/lv_templ.c.obj
LOAD LVGL/CMakeFiles/lvgl.dir/LVGL_src/misc/lv_timer.c.obj
LOAD LVGL/CMakeFiles/lvgl.dir/LVGL_src/misc/lv_tlsf.c.obj
LOAD LVGL/CMakeFiles/lvgl.dir/LVGL_src/misc/lv_txt.c.obj
LOAD LVGL/CMakeFiles/lvgl.dir/LVGL_src/misc/lv_txt_ap.c.obj
LOAD LVGL/CMakeFiles/lvgl.dir/LVGL_src/misc/lv_utils.c.obj
LOAD LVGL/CMakeFiles/lvgl.dir/LVGL_src/widgets/lv_arc.c.obj
LOAD LVGL/CMakeFiles/lvgl.dir/LVGL_src/widgets/lv_bar.c.obj
LOAD LVGL/CMakeFiles/lvgl.dir/LVGL_src/widgets/lv_btn.c.obj
LOAD LVGL/CMakeFiles/lvgl.dir/LVGL_src/widgets/lv_btnmatrix.c.obj
LOAD LVGL/CMakeFiles/lvgl.dir/LVGL_src/widgets/lv_canvas.c.obj
LOAD LVGL/CMakeFiles/lvgl.dir/LVGL_src/widgets/lv_checkbox.c.obj
LOAD LVGL/CMakeFiles/lvgl.dir/LVGL_src/widgets/lv_dropdown.c.obj
LOAD LVGL/CMakeFiles/lvgl.dir/LVGL_src/widgets/lv_img.c.obj
LOAD LVGL/CMakeFiles/lvgl.dir/LVGL_src/widgets/lv_label.c.obj
LOAD LVGL/CMakeFiles/lvgl.dir/LVGL_src/widgets/lv_line.c.obj
LOAD LVGL/CMakeFiles/lvgl.dir/LVGL_src/widgets/lv_objx_templ.c.obj
LOAD LVGL/CMakeFiles/lvgl.dir/LVGL_src/widgets/lv_roller.c.obj
LOAD LVGL/CMakeFiles/lvgl.dir/LVGL_src/widgets/lv_slider.c.obj
LOAD LVGL/CMakeFiles/lvgl.dir/LVGL_src/widgets/lv_switch.c.obj
LOAD LVGL/CMakeFiles/lvgl.dir/LVGL_src/widgets/lv_table.c.obj
LOAD LVGL/CMakeFiles/lvgl.dir/LVGL_src/widgets/lv_textarea.c.obj
LOAD LVGL/CMakeFiles/lvgl.dir/LVGL_porting/lv_port_disp.c.obj
LOAD LVGL/CMakeFiles/lvgl.dir/LVGL_porting/lv_port_fs.c.obj
LOAD LVGL/CMakeFiles/lvgl.dir/LVGL_porting/lv_port_indev.c.obj
LOAD LVGL/CMakeFiles/lvgl.dir/LVGL_myGUI/gui_app.c.obj
LOAD CMakeFiles/AIAssistant_Proj.dir/Core/Src/main.c.obj
LOAD CMakeFiles/AIAssistant_Proj.dir/Core/Src/gpio.c.obj
LOAD CMakeFiles/AIAssistant_Proj.dir/Core/Src/freertos.c.obj
LOAD CMakeFiles/AIAssistant_Proj.dir/Core/Src/fsmc.c.obj
LOAD CMakeFiles/AIAssistant_Proj.dir/Core/Src/stm32f4xx_it.c.obj
LOAD CMakeFiles/AIAssistant_Proj.dir/Core/Src/stm32f4xx_hal_msp.c.obj
LOAD CMakeFiles/AIAssistant_Proj.dir/Core/Src/stm32f4xx_hal_timebase_tim.c.obj
LOAD CMakeFiles/AIAssistant_Proj.dir/Core/Src/sysmem.c.obj
LOAD CMakeFiles/AIAssistant_Proj.dir/Core/Src/syscalls.c.obj
LOAD CMakeFiles/AIAssistant_Proj.dir/startup_stm32f407xx.s.obj
LOAD CMakeFiles/AIAssistant_Proj.dir/Firmware/src/bsp_nt35510.c.obj
LOAD CMakeFiles/AIAssistant_Proj.dir/Firmware/src/bsp_nt35510_font.c.obj
LOAD CMakeFiles/AIAssistant_Proj.dir/Firmware/src/bsp_gt1151.c.obj
LOAD /home/xiucong/ToolChains/STM32Clt/GNU-tools-for-STM32/bin/../lib/gcc/arm-none-eabi/14.3.1/../../../../arm-none-eabi/lib/thumb/v7e-m+fp/hard/libm.a
START GROUP
LOAD /home/xiucong/ToolChains/STM32Clt/GNU-tools-for-STM32/bin/../lib/gcc/arm-none-eabi/14.3.1/thumb/v7e-m+fp/hard/libgcc.a
LOAD /home/xiucong/ToolChains/STM32Clt/GNU-tools-for-STM32/bin/../lib/gcc/arm-none-eabi/14.3.1/../../../../arm-none-eabi/lib/thumb/v7e-m+fp/hard/libg_nano.a
LOAD /home/xiucong/ToolChains/STM32Clt/GNU-tools-for-STM32/bin/../lib/gcc/arm-none-eabi/14.3.1/../../../../arm-none-eabi/lib/thumb/v7e-m+fp/hard/libc_nano.a
END GROUP
START GROUP
LOAD /home/xiucong/ToolChains/STM32Clt/GNU-tools-for-STM32/bin/../lib/gcc/arm-none-eabi/14.3.1/thumb/v7e-m+fp/hard/libgcc.a
LOAD /home/xiucong/ToolChains/STM32Clt/GNU-tools-for-STM32/bin/../lib/gcc/arm-none-eabi/14.3.1/../../../../arm-none-eabi/lib/thumb/v7e-m+fp/hard/libc_nano.a
END GROUP
LOAD /home/xiucong/ToolChains/STM32Clt/GNU-tools-for-STM32/bin/../lib/gcc/arm-none-eabi/14.3.1/thumb/v7e-m+fp/hard/crtend.o
LOAD /home/xiucong/ToolChains/STM32Clt/GNU-tools-for-STM32/bin/../lib/gcc/arm-none-eabi/14.3.1/thumb/v7e-m+fp/hard/crtn.o
                0x20020000                        _estack = (ORIGIN (RAM) + LENGTH (RAM))
                0x2001fc00                        _sstack = (_estack - _Min_Stack_Size)
                0x00000200                        _Min_Heap_Size = 0x200
                0x00000400                        _Min_Stack_Size = 0x400

.isr_vector     0x08000000      0x188
                0x08000000                        . = ALIGN (0x4)
 *(.isr_vector)
 .isr_vector    0x08000000      0x188 CMakeFiles/AIAssistant_Proj.dir/startup_stm32f407xx.s.obj
                0x08000000                g_pfnVectors
                0x08000188                        . = ALIGN (0x4)

.text           0x08000190     0x26fc
                0x08000190                        . = ALIGN (0x4)
 *(.text)
 .text          0x08000190       0x40 /home/xiucong/ToolChains/STM32Clt/GNU-tools-for-STM32/bin/../lib/gcc/arm-none-eabi/14.3.1/thumb/v7e-m+fp/hard/crtbegin.o
 .text          0x080001d0       0x30 /home/xiucong/ToolChains/STM32Clt/GNU-tools-for-STM32/bin/../lib/gcc/arm-none-eabi/14.3.1/thumb/v7e-m+fp/hard/libgcc.a(_aeabi_uldivmod.o)
                0x080001d0                __aeabi_uldivmod
 .text          0x08000200      0x2f8 /home/xiucong/ToolChains/STM32Clt/GNU-tools-for-STM32/bin/../lib/gcc/arm-none-eabi/14.3.1/thumb/v7e-m+fp/hard/libgcc.a(_udivmoddi4.o)
                0x08000200                __udivmoddi4
 .text          0x080004f8        0x4 /home/xiucong/ToolChains/STM32Clt/GNU-tools-for-STM32/bin/../lib/gcc/arm-none-eabi/14.3.1/thumb/v7e-m+fp/hard/libgcc.a(_dvmd_tls.o)
                0x080004f8                __aeabi_ldiv0
                0x080004f8                __aeabi_idiv0
 *(.text*)
 .text.SystemInit
                0x080004fc       0x14 cmake/stm32cubemx/CMakeFiles/STM32_Drivers.dir/__/__/Core/Src/system_stm32f4xx.c.obj
                0x080004fc                SystemInit
 .text.HAL_TIM_Base_MspInit
                0x08000510        0x2 cmake/stm32cubemx/CMakeFiles/STM32_Drivers.dir/__/__/Drivers/STM32F4xx_HAL_Driver/Src/stm32f4xx_hal_tim.c.obj
                0x08000510                HAL_TIM_Base_MspInit
 *fill*         0x08000512        0x2 
 .text.HAL_TIM_Base_Start_IT
                0x08000514       0x74 cmake/stm32cubemx/CMakeFiles/STM32_Drivers.dir/__/__/Drivers/STM32F4xx_HAL_Driver/Src/stm32f4xx_hal_tim.c.obj
                0x08000514                HAL_TIM_Base_Start_IT
 .text.HAL_TIM_OC_DelayElapsedCallback
                0x08000588        0x2 cmake/stm32cubemx/CMakeFiles/STM32_Drivers.dir/__/__/Drivers/STM32F4xx_HAL_Driver/Src/stm32f4xx_hal_tim.c.obj
                0x08000588                HAL_TIM_OC_DelayElapsedCallback
 .text.HAL_TIM_IC_CaptureCallback
                0x0800058a        0x2 cmake/stm32cubemx/CMakeFiles/STM32_Drivers.dir/__/__/Drivers/STM32F4xx_HAL_Driver/Src/stm32f4xx_hal_tim.c.obj
                0x0800058a                HAL_TIM_IC_CaptureCallback
 .text.HAL_TIM_PWM_PulseFinishedCallback
                0x0800058c        0x2 cmake/stm32cubemx/CMakeFiles/STM32_Drivers.dir/__/__/Drivers/STM32F4xx_HAL_Driver/Src/stm32f4xx_hal_tim.c.obj
                0x0800058c                HAL_TIM_PWM_PulseFinishedCallback
 .text.HAL_TIM_TriggerCallback
                0x0800058e        0x2 cmake/stm32cubemx/CMakeFiles/STM32_Drivers.dir/__/__/Drivers/STM32F4xx_HAL_Driver/Src/stm32f4xx_hal_tim.c.obj
                0x0800058e                HAL_TIM_TriggerCallback
 .text.HAL_TIM_IRQHandler
                0x08000590      0x128 cmake/stm32cubemx/CMakeFiles/STM32_Drivers.dir/__/__/Drivers/STM32F4xx_HAL_Driver/Src/stm32f4xx_hal_tim.c.obj
                0x08000590                HAL_TIM_IRQHandler
 .text.TIM_Base_SetConfig
                0x080006b8       0xa8 cmake/stm32cubemx/CMakeFiles/STM32_Drivers.dir/__/__/Drivers/STM32F4xx_HAL_Driver/Src/stm32f4xx_hal_tim.c.obj
                0x080006b8                TIM_Base_SetConfig
 .text.HAL_TIM_Base_Init
                0x08000760       0x58 cmake/stm32cubemx/CMakeFiles/STM32_Drivers.dir/__/__/Drivers/STM32F4xx_HAL_Driver/Src/stm32f4xx_hal_tim.c.obj
                0x08000760                HAL_TIM_Base_Init
 .text.HAL_TIMEx_CommutCallback
                0x080007b8        0x2 cmake/stm32cubemx/CMakeFiles/STM32_Drivers.dir/__/__/Drivers/STM32F4xx_HAL_Driver/Src/stm32f4xx_hal_tim_ex.c.obj
                0x080007b8                HAL_TIMEx_CommutCallback
 .text.HAL_TIMEx_BreakCallback
                0x080007ba        0x2 cmake/stm32cubemx/CMakeFiles/STM32_Drivers.dir/__/__/Drivers/STM32F4xx_HAL_Driver/Src/stm32f4xx_hal_tim_ex.c.obj
                0x080007ba                HAL_TIMEx_BreakCallback
 .text.HAL_RCC_OscConfig
                0x080007bc      0x35c cmake/stm32cubemx/CMakeFiles/STM32_Drivers.dir/__/__/Drivers/STM32F4xx_HAL_Driver/Src/stm32f4xx_hal_rcc.c.obj
                0x080007bc                HAL_RCC_OscConfig
 .text.HAL_RCC_GetSysClockFreq
                0x08000b18       0x5c cmake/stm32cubemx/CMakeFiles/STM32_Drivers.dir/__/__/Drivers/STM32F4xx_HAL_Driver/Src/stm32f4xx_hal_rcc.c.obj
                0x08000b18                HAL_RCC_GetSysClockFreq
 .text.HAL_RCC_ClockConfig
                0x08000b74      0x134 cmake/stm32cubemx/CMakeFiles/STM32_Drivers.dir/__/__/Drivers/STM32F4xx_HAL_Driver/Src/stm32f4xx_hal_rcc.c.obj
                0x08000b74                HAL_RCC_ClockConfig
 .text.HAL_RCC_GetPCLK1Freq
                0x08000ca8       0x20 cmake/stm32cubemx/CMakeFiles/STM32_Drivers.dir/__/__/Drivers/STM32F4xx_HAL_Driver/Src/stm32f4xx_hal_rcc.c.obj
                0x08000ca8                HAL_RCC_GetPCLK1Freq
 .text.HAL_RCC_GetClockConfig
                0x08000cc8       0x3c cmake/stm32cubemx/CMakeFiles/STM32_Drivers.dir/__/__/Drivers/STM32F4xx_HAL_Driver/Src/stm32f4xx_hal_rcc.c.obj
                0x08000cc8                HAL_RCC_GetClockConfig
 .text.HAL_GPIO_Init
                0x08000d04      0x1b0 cmake/stm32cubemx/CMakeFiles/STM32_Drivers.dir/__/__/Drivers/STM32F4xx_HAL_Driver/Src/stm32f4xx_hal_gpio.c.obj
                0x08000d04                HAL_GPIO_Init
 .text.HAL_GPIO_ReadPin
                0x08000eb4        0xc cmake/stm32cubemx/CMakeFiles/STM32_Drivers.dir/__/__/Drivers/STM32F4xx_HAL_Driver/Src/stm32f4xx_hal_gpio.c.obj
                0x08000eb4                HAL_GPIO_ReadPin
 .text.HAL_GPIO_WritePin
                0x08000ec0        0xa cmake/stm32cubemx/CMakeFiles/STM32_Drivers.dir/__/__/Drivers/STM32F4xx_HAL_Driver/Src/stm32f4xx_hal_gpio.c.obj
                0x08000ec0                HAL_GPIO_WritePin
 *fill*         0x08000eca        0x2 
 .text.HAL_NVIC_SetPriorityGrouping
                0x08000ecc       0x24 cmake/stm32cubemx/CMakeFiles/STM32_Drivers.dir/__/__/Drivers/STM32F4xx_HAL_Driver/Src/stm32f4xx_hal_cortex.c.obj
                0x08000ecc                HAL_NVIC_SetPriorityGrouping
 .text.HAL_NVIC_SetPriority
                0x08000ef0       0x64 cmake/stm32cubemx/CMakeFiles/STM32_Drivers.dir/__/__/Drivers/STM32F4xx_HAL_Driver/Src/stm32f4xx_hal_cortex.c.obj
                0x08000ef0                HAL_NVIC_SetPriority
 .text.HAL_NVIC_EnableIRQ
                0x08000f54       0x1c cmake/stm32cubemx/CMakeFiles/STM32_Drivers.dir/__/__/Drivers/STM32F4xx_HAL_Driver/Src/stm32f4xx_hal_cortex.c.obj
                0x08000f54                HAL_NVIC_EnableIRQ
 .text.HAL_Init
                0x08000f70       0x34 cmake/stm32cubemx/CMakeFiles/STM32_Drivers.dir/__/__/Drivers/STM32F4xx_HAL_Driver/Src/stm32f4xx_hal.c.obj
                0x08000f70                HAL_Init
 .text.HAL_IncTick
                0x08000fa4       0x18 cmake/stm32cubemx/CMakeFiles/STM32_Drivers.dir/__/__/Drivers/STM32F4xx_HAL_Driver/Src/stm32f4xx_hal.c.obj
                0x08000fa4                HAL_IncTick
 .text.HAL_GetTick
                0x08000fbc        0xc cmake/stm32cubemx/CMakeFiles/STM32_Drivers.dir/__/__/Drivers/STM32F4xx_HAL_Driver/Src/stm32f4xx_hal.c.obj
                0x08000fbc                HAL_GetTick
 .text.HAL_Delay
                0x08000fc8       0x28 cmake/stm32cubemx/CMakeFiles/STM32_Drivers.dir/__/__/Drivers/STM32F4xx_HAL_Driver/Src/stm32f4xx_hal.c.obj
                0x08000fc8                HAL_Delay
 .text.FSMC_NORSRAM_Init
                0x08000ff0       0x64 cmake/stm32cubemx/CMakeFiles/STM32_Drivers.dir/__/__/Drivers/STM32F4xx_HAL_Driver/Src/stm32f4xx_ll_fsmc.c.obj
                0x08000ff0                FSMC_NORSRAM_Init
 .text.FSMC_NORSRAM_Timing_Init
                0x08001054       0x34 cmake/stm32cubemx/CMakeFiles/STM32_Drivers.dir/__/__/Drivers/STM32F4xx_HAL_Driver/Src/stm32f4xx_ll_fsmc.c.obj
                0x08001054                FSMC_NORSRAM_Timing_Init
 .text.FSMC_NORSRAM_Extended_Timing_Init
                0x08001088       0x3c cmake/stm32cubemx/CMakeFiles/STM32_Drivers.dir/__/__/Drivers/STM32F4xx_HAL_Driver/Src/stm32f4xx_ll_fsmc.c.obj
                0x08001088                FSMC_NORSRAM_Extended_Timing_Init
 .text.HAL_SRAM_Init
                0x080010c4       0x5a cmake/stm32cubemx/CMakeFiles/STM32_Drivers.dir/__/__/Drivers/STM32F4xx_HAL_Driver/Src/stm32f4xx_hal_sram.c.obj
                0x080010c4                HAL_SRAM_Init
 .text.vListInsertEnd
                0x0800111e       0x16 cmake/stm32cubemx/CMakeFiles/FreeRTOS.dir/__/__/Middlewares/Third_Party/FreeRTOS/Source/list.c.obj
                0x0800111e                vListInsertEnd
 .text.uxListRemove
                0x08001134       0x20 cmake/stm32cubemx/CMakeFiles/FreeRTOS.dir/__/__/Middlewares/Third_Party/FreeRTOS/Source/list.c.obj
                0x08001134                uxListRemove
 .text.prvResetNextTaskUnblockTime
                0x08001154       0x24 cmake/stm32cubemx/CMakeFiles/FreeRTOS.dir/__/__/Middlewares/Third_Party/FreeRTOS/Source/tasks.c.obj
 .text.xTaskIncrementTick
                0x08001178      0x12c cmake/stm32cubemx/CMakeFiles/FreeRTOS.dir/__/__/Middlewares/Third_Party/FreeRTOS/Source/tasks.c.obj
                0x08001178                xTaskIncrementTick
 .text.vTaskSwitchContext
                0x080012a4       0x70 cmake/stm32cubemx/CMakeFiles/FreeRTOS.dir/__/__/Middlewares/Third_Party/FreeRTOS/Source/tasks.c.obj
                0x080012a4                vTaskSwitchContext
 .text.xTaskGetSchedulerState
                0x08001314       0x20 cmake/stm32cubemx/CMakeFiles/FreeRTOS.dir/__/__/Middlewares/Third_Party/FreeRTOS/Source/tasks.c.obj
                0x08001314                xTaskGetSchedulerState
 .text.SysTick_Handler
                0x08001334       0x1a cmake/stm32cubemx/CMakeFiles/FreeRTOS.dir/__/__/Middlewares/Third_Party/FreeRTOS/Source/CMSIS_RTOS_V2/cmsis_os2.c.obj
                0x08001334                SysTick_Handler
 *fill*         0x0800134e        0x2 
 .text.SVC_Handler
                0x08001350       0x24 cmake/stm32cubemx/CMakeFiles/FreeRTOS.dir/__/__/Middlewares/Third_Party/FreeRTOS/Source/portable/GCC/ARM_CM4F/port.c.obj
                0x08001350                SVC_Handler
 *fill*         0x08001374        0xc 
 .text.PendSV_Handler
                0x08001380       0x64 cmake/stm32cubemx/CMakeFiles/FreeRTOS.dir/__/__/Middlewares/Third_Party/FreeRTOS/Source/portable/GCC/ARM_CM4F/port.c.obj
                0x08001380                PendSV_Handler
 .text.xPortSysTickHandler
                0x080013e4       0x2c cmake/stm32cubemx/CMakeFiles/FreeRTOS.dir/__/__/Middlewares/Third_Party/FreeRTOS/Source/portable/GCC/ARM_CM4F/port.c.obj
                0x080013e4                xPortSysTickHandler
 .text.SystemClock_Config
                0x08001410       0xa0 CMakeFiles/AIAssistant_Proj.dir/Core/Src/main.c.obj
                0x08001410                SystemClock_Config
 .text.startup.main
                0x080014b0      0x2a8 CMakeFiles/AIAssistant_Proj.dir/Core/Src/main.c.obj
                0x080014b0                main
 .text.HAL_TIM_PeriodElapsedCallback
                0x08001758       0x14 CMakeFiles/AIAssistant_Proj.dir/Core/Src/main.c.obj
                0x08001758                HAL_TIM_PeriodElapsedCallback
 .text.Error_Handler
                0x0800176c        0x4 CMakeFiles/AIAssistant_Proj.dir/Core/Src/main.c.obj
                0x0800176c                Error_Handler
 .text.MX_GPIO_Init
                0x08001770      0x158 CMakeFiles/AIAssistant_Proj.dir/Core/Src/gpio.c.obj
                0x08001770                MX_GPIO_Init
 .text.MX_FSMC_Init
                0x080018c8       0xbc CMakeFiles/AIAssistant_Proj.dir/Core/Src/fsmc.c.obj
                0x080018c8                MX_FSMC_Init
 .text.HAL_SRAM_MspInit
                0x08001984       0xa4 CMakeFiles/AIAssistant_Proj.dir/Core/Src/fsmc.c.obj
                0x08001984                HAL_SRAM_MspInit
 .text.NMI_Handler
                0x08001a28        0x2 CMakeFiles/AIAssistant_Proj.dir/Core/Src/stm32f4xx_it.c.obj
                0x08001a28                NMI_Handler
 .text.HardFault_Handler
                0x08001a2a        0x2 CMakeFiles/AIAssistant_Proj.dir/Core/Src/stm32f4xx_it.c.obj
                0x08001a2a                HardFault_Handler
 .text.MemManage_Handler
                0x08001a2c        0x2 CMakeFiles/AIAssistant_Proj.dir/Core/Src/stm32f4xx_it.c.obj
                0x08001a2c                MemManage_Handler
 .text.BusFault_Handler
                0x08001a2e        0x2 CMakeFiles/AIAssistant_Proj.dir/Core/Src/stm32f4xx_it.c.obj
                0x08001a2e                BusFault_Handler
 .text.UsageFault_Handler
                0x08001a30        0x2 CMakeFiles/AIAssistant_Proj.dir/Core/Src/stm32f4xx_it.c.obj
                0x08001a30                UsageFault_Handler
 .text.DebugMon_Handler
                0x08001a32        0x2 CMakeFiles/AIAssistant_Proj.dir/Core/Src/stm32f4xx_it.c.obj
                0x08001a32                DebugMon_Handler
 .text.TIM6_DAC_IRQHandler
                0x08001a34        0xc CMakeFiles/AIAssistant_Proj.dir/Core/Src/stm32f4xx_it.c.obj
                0x08001a34                TIM6_DAC_IRQHandler
 .text.HAL_MspInit
                0x08001a40       0x40 CMakeFiles/AIAssistant_Proj.dir/Core/Src/stm32f4xx_hal_msp.c.obj
                0x08001a40                HAL_MspInit
 .text.HAL_InitTick
                0x08001a80       0xa0 CMakeFiles/AIAssistant_Proj.dir/Core/Src/stm32f4xx_hal_timebase_tim.c.obj
                0x08001a80                HAL_InitTick
 .text.Reset_Handler
                0x08001b20       0x50 CMakeFiles/AIAssistant_Proj.dir/startup_stm32f407xx.s.obj
                0x08001b20                Reset_Handler
 .text.Default_Handler
                0x08001b70        0x2 CMakeFiles/AIAssistant_Proj.dir/startup_stm32f407xx.s.obj
                0x08001b70                RTC_Alarm_IRQHandler
                0x08001b70                HASH_RNG_IRQHandler
                0x08001b70                EXTI2_IRQHandler
                0x08001b70                TIM8_CC_IRQHandler
                0x08001b70                TIM1_CC_IRQHandler
                0x08001b70                DMA2_Stream5_IRQHandler
                0x08001b70                DMA1_Stream5_IRQHandler
                0x08001b70                PVD_IRQHandler
                0x08001b70                SDIO_IRQHandler
                0x08001b70                TAMP_STAMP_IRQHandler
                0x08001b70                CAN2_RX1_IRQHandler
                0x08001b70                EXTI3_IRQHandler
                0x08001b70                TIM8_TRG_COM_TIM14_IRQHandler
                0x08001b70                TIM1_UP_TIM10_IRQHandler
                0x08001b70                TIM8_UP_TIM13_IRQHandler
                0x08001b70                I2C3_ER_IRQHandler
                0x08001b70                EXTI0_IRQHandler
                0x08001b70                I2C2_EV_IRQHandler
                0x08001b70                DMA1_Stream2_IRQHandler
                0x08001b70                CAN1_RX0_IRQHandler
                0x08001b70                FPU_IRQHandler
                0x08001b70                OTG_HS_WKUP_IRQHandler
                0x08001b70                CAN2_SCE_IRQHandler
                0x08001b70                DMA2_Stream2_IRQHandler
                0x08001b70                SPI1_IRQHandler
                0x08001b70                TIM1_BRK_TIM9_IRQHandler
                0x08001b70                DCMI_IRQHandler
                0x08001b70                CAN2_RX0_IRQHandler
                0x08001b70                DMA2_Stream3_IRQHandler
                0x08001b70                USART6_IRQHandler
                0x08001b70                USART3_IRQHandler
                0x08001b70                CAN1_RX1_IRQHandler
                0x08001b70                UART5_IRQHandler
                0x08001b70                DMA2_Stream0_IRQHandler
                0x08001b70                TIM4_IRQHandler
                0x08001b70                I2C1_EV_IRQHandler
                0x08001b70                DMA1_Stream6_IRQHandler
                0x08001b70                DMA1_Stream1_IRQHandler
                0x08001b70                UART4_IRQHandler
                0x08001b70                TIM3_IRQHandler
                0x08001b70                RCC_IRQHandler
                0x08001b70                TIM8_BRK_TIM12_IRQHandler
                0x08001b70                Default_Handler
                0x08001b70                EXTI15_10_IRQHandler
                0x08001b70                ADC_IRQHandler
                0x08001b70                DMA1_Stream7_IRQHandler
                0x08001b70                TIM7_IRQHandler
                0x08001b70                CAN2_TX_IRQHandler
                0x08001b70                TIM5_IRQHandler
                0x08001b70                DMA2_Stream7_IRQHandler
                0x08001b70                I2C3_EV_IRQHandler
                0x08001b70                EXTI9_5_IRQHandler
                0x08001b70                RTC_WKUP_IRQHandler
                0x08001b70                ETH_WKUP_IRQHandler
                0x08001b70                SPI2_IRQHandler
                0x08001b70                OTG_HS_EP1_IN_IRQHandler
                0x08001b70                DMA1_Stream0_IRQHandler
                0x08001b70                CAN1_TX_IRQHandler
                0x08001b70                EXTI4_IRQHandler
                0x08001b70                FSMC_IRQHandler
                0x08001b70                ETH_IRQHandler
                0x08001b70                OTG_HS_EP1_OUT_IRQHandler
                0x08001b70                WWDG_IRQHandler
                0x08001b70                TIM2_IRQHandler
                0x08001b70                OTG_FS_WKUP_IRQHandler
                0x08001b70                TIM1_TRG_COM_TIM11_IRQHandler
                0x08001b70                OTG_HS_IRQHandler
                0x08001b70                EXTI1_IRQHandler
                0x08001b70                USART2_IRQHandler
                0x08001b70                I2C2_ER_IRQHandler
                0x08001b70                DMA2_Stream1_IRQHandler
                0x08001b70                CAN1_SCE_IRQHandler
                0x08001b70                FLASH_IRQHandler
                0x08001b70                DMA2_Stream4_IRQHandler
                0x08001b70                USART1_IRQHandler
                0x08001b70                OTG_FS_IRQHandler
                0x08001b70                SPI3_IRQHandler
                0x08001b70                DMA1_Stream4_IRQHandler
                0x08001b70                I2C1_ER_IRQHandler
                0x08001b70                DMA2_Stream6_IRQHandler
                0x08001b70                DMA1_Stream3_IRQHandler
 .text.nt35510_select_command_page
                0x08001b72       0x4a CMakeFiles/AIAssistant_Proj.dir/Firmware/src/bsp_nt35510.c.obj
 .text.nt35510_write_address
                0x08001bbc       0x1e CMakeFiles/AIAssistant_Proj.dir/Firmware/src/bsp_nt35510.c.obj
 .text.nt35510_set_address_window
                0x08001bda       0x3c CMakeFiles/AIAssistant_Proj.dir/Firmware/src/bsp_nt35510.c.obj
 .text.nt35510_write_solid_pixels
                0x08001c16       0x48 CMakeFiles/AIAssistant_Proj.dir/Firmware/src/bsp_nt35510.c.obj
 *fill*         0x08001c5e        0x2 
 .text.nt35510_apply_orientation
                0x08001c60       0x4c CMakeFiles/AIAssistant_Proj.dir/Firmware/src/bsp_nt35510.c.obj
 .text.nt35510_clip_rectangle
                0x08001cac       0x40 CMakeFiles/AIAssistant_Proj.dir/Firmware/src/bsp_nt35510.c.obj
 .text.nt35510_draw_pixel_unchecked
                0x08001cec       0x1e CMakeFiles/AIAssistant_Proj.dir/Firmware/src/bsp_nt35510.c.obj
 *fill*         0x08001d0a        0x2 
 .text.nt35510_draw_pixel_signed
                0x08001d0c       0x28 CMakeFiles/AIAssistant_Proj.dir/Firmware/src/bsp_nt35510.c.obj
 .text.BSP_NT35510_IsReady
                0x08001d34        0xc CMakeFiles/AIAssistant_Proj.dir/Firmware/src/bsp_nt35510.c.obj
                0x08001d34                BSP_NT35510_IsReady
 .text.BSP_NT35510_GetDeviceId
                0x08001d40        0xc CMakeFiles/AIAssistant_Proj.dir/Firmware/src/bsp_nt35510.c.obj
                0x08001d40                BSP_NT35510_GetDeviceId
 .text.BSP_NT35510_SetOrientation
                0x08001d4c       0x14 CMakeFiles/AIAssistant_Proj.dir/Firmware/src/bsp_nt35510.c.obj
                0x08001d4c                BSP_NT35510_SetOrientation
 .text.BSP_NT35510_SetBacklight
                0x08001d60       0x10 CMakeFiles/AIAssistant_Proj.dir/Firmware/src/bsp_nt35510.c.obj
                0x08001d60                BSP_NT35510_SetBacklight
 .text.BSP_NT35510_Clear
                0x08001d70       0x38 CMakeFiles/AIAssistant_Proj.dir/Firmware/src/bsp_nt35510.c.obj
                0x08001d70                BSP_NT35510_Clear
 .text.BSP_NT35510_Init
                0x08001da8      0x1bc CMakeFiles/AIAssistant_Proj.dir/Firmware/src/bsp_nt35510.c.obj
                0x08001da8                BSP_NT35510_Init
 .text.BSP_NT35510_FillRect
                0x08001f64       0x58 CMakeFiles/AIAssistant_Proj.dir/Firmware/src/bsp_nt35510.c.obj
                0x08001f64                BSP_NT35510_FillRect
 .text.BSP_NT35510_DrawCircle
                0x08001fbc       0xc4 CMakeFiles/AIAssistant_Proj.dir/Firmware/src/bsp_nt35510.c.obj
                0x08001fbc                BSP_NT35510_DrawCircle
 .text.BSP_NT35510_DrawChar
                0x08002080      0x124 CMakeFiles/AIAssistant_Proj.dir/Firmware/src/bsp_nt35510.c.obj
                0x08002080                BSP_NT35510_DrawChar
 .text.BSP_NT35510_DrawString
                0x080021a4       0xe4 CMakeFiles/AIAssistant_Proj.dir/Firmware/src/bsp_nt35510.c.obj
                0x080021a4                BSP_NT35510_DrawString
 .text.BSP_NT35510_DrawUInt
                0x08002288       0xf4 CMakeFiles/AIAssistant_Proj.dir/Firmware/src/bsp_nt35510.c.obj
                0x08002288                BSP_NT35510_DrawUInt
 .text.GT1151_Delay
                0x0800237c       0x16 CMakeFiles/AIAssistant_Proj.dir/Firmware/src/bsp_gt1151.c.obj
 *fill*         0x08002392        0x2 
 .text.GT1151_SDA_OutMode
                0x08002394       0x28 CMakeFiles/AIAssistant_Proj.dir/Firmware/src/bsp_gt1151.c.obj
 .text.GT1151_I2C_Start
                0x080023bc       0x4c CMakeFiles/AIAssistant_Proj.dir/Firmware/src/bsp_gt1151.c.obj
 .text.GT1151_I2C_Stop
                0x08002408       0x4c CMakeFiles/AIAssistant_Proj.dir/Firmware/src/bsp_gt1151.c.obj
 .text.GT1151_SDA_InMode
                0x08002454       0x2c CMakeFiles/AIAssistant_Proj.dir/Firmware/src/bsp_gt1151.c.obj
 .text.GT1151_I2C_WriteByte
                0x08002480       0x94 CMakeFiles/AIAssistant_Proj.dir/Firmware/src/bsp_gt1151.c.obj
 .text.GT1151_ReadReg
                0x08002514       0xe8 CMakeFiles/AIAssistant_Proj.dir/Firmware/src/bsp_gt1151.c.obj
 .text.BSP_GT1151_ReadID
                0x080025fc       0x36 CMakeFiles/AIAssistant_Proj.dir/Firmware/src/bsp_gt1151.c.obj
                0x080025fc                BSP_GT1151_ReadID
 *fill*         0x08002632        0x2 
 .text.BSP_GT1151_Init
                0x08002634      0x10c CMakeFiles/AIAssistant_Proj.dir/Firmware/src/bsp_gt1151.c.obj
                0x08002634                BSP_GT1151_Init
 .text.BSP_GT1151_Scan
                0x08002740       0xb6 CMakeFiles/AIAssistant_Proj.dir/Firmware/src/bsp_gt1151.c.obj
                0x08002740                BSP_GT1151_Scan
 .text.memset   0x080027f6       0x10 /home/xiucong/ToolChains/STM32Clt/GNU-tools-for-STM32/bin/../lib/gcc/arm-none-eabi/14.3.1/../../../../arm-none-eabi/lib/thumb/v7e-m+fp/hard/libg_nano.a(libc_a-memset.o)
                0x080027f6                memset
 .text.strncmp  0x08002806       0x24 /home/xiucong/ToolChains/STM32Clt/GNU-tools-for-STM32/bin/../lib/gcc/arm-none-eabi/14.3.1/../../../../arm-none-eabi/lib/thumb/v7e-m+fp/hard/libg_nano.a(libc_a-strncmp.o)
                0x08002806                strncmp
 *fill*         0x0800282a        0x2 
 .text.__libc_init_array
                0x0800282c       0x48 /home/xiucong/ToolChains/STM32Clt/GNU-tools-for-STM32/bin/../lib/gcc/arm-none-eabi/14.3.1/../../../../arm-none-eabi/lib/thumb/v7e-m+fp/hard/libg_nano.a(libc_a-init.o)
                0x0800282c                __libc_init_array
 *(.glue_7)
 .glue_7        0x08002874        0x0 linker stubs
 *(.glue_7t)
 .glue_7t       0x08002874        0x0 linker stubs
 *(.eh_frame)
 .eh_frame      0x08002874        0x0 /home/xiucong/ToolChains/STM32Clt/GNU-tools-for-STM32/bin/../lib/gcc/arm-none-eabi/14.3.1/thumb/v7e-m+fp/hard/crtbegin.o
 *(.init)
 .init          0x08002874        0x4 /home/xiucong/ToolChains/STM32Clt/GNU-tools-for-STM32/bin/../lib/gcc/arm-none-eabi/14.3.1/thumb/v7e-m+fp/hard/crti.o
                0x08002874                _init
 .init          0x08002878        0x8 /home/xiucong/ToolChains/STM32Clt/GNU-tools-for-STM32/bin/../lib/gcc/arm-none-eabi/14.3.1/thumb/v7e-m+fp/hard/crtn.o
 *(.fini)
 .fini          0x08002880        0x4 /home/xiucong/ToolChains/STM32Clt/GNU-tools-for-STM32/bin/../lib/gcc/arm-none-eabi/14.3.1/thumb/v7e-m+fp/hard/crti.o
                0x08002880                _fini
 .fini          0x08002884        0x8 /home/xiucong/ToolChains/STM32Clt/GNU-tools-for-STM32/bin/../lib/gcc/arm-none-eabi/14.3.1/thumb/v7e-m+fp/hard/crtn.o
                0x0800288c                        . = ALIGN (0x4)
                0x0800288c                        _etext = .

.vfp11_veneer   0x0800288c        0x0
 .vfp11_veneer  0x0800288c        0x0 linker stubs

.v4_bx          0x0800288c        0x0
 .v4_bx         0x0800288c        0x0 linker stubs

.iplt           0x0800288c        0x0
 .iplt          0x0800288c        0x0 /home/xiucong/ToolChains/STM32Clt/GNU-tools-for-STM32/bin/../lib/gcc/arm-none-eabi/14.3.1/thumb/v7e-m+fp/hard/crtbegin.o

.rodata         0x0800288c     0x196c
                0x0800288c                        . = ALIGN (0x4)
 *(.rodata)
 *(.rodata*)
 .rodata.APBPrescTable
                0x0800288c        0x8 cmake/stm32cubemx/CMakeFiles/STM32_Drivers.dir/__/__/Core/Src/system_stm32f4xx.c.obj
                0x0800288c                APBPrescTable
 .rodata.AHBPrescTable
                0x08002894       0x10 cmake/stm32cubemx/CMakeFiles/STM32_Drivers.dir/__/__/Core/Src/system_stm32f4xx.c.obj
                0x08002894                AHBPrescTable
 .rodata.main.str1.1
                0x080028a4       0x6d CMakeFiles/AIAssistant_Proj.dir/Core/Src/main.c.obj
                                 0x6f (size before relaxing)
 *fill*         0x08002911        0x1 
 .rodata.nt35510_display_sequence
                0x08002912       0x4c CMakeFiles/AIAssistant_Proj.dir/Firmware/src/bsp_nt35510.c.obj
 .rodata.nt35510_gamma_curve
                0x0800295e       0x34 CMakeFiles/AIAssistant_Proj.dir/Firmware/src/bsp_nt35510.c.obj
 .rodata.nt35510_power_sequence
                0x08002992       0xa0 CMakeFiles/AIAssistant_Proj.dir/Firmware/src/bsp_nt35510.c.obj
 .rodata.nt35510_font_24x12
                0x08002a32      0xd5c CMakeFiles/AIAssistant_Proj.dir/Firmware/src/bsp_nt35510_font.c.obj
                0x08002a32                nt35510_font_24x12
 .rodata.nt35510_font_16x8
                0x0800378e      0x5f0 CMakeFiles/AIAssistant_Proj.dir/Firmware/src/bsp_nt35510_font.c.obj
                0x0800378e                nt35510_font_16x8
 .rodata.nt35510_font_12x6
                0x08003d7e      0x474 CMakeFiles/AIAssistant_Proj.dir/Firmware/src/bsp_nt35510_font.c.obj
                0x08003d7e                nt35510_font_12x6
 .rodata.GT1151_EXPECTED_ID
                0x080041f2        0x5 CMakeFiles/AIAssistant_Proj.dir/Firmware/src/bsp_gt1151.c.obj
                0x080041f8                        . = ALIGN (0x4)
 *fill*         0x080041f7        0x1 

.ARM.extab      0x080041f8        0x0
                0x080041f8                        . = ALIGN (0x4)
 *(.ARM.extab* .gnu.linkonce.armextab.*)
                0x080041f8                        . = ALIGN (0x4)

.ARM            0x080041f8        0x8
                0x080041f8                        . = ALIGN (0x4)
                0x080041f8                        __exidx_start = .
 *(.ARM.exidx*)
 .ARM.exidx     0x080041f8        0x8 /home/xiucong/ToolChains/STM32Clt/GNU-tools-for-STM32/bin/../lib/gcc/arm-none-eabi/14.3.1/thumb/v7e-m+fp/hard/libgcc.a(_udivmoddi4.o)
                0x08004200                        __exidx_end = .
                0x08004200                        . = ALIGN (0x4)

.preinit_array  0x08004200        0x0
                0x08004200                        . = ALIGN (0x4)
                0x08004200                        PROVIDE (__preinit_array_start = .)
 *(.preinit_array*)
                0x08004200                        PROVIDE (__preinit_array_end = .)
                0x08004200                        . = ALIGN (0x4)

.init_array     0x08004200        0x4
                0x08004200                        . = ALIGN (0x4)
                0x08004200                        PROVIDE (__init_array_start = .)
 *(SORT_BY_NAME(.init_array.*))
 *(.init_array*)
 .init_array    0x08004200        0x4 /home/xiucong/ToolChains/STM32Clt/GNU-tools-for-STM32/bin/../lib/gcc/arm-none-eabi/14.3.1/thumb/v7e-m+fp/hard/crtbegin.o
                0x08004204                        PROVIDE (__init_array_end = .)
                0x08004204                        . = ALIGN (0x4)

.fini_array     0x08004204        0x4
                0x08004204                        . = ALIGN (0x4)
                [!provide]                        PROVIDE (__fini_array_start = .)
 *(SORT_BY_NAME(.fini_array.*))
 *(.fini_array*)
 .fini_array    0x08004204        0x4 /home/xiucong/ToolChains/STM32Clt/GNU-tools-for-STM32/bin/../lib/gcc/arm-none-eabi/14.3.1/thumb/v7e-m+fp/hard/crtbegin.o
                [!provide]                        PROVIDE (__fini_array_end = .)
                0x08004208                        . = ALIGN (0x4)
                0x08004208                        _siccmram = LOADADDR (.ccmram)

.rel.dyn        0x08004208        0x0
 .rel.iplt      0x08004208        0x0 /home/xiucong/ToolChains/STM32Clt/GNU-tools-for-STM32/bin/../lib/gcc/arm-none-eabi/14.3.1/thumb/v7e-m+fp/hard/crtbegin.o

.ccmram         0x10000000        0x0 load address 0x08004208
                0x10000000                        . = ALIGN (0x4)
                0x10000000                        _sccmram = .
 *(.ccmram)
 *(.ccmram*)
                0x10000000                        . = ALIGN (0x4)
                0x10000000                        _eccmram = .
                0x08004208                        _sidata = LOADADDR (.data)

.data           0x20000000       0x18 load address 0x08004208
                0x20000000                        . = ALIGN (0x4)
                0x20000000                        _sdata = .
 *(.data)
 *(.data*)
 .data.SystemCoreClock
                0x20000000        0x4 cmake/stm32cubemx/CMakeFiles/STM32_Drivers.dir/__/__/Core/Src/system_stm32f4xx.c.obj
                0x20000000                SystemCoreClock
 .data.uwTickFreq
                0x20000004        0x1 cmake/stm32cubemx/CMakeFiles/STM32_Drivers.dir/__/__/Drivers/STM32F4xx_HAL_Driver/Src/stm32f4xx_hal.c.obj
                0x20000004                uwTickFreq
 *fill*         0x20000005        0x3 
 .data.uwTickPrio
                0x20000008        0x4 cmake/stm32cubemx/CMakeFiles/STM32_Drivers.dir/__/__/Drivers/STM32F4xx_HAL_Driver/Src/stm32f4xx_hal.c.obj
                0x20000008                uwTickPrio
 .data.nt35510_state
                0x2000000c        0xa CMakeFiles/AIAssistant_Proj.dir/Firmware/src/bsp_nt35510.c.obj
 *(.RamFunc)
 *(.RamFunc*)
                0x20000018                        . = ALIGN (0x4)
 *fill*         0x20000016        0x2 

.igot.plt       0x20000018        0x0 load address 0x08004220
 .igot.plt      0x20000018        0x0 /home/xiucong/ToolChains/STM32Clt/GNU-tools-for-STM32/bin/../lib/gcc/arm-none-eabi/14.3.1/thumb/v7e-m+fp/hard/crtbegin.o

.tdata          0x20000018        0x0 load address 0x08004220
 *(.tdata .tdata.* .gnu.linkonce.td.*)
                0x20000018                        . = ALIGN (0x4)
                0x20000018                        _edata = .
                [!provide]                        PROVIDE (__data_end = .)
                [!provide]                        PROVIDE (__tdata_end = .)
                [!provide]                        PROVIDE (__tdata_start = ADDR (.tdata))
                [!provide]                        PROVIDE (__tdata_size = (__tdata_end - __tdata_start))
                [!provide]                        PROVIDE (__data_start = ADDR (.data))
                [!provide]                        PROVIDE (__data_size = (__data_end - __data_start))
                [!provide]                        PROVIDE (__tdata_source = LOADADDR (.tdata))
                [!provide]                        PROVIDE (__tdata_source_end = (LOADADDR (.tdata) + SIZEOF (.tdata)))
                [!provide]                        PROVIDE (__tdata_source_size = (__tdata_source_end - __tdata_source))
                [!provide]                        PROVIDE (__data_source = LOADADDR (.data))
                [!provide]                        PROVIDE (__data_source_end = __tdata_source_end)
                [!provide]                        PROVIDE (__data_source_size = (__data_source_end - __data_source))

.tbss           0x20000018        0x0 load address 0x08004220
                0x20000018                        _sbss = .
                0x20000018                        __bss_start__ = _sbss
 *(.tbss .tbss.*)
                0x20000018                        . = ALIGN (0x4)
                [!provide]                        PROVIDE (__tbss_end = .)
                [!provide]                        PROVIDE (__tbss_start = ADDR (.tbss))
                [!provide]                        PROVIDE (__tbss_size = (__tbss_end - __tbss_start))
                [!provide]                        PROVIDE (__tbss_offset = (ADDR (.tbss) - ADDR (.tdata)))
                [!provide]                        PROVIDE (__tls_base = __tdata_start)
                [!provide]                        PROVIDE (__tls_end = __tbss_end)
                [!provide]                        PROVIDE (__tls_size = (__tls_end - __tls_base))
                [!provide]                        PROVIDE (__tls_align = MAX (ALIGNOF (.tdata), ALIGNOF (.tbss)))
                [!provide]                        PROVIDE (__tls_size_align = (((__tls_size + __tls_align) - 0x1) & ~ ((__tls_align - 0x1))))
                [!provide]                        PROVIDE (__arm32_tls_tcb_offset = MAX (0x8, __tls_align))
                [!provide]                        PROVIDE (__arm64_tls_tcb_offset = MAX (0x10, __tls_align))

.bss            0x20000018      0x5cc load address 0x08004220
 *(.bss)
 .bss           0x20000018       0x1c /home/xiucong/ToolChains/STM32Clt/GNU-tools-for-STM32/bin/../lib/gcc/arm-none-eabi/14.3.1/thumb/v7e-m+fp/hard/crtbegin.o
 *(.bss*)
 .bss.uwTick    0x20000034        0x4 cmake/stm32cubemx/CMakeFiles/STM32_Drivers.dir/__/__/Drivers/STM32F4xx_HAL_Driver/Src/stm32f4xx_hal.c.obj
                0x20000034                uwTick
 .bss.uxSchedulerSuspended
                0x20000038        0x4 cmake/stm32cubemx/CMakeFiles/FreeRTOS.dir/__/__/Middlewares/Third_Party/FreeRTOS/Source/tasks.c.obj
 .bss.xNextTaskUnblockTime
                0x2000003c        0x4 cmake/stm32cubemx/CMakeFiles/FreeRTOS.dir/__/__/Middlewares/Third_Party/FreeRTOS/Source/tasks.c.obj
 .bss.xNumOfOverflows
                0x20000040        0x4 cmake/stm32cubemx/CMakeFiles/FreeRTOS.dir/__/__/Middlewares/Third_Party/FreeRTOS/Source/tasks.c.obj
 .bss.xYieldPending
                0x20000044        0x4 cmake/stm32cubemx/CMakeFiles/FreeRTOS.dir/__/__/Middlewares/Third_Party/FreeRTOS/Source/tasks.c.obj
 .bss.xPendedTicks
                0x20000048        0x4 cmake/stm32cubemx/CMakeFiles/FreeRTOS.dir/__/__/Middlewares/Third_Party/FreeRTOS/Source/tasks.c.obj
 .bss.xSchedulerRunning
                0x2000004c        0x4 cmake/stm32cubemx/CMakeFiles/FreeRTOS.dir/__/__/Middlewares/Third_Party/FreeRTOS/Source/tasks.c.obj
 .bss.uxTopReadyPriority
                0x20000050        0x4 cmake/stm32cubemx/CMakeFiles/FreeRTOS.dir/__/__/Middlewares/Third_Party/FreeRTOS/Source/tasks.c.obj
 .bss.xTickCount
                0x20000054        0x4 cmake/stm32cubemx/CMakeFiles/FreeRTOS.dir/__/__/Middlewares/Third_Party/FreeRTOS/Source/tasks.c.obj
 .bss.pxOverflowDelayedTaskList
                0x20000058        0x4 cmake/stm32cubemx/CMakeFiles/FreeRTOS.dir/__/__/Middlewares/Third_Party/FreeRTOS/Source/tasks.c.obj
 .bss.pxDelayedTaskList
                0x2000005c        0x4 cmake/stm32cubemx/CMakeFiles/FreeRTOS.dir/__/__/Middlewares/Third_Party/FreeRTOS/Source/tasks.c.obj
 .bss.pxReadyTasksLists
                0x20000060      0x460 cmake/stm32cubemx/CMakeFiles/FreeRTOS.dir/__/__/Middlewares/Third_Party/FreeRTOS/Source/tasks.c.obj
 .bss.pxCurrentTCB
                0x200004c0        0x4 cmake/stm32cubemx/CMakeFiles/FreeRTOS.dir/__/__/Middlewares/Third_Party/FreeRTOS/Source/tasks.c.obj
                0x200004c0                pxCurrentTCB
 .bss.gt1151_frame_count
                0x200004c4        0x4 CMakeFiles/AIAssistant_Proj.dir/Core/Src/main.c.obj
                0x200004c4                gt1151_frame_count
 .bss.gt1151_touch_data
                0x200004c8       0x2a CMakeFiles/AIAssistant_Proj.dir/Core/Src/main.c.obj
                0x200004c8                gt1151_touch_data
 .bss.gt1151_init_status
                0x200004f2        0x1 CMakeFiles/AIAssistant_Proj.dir/Core/Src/main.c.obj
                0x200004f2                gt1151_init_status
 *fill*         0x200004f3        0x1 
 .bss.lcd_test_id
                0x200004f4        0x2 CMakeFiles/AIAssistant_Proj.dir/Core/Src/main.c.obj
                0x200004f4                lcd_test_id
 .bss.lcd_test_ready
                0x200004f6        0x1 CMakeFiles/AIAssistant_Proj.dir/Core/Src/main.c.obj
                0x200004f6                lcd_test_ready
 .bss.lcd_init_status
                0x200004f7        0x1 CMakeFiles/AIAssistant_Proj.dir/Core/Src/main.c.obj
                0x200004f7                lcd_init_status
 .bss.FSMC_Initialized
                0x200004f8        0x4 CMakeFiles/AIAssistant_Proj.dir/Core/Src/fsmc.c.obj
 .bss.hsram2    0x200004fc       0x50 CMakeFiles/AIAssistant_Proj.dir/Core/Src/fsmc.c.obj
                0x200004fc                hsram2
 .bss.hsram1    0x2000054c       0x50 CMakeFiles/AIAssistant_Proj.dir/Core/Src/fsmc.c.obj
                0x2000054c                hsram1
 .bss.htim6     0x2000059c       0x48 CMakeFiles/AIAssistant_Proj.dir/Core/Src/stm32f4xx_hal_timebase_tim.c.obj
                0x2000059c                htim6
 *(COMMON)
                0x200005e4                        . = ALIGN (0x4)
                0x200005e4                        _ebss = .
                0x200005e4                        __bss_end__ = _ebss
                [!provide]                        PROVIDE (__bss_end = .)
                [!provide]                        PROVIDE (__non_tls_bss_start = ADDR (.bss))
                [!provide]                        PROVIDE (__bss_start = __tbss_start)
                [!provide]                        PROVIDE (__bss_size = (__bss_end - __bss_start))

._user_heap_stack
                0x200005e4      0x604 load address 0x08004220
                0x200005e8                        . = ALIGN (0x8)
 *fill*         0x200005e4        0x4 
                [!provide]                        PROVIDE (end = .)
                0x200005e8                        PROVIDE (_end = .)
                0x200007e8                        . = (. + _Min_Heap_Size)
 *fill*         0x200005e8      0x200 
                0x20000be8                        . = (. + _Min_Stack_Size)
 *fill*         0x200007e8      0x400 
                0x20000be8                        . = ALIGN (0x8)

.ext_sram       0x68000000        0x0
                0x68000000                        . = ALIGN (0x4)
                0x68000000                        _sext_sram = .
 *(.ext_sram)
 *(.ext_sram*)
                0x68000000                        . = ALIGN (0x4)
                0x68000000                        _eext_sram = .

/DISCARD/
 libc.a:*(*)
 libm.a:*(*)
 libgcc.a:*(*)
OUTPUT(AIAssistant_Proj.elf elf32-littlearm)
LOAD linker stubs

.ARM.attributes
                0x00000000       0x30
 .ARM.attributes
                0x00000000       0x22 /home/xiucong/ToolChains/STM32Clt/GNU-tools-for-STM32/bin/../lib/gcc/arm-none-eabi/14.3.1/thumb/v7e-m+fp/hard/crti.o
 .ARM.attributes
                0x00000022       0x34 /home/xiucong/ToolChains/STM32Clt/GNU-tools-for-STM32/bin/../lib/gcc/arm-none-eabi/14.3.1/thumb/v7e-m+fp/hard/crtbegin.o
 .ARM.attributes
                0x00000056       0x34 cmake/stm32cubemx/CMakeFiles/STM32_Drivers.dir/__/__/Core/Src/system_stm32f4xx.c.obj
 .ARM.attributes
                0x0000008a       0x34 cmake/stm32cubemx/CMakeFiles/STM32_Drivers.dir/__/__/Drivers/STM32F4xx_HAL_Driver/Src/stm32f4xx_hal_tim.c.obj
 .ARM.attributes
                0x000000be       0x34 cmake/stm32cubemx/CMakeFiles/STM32_Drivers.dir/__/__/Drivers/STM32F4xx_HAL_Driver/Src/stm32f4xx_hal_tim_ex.c.obj
 .ARM.attributes
                0x000000f2       0x34 cmake/stm32cubemx/CMakeFiles/STM32_Drivers.dir/__/__/Drivers/STM32F4xx_HAL_Driver/Src/stm32f4xx_hal_rcc.c.obj
 .ARM.attributes
                0x00000126       0x34 cmake/stm32cubemx/CMakeFiles/STM32_Drivers.dir/__/__/Drivers/STM32F4xx_HAL_Driver/Src/stm32f4xx_hal_gpio.c.obj
 .ARM.attributes
                0x0000015a       0x34 cmake/stm32cubemx/CMakeFiles/STM32_Drivers.dir/__/__/Drivers/STM32F4xx_HAL_Driver/Src/stm32f4xx_hal_cortex.c.obj
 .ARM.attributes
                0x0000018e       0x34 cmake/stm32cubemx/CMakeFiles/STM32_Drivers.dir/__/__/Drivers/STM32F4xx_HAL_Driver/Src/stm32f4xx_hal.c.obj
 .ARM.attributes
                0x000001c2       0x34 cmake/stm32cubemx/CMakeFiles/STM32_Drivers.dir/__/__/Drivers/STM32F4xx_HAL_Driver/Src/stm32f4xx_ll_fsmc.c.obj
 .ARM.attributes
                0x000001f6       0x34 cmake/stm32cubemx/CMakeFiles/STM32_Drivers.dir/__/__/Drivers/STM32F4xx_HAL_Driver/Src/stm32f4xx_hal_sram.c.obj
 .ARM.attributes
                0x0000022a       0x34 cmake/stm32cubemx/CMakeFiles/FreeRTOS.dir/__/__/Middlewares/Third_Party/FreeRTOS/Source/list.c.obj
 .ARM.attributes
                0x0000025e       0x34 cmake/stm32cubemx/CMakeFiles/FreeRTOS.dir/__/__/Middlewares/Third_Party/FreeRTOS/Source/tasks.c.obj
 .ARM.attributes
                0x00000292       0x34 cmake/stm32cubemx/CMakeFiles/FreeRTOS.dir/__/__/Middlewares/Third_Party/FreeRTOS/Source/CMSIS_RTOS_V2/cmsis_os2.c.obj
 .ARM.attributes
                0x000002c6       0x34 cmake/stm32cubemx/CMakeFiles/FreeRTOS.dir/__/__/Middlewares/Third_Party/FreeRTOS/Source/portable/GCC/ARM_CM4F/port.c.obj
 .ARM.attributes
                0x000002fa       0x34 CMakeFiles/AIAssistant_Proj.dir/Core/Src/main.c.obj
 .ARM.attributes
                0x0000032e       0x34 CMakeFiles/AIAssistant_Proj.dir/Core/Src/gpio.c.obj
 .ARM.attributes
                0x00000362       0x34 CMakeFiles/AIAssistant_Proj.dir/Core/Src/fsmc.c.obj
 .ARM.attributes
                0x00000396       0x34 CMakeFiles/AIAssistant_Proj.dir/Core/Src/stm32f4xx_it.c.obj
 .ARM.attributes
                0x000003ca       0x34 CMakeFiles/AIAssistant_Proj.dir/Core/Src/stm32f4xx_hal_msp.c.obj
 .ARM.attributes
                0x000003fe       0x34 CMakeFiles/AIAssistant_Proj.dir/Core/Src/stm32f4xx_hal_timebase_tim.c.obj
 .ARM.attributes
                0x00000432       0x21 CMakeFiles/AIAssistant_Proj.dir/startup_stm32f407xx.s.obj
 .ARM.attributes
                0x00000453       0x34 CMakeFiles/AIAssistant_Proj.dir/Firmware/src/bsp_nt35510.c.obj
 .ARM.attributes
                0x00000487       0x34 CMakeFiles/AIAssistant_Proj.dir/Firmware/src/bsp_nt35510_font.c.obj
 .ARM.attributes
                0x000004bb       0x34 CMakeFiles/AIAssistant_Proj.dir/Firmware/src/bsp_gt1151.c.obj
 .ARM.attributes
                0x000004ef       0x22 /home/xiucong/ToolChains/STM32Clt/GNU-tools-for-STM32/bin/../lib/gcc/arm-none-eabi/14.3.1/thumb/v7e-m+fp/hard/libgcc.a(_aeabi_uldivmod.o)
 .ARM.attributes
                0x00000511       0x34 /home/xiucong/ToolChains/STM32Clt/GNU-tools-for-STM32/bin/../lib/gcc/arm-none-eabi/14.3.1/thumb/v7e-m+fp/hard/libgcc.a(_udivmoddi4.o)
 .ARM.attributes
                0x00000545       0x22 /home/xiucong/ToolChains/STM32Clt/GNU-tools-for-STM32/bin/../lib/gcc/arm-none-eabi/14.3.1/thumb/v7e-m+fp/hard/libgcc.a(_dvmd_tls.o)
 .ARM.attributes
                0x00000567       0x34 /home/xiucong/ToolChains/STM32Clt/GNU-tools-for-STM32/bin/../lib/gcc/arm-none-eabi/14.3.1/../../../../arm-none-eabi/lib/thumb/v7e-m+fp/hard/libg_nano.a(libc_a-memset.o)
 .ARM.attributes
                0x0000059b       0x34 /home/xiucong/ToolChains/STM32Clt/GNU-tools-for-STM32/bin/../lib/gcc/arm-none-eabi/14.3.1/../../../../arm-none-eabi/lib/thumb/v7e-m+fp/hard/libg_nano.a(libc_a-strncmp.o)
 .ARM.attributes
                0x000005cf       0x34 /home/xiucong/ToolChains/STM32Clt/GNU-tools-for-STM32/bin/../lib/gcc/arm-none-eabi/14.3.1/../../../../arm-none-eabi/lib/thumb/v7e-m+fp/hard/libg_nano.a(libc_a-init.o)
 .ARM.attributes
                0x00000603       0x22 /home/xiucong/ToolChains/STM32Clt/GNU-tools-for-STM32/bin/../lib/gcc/arm-none-eabi/14.3.1/thumb/v7e-m+fp/hard/crtn.o

.comment        0x00000000       0x43
 .comment       0x00000000       0x43 cmake/stm32cubemx/CMakeFiles/STM32_Drivers.dir/__/__/Core/Src/system_stm32f4xx.c.obj
                                 0x44 (size before relaxing)
 .comment       0x00000043       0x44 cmake/stm32cubemx/CMakeFiles/STM32_Drivers.dir/__/__/Drivers/STM32F4xx_HAL_Driver/Src/stm32f4xx_hal_tim.c.obj
 .comment       0x00000043       0x44 cmake/stm32cubemx/CMakeFiles/STM32_Drivers.dir/__/__/Drivers/STM32F4xx_HAL_Driver/Src/stm32f4xx_hal_tim_ex.c.obj
 .comment       0x00000043       0x44 cmake/stm32cubemx/CMakeFiles/STM32_Drivers.dir/__/__/Drivers/STM32F4xx_HAL_Driver/Src/stm32f4xx_hal_rcc.c.obj
 .comment       0x00000043       0x44 cmake/stm32cubemx/CMakeFiles/STM32_Drivers.dir/__/__/Drivers/STM32F4xx_HAL_Driver/Src/stm32f4xx_hal_gpio.c.obj
 .comment       0x00000043       0x44 cmake/stm32cubemx/CMakeFiles/STM32_Drivers.dir/__/__/Drivers/STM32F4xx_HAL_Driver/Src/stm32f4xx_hal_cortex.c.obj
 .comment       0x00000043       0x44 cmake/stm32cubemx/CMakeFiles/STM32_Drivers.dir/__/__/Drivers/STM32F4xx_HAL_Driver/Src/stm32f4xx_hal.c.obj
 .comment       0x00000043       0x44 cmake/stm32cubemx/CMakeFiles/STM32_Drivers.dir/__/__/Drivers/STM32F4xx_HAL_Driver/Src/stm32f4xx_ll_fsmc.c.obj
 .comment       0x00000043       0x44 cmake/stm32cubemx/CMakeFiles/STM32_Drivers.dir/__/__/Drivers/STM32F4xx_HAL_Driver/Src/stm32f4xx_hal_sram.c.obj
 .comment       0x00000043       0x44 cmake/stm32cubemx/CMakeFiles/FreeRTOS.dir/__/__/Middlewares/Third_Party/FreeRTOS/Source/list.c.obj
 .comment       0x00000043       0x44 cmake/stm32cubemx/CMakeFiles/FreeRTOS.dir/__/__/Middlewares/Third_Party/FreeRTOS/Source/tasks.c.obj
 .comment       0x00000043       0x44 cmake/stm32cubemx/CMakeFiles/FreeRTOS.dir/__/__/Middlewares/Third_Party/FreeRTOS/Source/CMSIS_RTOS_V2/cmsis_os2.c.obj
 .comment       0x00000043       0x44 cmake/stm32cubemx/CMakeFiles/FreeRTOS.dir/__/__/Middlewares/Third_Party/FreeRTOS/Source/portable/GCC/ARM_CM4F/port.c.obj
 .comment       0x00000043       0x44 CMakeFiles/AIAssistant_Proj.dir/Core/Src/main.c.obj
 .comment       0x00000043       0x44 CMakeFiles/AIAssistant_Proj.dir/Core/Src/gpio.c.obj
 .comment       0x00000043       0x44 CMakeFiles/AIAssistant_Proj.dir/Core/Src/fsmc.c.obj
 .comment       0x00000043       0x44 CMakeFiles/AIAssistant_Proj.dir/Core/Src/stm32f4xx_it.c.obj
 .comment       0x00000043       0x44 CMakeFiles/AIAssistant_Proj.dir/Core/Src/stm32f4xx_hal_msp.c.obj
 .comment       0x00000043       0x44 CMakeFiles/AIAssistant_Proj.dir/Core/Src/stm32f4xx_hal_timebase_tim.c.obj
 .comment       0x00000043       0x44 CMakeFiles/AIAssistant_Proj.dir/Firmware/src/bsp_nt35510.c.obj
 .comment       0x00000043       0x44 CMakeFiles/AIAssistant_Proj.dir/Firmware/src/bsp_nt35510_font.c.obj
 .comment       0x00000043       0x44 CMakeFiles/AIAssistant_Proj.dir/Firmware/src/bsp_gt1151.c.obj
 .comment       0x00000043       0x44 /home/xiucong/ToolChains/STM32Clt/GNU-tools-for-STM32/bin/../lib/gcc/arm-none-eabi/14.3.1/../../../../arm-none-eabi/lib/thumb/v7e-m+fp/hard/libg_nano.a(libc_a-memset.o)
 .comment       0x00000043       0x44 /home/xiucong/ToolChains/STM32Clt/GNU-tools-for-STM32/bin/../lib/gcc/arm-none-eabi/14.3.1/../../../../arm-none-eabi/lib/thumb/v7e-m+fp/hard/libg_nano.a(libc_a-strncmp.o)
 .comment       0x00000043       0x44 /home/xiucong/ToolChains/STM32Clt/GNU-tools-for-STM32/bin/../lib/gcc/arm-none-eabi/14.3.1/../../../../arm-none-eabi/lib/thumb/v7e-m+fp/hard/libg_nano.a(libc_a-init.o)

.debug_frame    0x00000000       0xd4
 .debug_frame   0x00000000       0x2c /home/xiucong/ToolChains/STM32Clt/GNU-tools-for-STM32/bin/../lib/gcc/arm-none-eabi/14.3.1/thumb/v7e-m+fp/hard/libgcc.a(_aeabi_uldivmod.o)
 .debug_frame   0x0000002c       0x34 /home/xiucong/ToolChains/STM32Clt/GNU-tools-for-STM32/bin/../lib/gcc/arm-none-eabi/14.3.1/thumb/v7e-m+fp/hard/libgcc.a(_udivmoddi4.o)
 .debug_frame   0x00000060       0x20 /home/xiucong/ToolChains/STM32Clt/GNU-tools-for-STM32/bin/../lib/gcc/arm-none-eabi/14.3.1/../../../../arm-none-eabi/lib/thumb/v7e-m+fp/hard/libg_nano.a(libc_a-memset.o)
 .debug_frame   0x00000080       0x28 /home/xiucong/ToolChains/STM32Clt/GNU-tools-for-STM32/bin/../lib/gcc/arm-none-eabi/14.3.1/../../../../arm-none-eabi/lib/thumb/v7e-m+fp/hard/libg_nano.a(libc_a-strncmp.o)
 .debug_frame   0x000000a8       0x2c /home/xiucong/ToolChains/STM32Clt/GNU-tools-for-STM32/bin/../lib/gcc/arm-none-eabi/14.3.1/../../../../arm-none-eabi/lib/thumb/v7e-m+fp/hard/libg_nano.a(libc_a-init.o)

.debug_info     0x00000000      0x2c9
 .debug_info    0x00000000       0xe0 /home/xiucong/ToolChains/STM32Clt/GNU-tools-for-STM32/bin/../lib/gcc/arm-none-eabi/14.3.1/../../../../arm-none-eabi/lib/thumb/v7e-m+fp/hard/libg_nano.a(libc_a-memset.o)
 .debug_info    0x000000e0       0xde /home/xiucong/ToolChains/STM32Clt/GNU-tools-for-STM32/bin/../lib/gcc/arm-none-eabi/14.3.1/../../../../arm-none-eabi/lib/thumb/v7e-m+fp/hard/libg_nano.a(libc_a-strncmp.o)
 .debug_info    0x000001be      0x10b /home/xiucong/ToolChains/STM32Clt/GNU-tools-for-STM32/bin/../lib/gcc/arm-none-eabi/14.3.1/../../../../arm-none-eabi/lib/thumb/v7e-m+fp/hard/libg_nano.a(libc_a-init.o)

.debug_abbrev   0x00000000      0x1e0
 .debug_abbrev  0x00000000       0x9e /home/xiucong/ToolChains/STM32Clt/GNU-tools-for-STM32/bin/../lib/gcc/arm-none-eabi/14.3.1/../../../../arm-none-eabi/lib/thumb/v7e-m+fp/hard/libg_nano.a(libc_a-memset.o)
 .debug_abbrev  0x0000009e       0x79 /home/xiucong/ToolChains/STM32Clt/GNU-tools-for-STM32/bin/../lib/gcc/arm-none-eabi/14.3.1/../../../../arm-none-eabi/lib/thumb/v7e-m+fp/hard/libg_nano.a(libc_a-strncmp.o)
 .debug_abbrev  0x00000117       0xc9 /home/xiucong/ToolChains/STM32Clt/GNU-tools-for-STM32/bin/../lib/gcc/arm-none-eabi/14.3.1/../../../../arm-none-eabi/lib/thumb/v7e-m+fp/hard/libg_nano.a(libc_a-init.o)

.debug_loclists
                0x00000000      0x1a5
 .debug_loclists
                0x00000000       0x4d /home/xiucong/ToolChains/STM32Clt/GNU-tools-for-STM32/bin/../lib/gcc/arm-none-eabi/14.3.1/../../../../arm-none-eabi/lib/thumb/v7e-m+fp/hard/libg_nano.a(libc_a-memset.o)
 .debug_loclists
                0x0000004d      0x104 /home/xiucong/ToolChains/STM32Clt/GNU-tools-for-STM32/bin/../lib/gcc/arm-none-eabi/14.3.1/../../../../arm-none-eabi/lib/thumb/v7e-m+fp/hard/libg_nano.a(libc_a-strncmp.o)
 .debug_loclists
                0x00000151       0x54 /home/xiucong/ToolChains/STM32Clt/GNU-tools-for-STM32/bin/../lib/gcc/arm-none-eabi/14.3.1/../../../../arm-none-eabi/lib/thumb/v7e-m+fp/hard/libg_nano.a(libc_a-init.o)

.debug_aranges  0x00000000       0x60
 .debug_aranges
                0x00000000       0x20 /home/xiucong/ToolChains/STM32Clt/GNU-tools-for-STM32/bin/../lib/gcc/arm-none-eabi/14.3.1/../../../../arm-none-eabi/lib/thumb/v7e-m+fp/hard/libg_nano.a(libc_a-memset.o)
 .debug_aranges
                0x00000020       0x20 /home/xiucong/ToolChains/STM32Clt/GNU-tools-for-STM32/bin/../lib/gcc/arm-none-eabi/14.3.1/../../../../arm-none-eabi/lib/thumb/v7e-m+fp/hard/libg_nano.a(libc_a-strncmp.o)
 .debug_aranges
                0x00000040       0x20 /home/xiucong/ToolChains/STM32Clt/GNU-tools-for-STM32/bin/../lib/gcc/arm-none-eabi/14.3.1/../../../../arm-none-eabi/lib/thumb/v7e-m+fp/hard/libg_nano.a(libc_a-init.o)

.debug_rnglists
                0x00000000       0x39
 .debug_rnglists
                0x00000000       0x13 /home/xiucong/ToolChains/STM32Clt/GNU-tools-for-STM32/bin/../lib/gcc/arm-none-eabi/14.3.1/../../../../arm-none-eabi/lib/thumb/v7e-m+fp/hard/libg_nano.a(libc_a-memset.o)
 .debug_rnglists
                0x00000013       0x13 /home/xiucong/ToolChains/STM32Clt/GNU-tools-for-STM32/bin/../lib/gcc/arm-none-eabi/14.3.1/../../../../arm-none-eabi/lib/thumb/v7e-m+fp/hard/libg_nano.a(libc_a-strncmp.o)
 .debug_rnglists
                0x00000026       0x13 /home/xiucong/ToolChains/STM32Clt/GNU-tools-for-STM32/bin/../lib/gcc/arm-none-eabi/14.3.1/../../../../arm-none-eabi/lib/thumb/v7e-m+fp/hard/libg_nano.a(libc_a-init.o)

.debug_line     0x00000000      0x48a
 .debug_line    0x00000000      0x17e /home/xiucong/ToolChains/STM32Clt/GNU-tools-for-STM32/bin/../lib/gcc/arm-none-eabi/14.3.1/../../../../arm-none-eabi/lib/thumb/v7e-m+fp/hard/libg_nano.a(libc_a-memset.o)
 .debug_line    0x0000017e      0x1a4 /home/xiucong/ToolChains/STM32Clt/GNU-tools-for-STM32/bin/../lib/gcc/arm-none-eabi/14.3.1/../../../../arm-none-eabi/lib/thumb/v7e-m+fp/hard/libg_nano.a(libc_a-strncmp.o)
 .debug_line    0x00000322      0x168 /home/xiucong/ToolChains/STM32Clt/GNU-tools-for-STM32/bin/../lib/gcc/arm-none-eabi/14.3.1/../../../../arm-none-eabi/lib/thumb/v7e-m+fp/hard/libg_nano.a(libc_a-init.o)

.debug_str      0x00000000      0x2fd
 .debug_str     0x00000000      0x2fd /home/xiucong/ToolChains/STM32Clt/GNU-tools-for-STM32/bin/../lib/gcc/arm-none-eabi/14.3.1/../../../../arm-none-eabi/lib/thumb/v7e-m+fp/hard/libg_nano.a(libc_a-memset.o)
                                0x211 (size before relaxing)
 .debug_str     0x000002fd      0x213 /home/xiucong/ToolChains/STM32Clt/GNU-tools-for-STM32/bin/../lib/gcc/arm-none-eabi/14.3.1/../../../../arm-none-eabi/lib/thumb/v7e-m+fp/hard/libg_nano.a(libc_a-strncmp.o)
 .debug_str     0x000002fd      0x272 /home/xiucong/ToolChains/STM32Clt/GNU-tools-for-STM32/bin/../lib/gcc/arm-none-eabi/14.3.1/../../../../arm-none-eabi/lib/thumb/v7e-m+fp/hard/libg_nano.a(libc_a-init.o)
