/media/xiucong/3A7D61EB7DF8AB6B/Ubuntu_Proj/ARM_Proj/AIAssistant_Proj/Drivers/STM32F4xx_HAL_Driver/Src/stm32f4xx_ll_fsmc.c:220:20:FSMC_NORSRAM_Init	16	static
/media/xiucong/3A7D61EB7DF8AB6B/Ubuntu_Proj/ARM_Proj/AIAssistant_Proj/Drivers/STM32F4xx_HAL_Driver/Src/stm32f4xx_ll_fsmc.c:342:19:FSMC_NORSRAM_DeInit	8	static
/media/xiucong/3A7D61EB7DF8AB6B/Ubuntu_Proj/ARM_Proj/AIAssistant_Proj/Drivers/STM32F4xx_HAL_Driver/Src/stm32f4xx_ll_fsmc.c:379:19:FSMC_NORSRAM_Timing_Init	8	static
/media/xiucong/3A7D61EB7DF8AB6B/Ubuntu_Proj/ARM_Proj/AIAssistant_Proj/Drivers/STM32F4xx_HAL_Driver/Src/stm32f4xx_ll_fsmc.c:432:19:FSMC_NORSRAM_Extended_Timing_Init	12	static
/media/xiucong/3A7D61EB7DF8AB6B/Ubuntu_Proj/ARM_Proj/AIAssistant_Proj/Drivers/STM32F4xx_HAL_Driver/Src/stm32f4xx_ll_fsmc.c:490:19:FSMC_NORSRAM_WriteOperation_Enable	0	static
/media/xiucong/3A7D61EB7DF8AB6B/Ubuntu_Proj/ARM_Proj/AIAssistant_Proj/Drivers/STM32F4xx_HAL_Driver/Src/stm32f4xx_ll_fsmc.c:508:19:FSMC_NORSRAM_WriteOperation_Disable	0	static
/media/xiucong/3A7D61EB7DF8AB6B/Ubuntu_Proj/ARM_Proj/AIAssistant_Proj/Drivers/STM32F4xx_HAL_Driver/Src/stm32f4xx_ll_fsmc.c:580:19:FSMC_NAND_Init	20	static
/media/xiucong/3A7D61EB7DF8AB6B/Ubuntu_Proj/ARM_Proj/AIAssistant_Proj/Drivers/STM32F4xx_HAL_Driver/Src/stm32f4xx_ll_fsmc.c:627:19:FSMC_NAND_CommonSpace_Timing_Init	8	static
/media/xiucong/3A7D61EB7DF8AB6B/Ubuntu_Proj/ARM_Proj/AIAssistant_Proj/Drivers/STM32F4xx_HAL_Driver/Src/stm32f4xx_ll_fsmc.c:667:19:FSMC_NAND_AttributeSpace_Timing_Init	8	static
/media/xiucong/3A7D61EB7DF8AB6B/Ubuntu_Proj/ARM_Proj/AIAssistant_Proj/Drivers/STM32F4xx_HAL_Driver/Src/stm32f4xx_ll_fsmc.c:705:19:FSMC_NAND_DeInit	0	static
/media/xiucong/3A7D61EB7DF8AB6B/Ubuntu_Proj/ARM_Proj/AIAssistant_Proj/Drivers/STM32F4xx_HAL_Driver/Src/stm32f4xx_ll_fsmc.c:762:19:FSMC_NAND_ECC_Enable	0	static
/media/xiucong/3A7D61EB7DF8AB6B/Ubuntu_Proj/ARM_Proj/AIAssistant_Proj/Drivers/STM32F4xx_HAL_Driver/Src/stm32f4xx_ll_fsmc.c:788:19:FSMC_NAND_ECC_Disable	0	static
/media/xiucong/3A7D61EB7DF8AB6B/Ubuntu_Proj/ARM_Proj/AIAssistant_Proj/Drivers/STM32F4xx_HAL_Driver/Src/stm32f4xx_ll_fsmc.c:815:19:FSMC_NAND_GetECC	24	static
/media/xiucong/3A7D61EB7DF8AB6B/Ubuntu_Proj/ARM_Proj/AIAssistant_Proj/Drivers/STM32F4xx_HAL_Driver/Src/stm32f4xx_ll_fsmc.c:908:19:FSMC_PCCARD_Init	0	static
/media/xiucong/3A7D61EB7DF8AB6B/Ubuntu_Proj/ARM_Proj/AIAssistant_Proj/Drivers/STM32F4xx_HAL_Driver/Src/stm32f4xx_ll_fsmc.c:941:19:FSMC_PCCARD_CommonSpace_Timing_Init	0	static
/media/xiucong/3A7D61EB7DF8AB6B/Ubuntu_Proj/ARM_Proj/AIAssistant_Proj/Drivers/STM32F4xx_HAL_Driver/Src/stm32f4xx_ll_fsmc.c:969:19:FSMC_PCCARD_AttributeSpace_Timing_Init	0	static
/media/xiucong/3A7D61EB7DF8AB6B/Ubuntu_Proj/ARM_Proj/AIAssistant_Proj/Drivers/STM32F4xx_HAL_Driver/Src/stm32f4xx_ll_fsmc.c:997:19:FSMC_PCCARD_IOSpace_Timing_Init	0	static
/media/xiucong/3A7D61EB7DF8AB6B/Ubuntu_Proj/ARM_Proj/AIAssistant_Proj/Drivers/STM32F4xx_HAL_Driver/Src/stm32f4xx_ll_fsmc.c:1023:19:FSMC_PCCARD_DeInit	0	static
