/media/xiucong/3A7D61EB7DF8AB6B/Ubuntu_Proj/ARM_Proj/AIAssistant_Proj/LVGL/LVGL_src/widgets/lv_checkbox.c:120:13:lv_checkbox_constructor	8	static
/media/xiucong/3A7D61EB7DF8AB6B/Ubuntu_Proj/ARM_Proj/AIAssistant_Proj/LVGL/LVGL_src/widgets/lv_checkbox.c:136:13:lv_checkbox_destructor	16	static
/media/xiucong/3A7D61EB7DF8AB6B/Ubuntu_Proj/ARM_Proj/AIAssistant_Proj/LVGL/LVGL_src/widgets/lv_checkbox.c:149:13:lv_checkbox_event	264	static
/media/xiucong/3A7D61EB7DF8AB6B/Ubuntu_Proj/ARM_Proj/AIAssistant_Proj/LVGL/LVGL_src/widgets/lv_checkbox.c:56:12:lv_checkbox_create	8	static
/media/xiucong/3A7D61EB7DF8AB6B/Ubuntu_Proj/ARM_Proj/AIAssistant_Proj/LVGL/LVGL_src/widgets/lv_checkbox.c:68:6:lv_checkbox_set_text	16	static
/media/xiucong/3A7D61EB7DF8AB6B/Ubuntu_Proj/ARM_Proj/AIAssistant_Proj/LVGL/LVGL_src/widgets/lv_checkbox.c:93:6:lv_checkbox_set_text_static	16	static
/media/xiucong/3A7D61EB7DF8AB6B/Ubuntu_Proj/ARM_Proj/AIAssistant_Proj/LVGL/LVGL_src/widgets/lv_checkbox.c:110:14:lv_checkbox_get_text	0	static
