/media/xiucong/3A7D61EB7DF8AB6B/Ubuntu_Proj/ARM_Proj/AIAssistant_Proj/LVGL/LVGL_src/widgets/lv_switch.c:227:13:lv_switch_anim_ready	0	static
/media/xiucong/3A7D61EB7DF8AB6B/Ubuntu_Proj/ARM_Proj/AIAssistant_Proj/LVGL/LVGL_src/widgets/lv_switch.c:217:13:lv_switch_anim_exec_cb	0	static
/media/xiucong/3A7D61EB7DF8AB6B/Ubuntu_Proj/ARM_Proj/AIAssistant_Proj/LVGL/LVGL_src/widgets/lv_switch.c:101:13:lv_switch_destructor	0	static
/media/xiucong/3A7D61EB7DF8AB6B/Ubuntu_Proj/ARM_Proj/AIAssistant_Proj/LVGL/LVGL_src/widgets/lv_switch.c:85:13:lv_switch_constructor	8	static
/media/xiucong/3A7D61EB7DF8AB6B/Ubuntu_Proj/ARM_Proj/AIAssistant_Proj/LVGL/LVGL_src/widgets/lv_switch.c:109:13:lv_switch_event	176	static
/media/xiucong/3A7D61EB7DF8AB6B/Ubuntu_Proj/ARM_Proj/AIAssistant_Proj/LVGL/LVGL_src/widgets/lv_switch.c:73:12:lv_switch_create	8	static
