/media/xiucong/3A7D61EB7DF8AB6B/Ubuntu_Proj/ARM_Proj/AIAssistant_Proj/LVGL/LVGL_src/extra/widgets/calendar/lv_calendar_header_arrow.c:63:13:my_constructor	16	static
/media/xiucong/3A7D61EB7DF8AB6B/Ubuntu_Proj/ARM_Proj/AIAssistant_Proj/LVGL/LVGL_src/extra/widgets/calendar/lv_calendar_header_arrow.c:138:13:value_changed_event_cb	16	static
/media/xiucong/3A7D61EB7DF8AB6B/Ubuntu_Proj/ARM_Proj/AIAssistant_Proj/LVGL/LVGL_src/extra/widgets/calendar/lv_calendar_header_arrow.c:101:13:month_event_cb	24	static
/media/xiucong/3A7D61EB7DF8AB6B/Ubuntu_Proj/ARM_Proj/AIAssistant_Proj/LVGL/LVGL_src/extra/widgets/calendar/lv_calendar_header_arrow.c:52:12:lv_calendar_header_arrow_create	8	static
