/media/xiucong/3A7D61EB7DF8AB6B/Ubuntu_Proj/ARM_Proj/AIAssistant_Proj/Firmware/src/bsp_gt1151.c:49:13:GT1151_Delay	8	static,ignoring_inline_asm
/media/xiucong/3A7D61EB7DF8AB6B/Ubuntu_Proj/ARM_Proj/AIAssistant_Proj/Firmware/src/bsp_gt1151.c:64:13:GT1151_SDA_OutMode	32	static
/media/xiucong/3A7D61EB7DF8AB6B/Ubuntu_Proj/ARM_Proj/AIAssistant_Proj/Firmware/src/bsp_gt1151.c:90:13:GT1151_I2C_Start	8	static
/media/xiucong/3A7D61EB7DF8AB6B/Ubuntu_Proj/ARM_Proj/AIAssistant_Proj/Firmware/src/bsp_gt1151.c:103:13:GT1151_I2C_Stop	8	static
/media/xiucong/3A7D61EB7DF8AB6B/Ubuntu_Proj/ARM_Proj/AIAssistant_Proj/Firmware/src/bsp_gt1151.c:77:13:GT1151_SDA_InMode	32	static
/media/xiucong/3A7D61EB7DF8AB6B/Ubuntu_Proj/ARM_Proj/AIAssistant_Proj/Firmware/src/bsp_gt1151.c:120:13:GT1151_I2C_WriteByte	16	static
/media/xiucong/3A7D61EB7DF8AB6B/Ubuntu_Proj/ARM_Proj/AIAssistant_Proj/Firmware/src/bsp_gt1151.c:248:22:GT1151_ReadReg	32	static
/media/xiucong/3A7D61EB7DF8AB6B/Ubuntu_Proj/ARM_Proj/AIAssistant_Proj/Firmware/src/bsp_gt1151.c:319:15:BSP_GT1151_ReadID	24	static
/media/xiucong/3A7D61EB7DF8AB6B/Ubuntu_Proj/ARM_Proj/AIAssistant_Proj/Firmware/src/bsp_gt1151.c:338:15:BSP_GT1151_Init	88	static
/media/xiucong/3A7D61EB7DF8AB6B/Ubuntu_Proj/ARM_Proj/AIAssistant_Proj/Firmware/src/bsp_gt1151.c:376:6:BSP_GT1151_IsPressed	8	static
/media/xiucong/3A7D61EB7DF8AB6B/Ubuntu_Proj/ARM_Proj/AIAssistant_Proj/Firmware/src/bsp_gt1151.c:382:9:BSP_GT1151_Scan	40	static
