/media/xiucong/3A7D61EB7DF8AB6B/Ubuntu_Proj/ARM_Proj/AIAssistant_Proj/Firmware/src/bsp_nt35510.c:201:13:nt35510_select_command_page	0	static
/media/xiucong/3A7D61EB7DF8AB6B/Ubuntu_Proj/ARM_Proj/AIAssistant_Proj/Firmware/src/bsp_nt35510.c:355:13:nt35510_write_address	0	static
/media/xiucong/3A7D61EB7DF8AB6B/Ubuntu_Proj/ARM_Proj/AIAssistant_Proj/Firmware/src/bsp_nt35510.c:371:13:nt35510_set_address_window	16	static
/media/xiucong/3A7D61EB7DF8AB6B/Ubuntu_Proj/ARM_Proj/AIAssistant_Proj/Firmware/src/bsp_nt35510.c:403:13:nt35510_write_solid_pixels	0	static
/media/xiucong/3A7D61EB7DF8AB6B/Ubuntu_Proj/ARM_Proj/AIAssistant_Proj/Firmware/src/bsp_nt35510.c:432:13:nt35510_apply_orientation	8	static
/media/xiucong/3A7D61EB7DF8AB6B/Ubuntu_Proj/ARM_Proj/AIAssistant_Proj/Firmware/src/bsp_nt35510.c:470:13:nt35510_clip_rectangle	20	static
/media/xiucong/3A7D61EB7DF8AB6B/Ubuntu_Proj/ARM_Proj/AIAssistant_Proj/Firmware/src/bsp_nt35510.c:505:13:nt35510_draw_pixel_unchecked	8	static
/media/xiucong/3A7D61EB7DF8AB6B/Ubuntu_Proj/ARM_Proj/AIAssistant_Proj/Firmware/src/bsp_nt35510.c:546:16:nt35510_line_out_code	0	static
/media/xiucong/3A7D61EB7DF8AB6B/Ubuntu_Proj/ARM_Proj/AIAssistant_Proj/Firmware/src/bsp_nt35510.c:520:13:nt35510_draw_pixel_signed	4	static
/media/xiucong/3A7D61EB7DF8AB6B/Ubuntu_Proj/ARM_Proj/AIAssistant_Proj/Firmware/src/bsp_nt35510.c:776:6:BSP_NT35510_IsReady	0	static
/media/xiucong/3A7D61EB7DF8AB6B/Ubuntu_Proj/ARM_Proj/AIAssistant_Proj/Firmware/src/bsp_nt35510.c:785:10:BSP_NT35510_GetDeviceId	0	static
/media/xiucong/3A7D61EB7DF8AB6B/Ubuntu_Proj/ARM_Proj/AIAssistant_Proj/Firmware/src/bsp_nt35510.c:794:10:BSP_NT35510_GetRawDeviceId	0	static
/media/xiucong/3A7D61EB7DF8AB6B/Ubuntu_Proj/ARM_Proj/AIAssistant_Proj/Firmware/src/bsp_nt35510.c:803:10:BSP_NT35510_GetWidth	0	static
/media/xiucong/3A7D61EB7DF8AB6B/Ubuntu_Proj/ARM_Proj/AIAssistant_Proj/Firmware/src/bsp_nt35510.c:812:10:BSP_NT35510_GetHeight	0	static
/media/xiucong/3A7D61EB7DF8AB6B/Ubuntu_Proj/ARM_Proj/AIAssistant_Proj/Firmware/src/bsp_nt35510.c:821:25:BSP_NT35510_GetOrientation	0	static
/media/xiucong/3A7D61EB7DF8AB6B/Ubuntu_Proj/ARM_Proj/AIAssistant_Proj/Firmware/src/bsp_nt35510.c:834:6:BSP_NT35510_SetOrientation	0	static
/media/xiucong/3A7D61EB7DF8AB6B/Ubuntu_Proj/ARM_Proj/AIAssistant_Proj/Firmware/src/bsp_nt35510.c:850:6:BSP_NT35510_SetBacklight	0	static
/media/xiucong/3A7D61EB7DF8AB6B/Ubuntu_Proj/ARM_Proj/AIAssistant_Proj/Firmware/src/bsp_nt35510.c:762:6:BSP_NT35510_Deinit	8	static
/media/xiucong/3A7D61EB7DF8AB6B/Ubuntu_Proj/ARM_Proj/AIAssistant_Proj/Firmware/src/bsp_nt35510.c:866:6:BSP_NT35510_DisplayOn	0	static
/media/xiucong/3A7D61EB7DF8AB6B/Ubuntu_Proj/ARM_Proj/AIAssistant_Proj/Firmware/src/bsp_nt35510.c:879:6:BSP_NT35510_DisplayOff	0	static
/media/xiucong/3A7D61EB7DF8AB6B/Ubuntu_Proj/ARM_Proj/AIAssistant_Proj/Firmware/src/bsp_nt35510.c:893:6:BSP_NT35510_Clear	16	static
/media/xiucong/3A7D61EB7DF8AB6B/Ubuntu_Proj/ARM_Proj/AIAssistant_Proj/Firmware/src/bsp_nt35510.c:719:20:BSP_NT35510_Init	88	static
/media/xiucong/3A7D61EB7DF8AB6B/Ubuntu_Proj/ARM_Proj/AIAssistant_Proj/Firmware/src/bsp_nt35510.c:918:6:BSP_NT35510_FillRect	24	static
/media/xiucong/3A7D61EB7DF8AB6B/Ubuntu_Proj/ARM_Proj/AIAssistant_Proj/Firmware/src/bsp_nt35510.c:932:6:BSP_NT35510_PreparePixelWrite	24	static
/media/xiucong/3A7D61EB7DF8AB6B/Ubuntu_Proj/ARM_Proj/AIAssistant_Proj/Firmware/src/bsp_nt35510.c:956:6:BSP_NT35510_WritePixelsFast	24	static
/media/xiucong/3A7D61EB7DF8AB6B/Ubuntu_Proj/ARM_Proj/AIAssistant_Proj/Firmware/src/bsp_nt35510.c:1006:6:BSP_NT35510_WritePixels	32	static
/media/xiucong/3A7D61EB7DF8AB6B/Ubuntu_Proj/ARM_Proj/AIAssistant_Proj/Firmware/src/bsp_nt35510.c:1045:6:BSP_NT35510_DrawPixel	12	static
/media/xiucong/3A7D61EB7DF8AB6B/Ubuntu_Proj/ARM_Proj/AIAssistant_Proj/Firmware/src/bsp_nt35510.c:1064:6:BSP_NT35510_ReadPixel	24	static
/media/xiucong/3A7D61EB7DF8AB6B/Ubuntu_Proj/ARM_Proj/AIAssistant_Proj/Firmware/src/bsp_nt35510.c:1099:6:BSP_NT35510_DrawLine	56	static
/media/xiucong/3A7D61EB7DF8AB6B/Ubuntu_Proj/ARM_Proj/AIAssistant_Proj/Firmware/src/bsp_nt35510.c:1183:6:BSP_NT35510_DrawRect	40	static
/media/xiucong/3A7D61EB7DF8AB6B/Ubuntu_Proj/ARM_Proj/AIAssistant_Proj/Firmware/src/bsp_nt35510.c:1221:6:BSP_NT35510_DrawCircle	48	static
/media/xiucong/3A7D61EB7DF8AB6B/Ubuntu_Proj/ARM_Proj/AIAssistant_Proj/Firmware/src/bsp_nt35510.c:1281:6:BSP_NT35510_DrawChar	48	static
/media/xiucong/3A7D61EB7DF8AB6B/Ubuntu_Proj/ARM_Proj/AIAssistant_Proj/Firmware/src/bsp_nt35510.c:1345:6:BSP_NT35510_DrawString	72	static
/media/xiucong/3A7D61EB7DF8AB6B/Ubuntu_Proj/ARM_Proj/AIAssistant_Proj/Firmware/src/bsp_nt35510.c:1420:6:BSP_NT35510_DrawUInt	96	static
