/media/xiucong/3A7D61EB7DF8AB6B/Ubuntu_Proj/ARM_Proj/AIAssistant_Proj/Firmware/src/bsp_fsmc_lcd.c:11:13:lcd_delay_us	0	static,ignoring_inline_asm
/media/xiucong/3A7D61EB7DF8AB6B/Ubuntu_Proj/ARM_Proj/AIAssistant_Proj/Firmware/src/bsp_fsmc_lcd.c:59:26:lcd_bus_timing_config	72	static
/media/xiucong/3A7D61EB7DF8AB6B/Ubuntu_Proj/ARM_Proj/AIAssistant_Proj/Firmware/src/bsp_fsmc_lcd.c:130:6:BSP_FSMC_LCD_WriteCommand	8	static
/media/xiucong/3A7D61EB7DF8AB6B/Ubuntu_Proj/ARM_Proj/AIAssistant_Proj/Firmware/src/bsp_fsmc_lcd.c:137:6:BSP_FSMC_LCD_WriteData	8	static
/media/xiucong/3A7D61EB7DF8AB6B/Ubuntu_Proj/ARM_Proj/AIAssistant_Proj/Firmware/src/bsp_fsmc_lcd.c:144:5:BSP_FSMC_LCD_ReadData	8	static
/media/xiucong/3A7D61EB7DF8AB6B/Ubuntu_Proj/ARM_Proj/AIAssistant_Proj/Firmware/src/bsp_fsmc_lcd.c:153:6:BSP_FSMC_LCD_WriteReg	0	static
/media/xiucong/3A7D61EB7DF8AB6B/Ubuntu_Proj/ARM_Proj/AIAssistant_Proj/Firmware/src/bsp_fsmc_lcd.c:161:5:BSP_FSMC_LCD_ReadReg	8	static
/media/xiucong/3A7D61EB7DF8AB6B/Ubuntu_Proj/ARM_Proj/AIAssistant_Proj/Firmware/src/bsp_fsmc_lcd.c:168:6:BSP_FSMC_LCD_WriteRAMPrepare	0	static
/media/xiucong/3A7D61EB7DF8AB6B/Ubuntu_Proj/ARM_Proj/AIAssistant_Proj/Firmware/src/bsp_fsmc_lcd.c:174:6:BSP_FSMC_LCD_WriteRAM	0	static
/media/xiucong/3A7D61EB7DF8AB6B/Ubuntu_Proj/ARM_Proj/AIAssistant_Proj/Firmware/src/bsp_fsmc_lcd.c:182:5:BSP_FSMC_LCD_BGR2RGB	0	static
/media/xiucong/3A7D61EB7DF8AB6B/Ubuntu_Proj/ARM_Proj/AIAssistant_Proj/Firmware/src/bsp_fsmc_lcd.c:222:6:BSP_FSMC_LCD_DisplayOn	0	static
/media/xiucong/3A7D61EB7DF8AB6B/Ubuntu_Proj/ARM_Proj/AIAssistant_Proj/Firmware/src/bsp_fsmc_lcd.c:234:6:BSP_FSMC_LCD_DisplayOff	0	static
/media/xiucong/3A7D61EB7DF8AB6B/Ubuntu_Proj/ARM_Proj/AIAssistant_Proj/Firmware/src/bsp_fsmc_lcd.c:248:6:BSP_FSMC_LCD_SetCursor	40	static
/media/xiucong/3A7D61EB7DF8AB6B/Ubuntu_Proj/ARM_Proj/AIAssistant_Proj/Firmware/src/bsp_fsmc_lcd.c:194:5:BSP_FSMC_LCD_ReadPoint	8	static
/media/xiucong/3A7D61EB7DF8AB6B/Ubuntu_Proj/ARM_Proj/AIAssistant_Proj/Firmware/src/bsp_fsmc_lcd.c:305:6:BSP_FSMC_LCD_ScanDir	16	static
/media/xiucong/3A7D61EB7DF8AB6B/Ubuntu_Proj/ARM_Proj/AIAssistant_Proj/Firmware/src/bsp_fsmc_lcd.c:454:6:BSP_FSMC_LCD_DrawPoint	8	static
/media/xiucong/3A7D61EB7DF8AB6B/Ubuntu_Proj/ARM_Proj/AIAssistant_Proj/Firmware/src/bsp_fsmc_lcd.c:464:6:BSP_FSMC_LCD_FastDrawPoint	32	static
/media/xiucong/3A7D61EB7DF8AB6B/Ubuntu_Proj/ARM_Proj/AIAssistant_Proj/Firmware/src/bsp_fsmc_lcd.c:510:6:BSP_FSMC_LCD_SSDBackLightSet	8	static
/media/xiucong/3A7D61EB7DF8AB6B/Ubuntu_Proj/ARM_Proj/AIAssistant_Proj/Firmware/src/bsp_fsmc_lcd.c:523:6:BSP_FSMC_LCD_DisplayDir	4	static
/media/xiucong/3A7D61EB7DF8AB6B/Ubuntu_Proj/ARM_Proj/AIAssistant_Proj/Firmware/src/bsp_fsmc_lcd.c:603:6:BSP_FSMC_LCD_SetWindow	48	static
/media/xiucong/3A7D61EB7DF8AB6B/Ubuntu_Proj/ARM_Proj/AIAssistant_Proj/Firmware/src/bsp_fsmc_lcd.c:2109:4:BSP_FSMC_LCD_IsReady	0	static
/media/xiucong/3A7D61EB7DF8AB6B/Ubuntu_Proj/ARM_Proj/AIAssistant_Proj/Firmware/src/bsp_fsmc_lcd.c:2116:6:BSP_FSMC_LCD_Clear	16	static
/media/xiucong/3A7D61EB7DF8AB6B/Ubuntu_Proj/ARM_Proj/AIAssistant_Proj/Firmware/src/bsp_fsmc_lcd.c:661:6:BSP_FSMC_LCD_Init	64	static
/media/xiucong/3A7D61EB7DF8AB6B/Ubuntu_Proj/ARM_Proj/AIAssistant_Proj/Firmware/src/bsp_fsmc_lcd.c:2135:6:BSP_FSMC_LCD_Fill	32	static
/media/xiucong/3A7D61EB7DF8AB6B/Ubuntu_Proj/ARM_Proj/AIAssistant_Proj/Firmware/src/bsp_fsmc_lcd.c:2162:6:BSP_FSMC_LCD_ColorFill	32	static
/media/xiucong/3A7D61EB7DF8AB6B/Ubuntu_Proj/ARM_Proj/AIAssistant_Proj/Firmware/src/bsp_fsmc_lcd.c:2188:6:BSP_FSMC_LCD_WriteColorBuffer	32	static
/media/xiucong/3A7D61EB7DF8AB6B/Ubuntu_Proj/ARM_Proj/AIAssistant_Proj/Firmware/src/bsp_fsmc_lcd.c:2218:6:BSP_FSMC_LCD_DrawLine	56	static
/media/xiucong/3A7D61EB7DF8AB6B/Ubuntu_Proj/ARM_Proj/AIAssistant_Proj/Firmware/src/bsp_fsmc_lcd.c:2269:6:BSP_FSMC_LCD_DrawRectangle	24	static
/media/xiucong/3A7D61EB7DF8AB6B/Ubuntu_Proj/ARM_Proj/AIAssistant_Proj/Firmware/src/bsp_fsmc_lcd.c:2279:6:BSP_FSMC_LCD_DrawCircle	56	static
/media/xiucong/3A7D61EB7DF8AB6B/Ubuntu_Proj/ARM_Proj/AIAssistant_Proj/Firmware/src/bsp_fsmc_lcd.c:2315:6:BSP_FSMC_LCD_ShowChar	64	static
/media/xiucong/3A7D61EB7DF8AB6B/Ubuntu_Proj/ARM_Proj/AIAssistant_Proj/Firmware/src/bsp_fsmc_lcd.c:2353:5:BSP_FSMC_LCD_Pow	0	static
/media/xiucong/3A7D61EB7DF8AB6B/Ubuntu_Proj/ARM_Proj/AIAssistant_Proj/Firmware/src/bsp_fsmc_lcd.c:2365:6:BSP_FSMC_LCD_ShowNum	56	static
/media/xiucong/3A7D61EB7DF8AB6B/Ubuntu_Proj/ARM_Proj/AIAssistant_Proj/Firmware/src/bsp_fsmc_lcd.c:2398:6:BSP_FSMC_LCD_ShowxNum	64	static
/media/xiucong/3A7D61EB7DF8AB6B/Ubuntu_Proj/ARM_Proj/AIAssistant_Proj/Firmware/src/bsp_fsmc_lcd.c:2429:6:BSP_FSMC_LCD_ShowString	48	static
