/media/xiucong/3A7D61EB7DF8AB6B/Ubuntu_Proj/ARM_Proj/AIAssistant_Proj/LVGL/LVGL_src/extra/widgets/tileview/lv_tileview.c:125:13:lv_tileview_constructor	8	static
/media/xiucong/3A7D61EB7DF8AB6B/Ubuntu_Proj/ARM_Proj/AIAssistant_Proj/LVGL/LVGL_src/extra/widgets/tileview/lv_tileview.c:154:13:tileview_event_cb	40	static
/media/xiucong/3A7D61EB7DF8AB6B/Ubuntu_Proj/ARM_Proj/AIAssistant_Proj/LVGL/LVGL_src/extra/widgets/tileview/lv_tileview.c:136:13:lv_tileview_tile_constructor	24	static
/media/xiucong/3A7D61EB7DF8AB6B/Ubuntu_Proj/ARM_Proj/AIAssistant_Proj/LVGL/LVGL_src/extra/widgets/tileview/lv_tileview.c:54:12:lv_tileview_create	8	static
/media/xiucong/3A7D61EB7DF8AB6B/Ubuntu_Proj/ARM_Proj/AIAssistant_Proj/LVGL/LVGL_src/extra/widgets/tileview/lv_tileview.c:66:12:lv_tileview_add_tile	8	static
/media/xiucong/3A7D61EB7DF8AB6B/Ubuntu_Proj/ARM_Proj/AIAssistant_Proj/LVGL/LVGL_src/extra/widgets/tileview/lv_tileview.c:78:6:lv_obj_set_tile	24	static
/media/xiucong/3A7D61EB7DF8AB6B/Ubuntu_Proj/ARM_Proj/AIAssistant_Proj/LVGL/LVGL_src/extra/widgets/tileview/lv_tileview.c:91:6:lv_obj_set_tile_id	32	static
/media/xiucong/3A7D61EB7DF8AB6B/Ubuntu_Proj/ARM_Proj/AIAssistant_Proj/LVGL/LVGL_src/extra/widgets/tileview/lv_tileview.c:115:12:lv_tileview_get_tile_act	0	static
